03-02 07:21:00.539  4130  4130 V DreamService[DozeService]: detach(): mActivity=null mActivity.isFinishing()=false callers=android.service.dreams.DreamService.-$$Nest$mdetach:0 android.service.dreams.DreamService$DreamServiceWrapper.$r8$lambda$K8ZJKdMDnolGoGrQgEsLeavi5Zg:0 android.service.dreams.DreamService$DreamServiceWrapper$$ExternalSyntheticLambda1.accept:0 android.service.dreams.DreamService$DreamServiceWrapper.lambda$post$0:2023 android.service.dreams.DreamService$DreamServiceWrapper$$ExternalSyntheticLambda3.run:0 
03-02 07:21:00.539  4130  4130 V DreamService[DozeService]: finish(): mFinished=true activity=null callers=android.service.dreams.DreamService.detach:1710 android.service.dreams.DreamService.-$$Nest$mdetach:0 android.service.dreams.DreamService$DreamServiceWrapper.$r8$lambda$K8ZJKdMDnolGoGrQgEsLeavi5Zg:0 android.service.dreams.DreamService$DreamServiceWrapper$$ExternalSyntheticLambda1.accept:0 android.service.dreams.DreamService$DreamServiceWrapper.lambda$post$0:2023 
03-02 07:21:00.542  4130  4130 V DreamService[DozeService]: onDestroy() callers=com.android.systemui.doze.DozeService.onDestroy:8 android.app.ActivityThread.handleStopService:5654 android.app.ActivityThread.-$$Nest$mhandleStopService:0 android.app.ActivityThread$H.handleMessage:2800 android.os.Handler.dispatchMessage:115 
03-02 07:21:00.542  4130  4130 V DreamService[DozeService]: detach(): mActivity=null mActivity.isFinishing()=false callers=android.service.dreams.DreamService.onDestroy:1592 com.android.systemui.doze.DozeService.onDestroy:8 android.app.ActivityThread.handleStopService:5654 android.app.ActivityThread.-$$Nest$mhandleStopService:0 android.app.ActivityThread$H.handleMessage:2800 
03-02 07:21:00.542  4130  4130 V DreamService[DozeService]: finish(): mFinished=true activity=null callers=android.service.dreams.DreamService.detach:1710 android.service.dreams.DreamService.onDestroy:1592 com.android.systemui.doze.DozeService.onDestroy:8 android.app.ActivityThread.handleStopService:5654 android.app.ActivityThread.-$$Nest$mhandleStopService:0 
03-02 07:21:00.565  2763  3245 I DisplayPowerController[0]: 03-02 07:21:00.564 - BrightnessEvent: brt=0.46108323 (53.0%), nits= 136.0419, lux=1379.8876, reason=automatic, strat=AutomaticBrightnessStrategy, state=ON, stateReason=KEY, policy=BRIGHT, flags=, initBrt=0.4270838, rcmdBrt=0.46108323, preBrt=0.4270838, preLux=1193.4523, hdrNits=NaN, initNits=117.134346, preNits=117.134346, rcmdNits=136.0419, sdrToHdrRatio=NaN, hdrBrightness=NaN, brt(%)=53%, brtInt=118, hbmPolicy=normal, wasShortTermModelActive=false, autoBrightness=true (default), unclampedBrt=0.46108323, hbmMax=0.86654115, hbmMode=off, thrmMax=1.0, rbcStrength=50, powerFactor=1.0, physDisp=Built-in Screen(local:4630946747577212034), logicalId=0, slowChange=true, rampSpeed=0.23228346
03-02 07:21:00.566  2763  3168 I BrightnessSynchronizer: New Update: {[44965] 0.46108323(f), mUpdatedTypes=1, mConfirmedTypes=0, mTimeUpdated=0, mState=2}
03-02 07:21:00.566  2763  3168 I BrightnessSynchronizer: [44965] New Update 0.46108323(f) set brightness values:  118(i)
03-02 07:21:00.568  2763  3168 I BrightnessSynchronizer: Swallowing update of 118(i) by update: {[44965] 0.46108323(f), mUpdatedTypes=1, mConfirmedTypes=1, mTimeUpdated=647330913, mState=2}
03-02 07:21:00.568  2763  3168 I BrightnessSynchronizer: Completed Update: {[44965] 0.46108323(f), mUpdatedTypes=1, mConfirmedTypes=1, mTimeUpdated=647330913, mState=3}
03-02 07:21:00.573  2763  4205 V ALSProbe: Enable ALS: 36273472
03-02 07:21:00.593  2763  3168 I DisplayDeviceRepository: Display device changed render timings: "Built-in Screen", renderFrameRate=90.0, presentationDeadlineNanos=11500000, appVsyncOffsetNanos=9166667, frameRateOverrides=[]
03-02 07:21:00.593  2763  3166 D WindowManager: DeferredDisplayUpdater: partially applying DisplayInfo(1220 x 2712) immediately
03-02 07:21:00.614   905   916 W Binder  : reply too large data on java level: InterfaceDescriptor = null, code = 1
03-02 07:21:00.646  2763  3164 D PowerManagerService: nativeReleaseSuspendBlocker name:PowerManagerService.Broadcasts duration ms: 0
03-02 07:21:00.661  2763  3166 D WindowManager: powerPress: eventTime=647330812 interactive=true isDefaultDisplayAwake=true isCliDisplayOn=false count=1 mShortPressOnPowerBehavior=1
03-02 07:21:00.661  2763  3166 V WindowManager: Ignoring short press of power button because the device is not interactive. interactive=true, beganFromNonInteractive=true
03-02 07:21:00.678  2763  3990 D BackgroundInstallControlService: Package event received: 0
03-02 07:21:00.772  2763  3168 I BrightnessSynchronizer: New Update: {[44966] 0.46108323(f), mUpdatedTypes=0, mConfirmedTypes=0, mTimeUpdated=0, mState=2}
03-02 07:21:00.953  1936  1958 E NetlinkEvent: NetlinkEvent::FindParam(): Parameter 'INTERFACE' not found
03-02 07:21:00.953  1936  1958 E NetlinkEvent: NetlinkEvent::FindParam(): Parameter 'STATE' not found
03-02 07:21:00.953  1936  1958 E NetlinkEvent: NetlinkEvent::FindParam(): Parameter 'TIME_NS' not found
03-02 07:21:00.953  1936  1958 E NetlinkEvent: NetlinkEvent::FindParam(): Parameter 'UID' not found
03-02 07:21:01.326  2763  5067 I ActivityManager: appDiedLocked: app=ProcessRecord{4a59123 27160:com.motorola.coresettingsext/u0a280} thread=android.os.BinderProxy@6d883aa fromBinderDied=true isKilledByAm=false reason=null
03-02 07:21:01.326  2763  5067 I ActivityManager: Process com.motorola.coresettingsext (pid 27160) has died: cch+99 SVC 
03-02 07:21:01.327  2763  5067 D RestartModeController: markWaitRestartAppIsSuicided null processName=com.motorola.coresettingsext
03-02 07:21:01.330  2763  5067 D ActivityTaskManager: handleAppDied: uid=10280,diedCount=1,lastDiedTime=647025743,forceStopUids=false
03-02 07:21:01.510  2763  3168 I DisplayDeviceRepository: Display device changed render timings: "Built-in Screen", renderFrameRate=120.00001, presentationDeadlineNanos=11500000, appVsyncOffsetNanos=833333, frameRateOverrides=[]
03-02 07:21:01.511  2763  3166 D WindowManager: DeferredDisplayUpdater: partially applying DisplayInfo(1220 x 2712) immediately
03-02 07:21:01.555  2763  3195 W ActivityManager: Rescheduling restart of crashed service com.google.android.apps.messaging/com.google.android.ims.binding.SystemBindingService in 13608659ms for mem-pressure-event
03-02 07:21:01.795  1936  1958 E NetlinkEvent: NetlinkEvent::FindParam(): Parameter 'INTERFACE' not found
03-02 07:21:01.795  1936  1958 E NetlinkEvent: NetlinkEvent::FindParam(): Parameter 'STATE' not found
03-02 07:21:01.795  1936  1958 E NetlinkEvent: NetlinkEvent::FindParam(): Parameter 'TIME_NS' not found
03-02 07:21:01.795  1936  1958 E NetlinkEvent: NetlinkEvent::FindParam(): Parameter 'UID' not found
03-02 07:21:01.889  4130  4299 V PowerManager: userActivity when=647332236 event=0 flags=0 displayId=0 by (com.android.systemui) callers=android.os.PowerManager.userActivity:1549 com.android.systemui.keyguard.KeyguardViewMediator$$ExternalSyntheticLambda0.run:52 java.util.concurrent.ThreadPoolExecutor.runWorker:1154 
03-02 07:21:01.899  2763  3168 I DisplayDeviceRepository: Display device changed render timings: "Built-in Screen", renderFrameRate=90.0, presentationDeadlineNanos=11500000, appVsyncOffsetNanos=9166667, frameRateOverrides=[]
03-02 07:21:01.901  2763  3166 D WindowManager: DeferredDisplayUpdater: partially applying DisplayInfo(1220 x 2712) immediately
03-02 07:21:01.915  4130  4130 V PowerManager: userActivity when=647332260 event=2 flags=0 displayId=0 by (com.android.systemui) callers=com.android.systemui.biometrics.UdfpsController.onFingerDown:120 com.android.systemui.statusbar.phone.CentralSurfacesCommandQueueCallbacks.handleUdfpsKey:306 com.android.systemui.statusbar.CommandQueue$H.handleMessage:299 
03-02 07:21:01.916  2763  5067 D FingerprintAuthenticationClient: onPointerPreDown
03-02 07:21:01.916  2763  5067 D FingerprintProvider/defaultHIDL: onClientStateChanged clientMonitor: {[1455] com.android.server.biometrics.sensors.fingerprint.aidl.FingerprintAuthenticationClient, proto=3, owner=com.android.systemui, cookie=0, requestId=1339, userId=0} callers: com.android.server.biometrics.sensors.ClientMonitorCompositeCallback.onClientStateChanged:65 com.android.server.biometrics.sensors.ClientMonitorCompositeCallback.onClientStateChanged:65 com.android.server.biometrics.sensors.fingerprint.aidl.FingerprintAuthenticationClient.onPointerPreDown:429 com.android.server.biometrics.sensors.fingerprint.aidl.FingerprintProvider.onPointerPreDown:800 com.android.server.biometrics.sensors.fingerprint.FingerprintService$1.onPointerPreDown:1121 
03-02 07:21:01.916  2763  5067 D BiometricStateCallback: onClientStateChanged client={[1455] com.android.server.biometrics.sensors.fingerprint.aidl.FingerprintAuthenticationClient, proto=3, owner=com.android.systemui, cookie=0, requestId=1339, userId=0} newState=10
03-02 07:21:01.917  2763  5051 V SensorOverlays: enableUdfpsHbm fpsRefreshRateRequestCallback=android.hardware.fingerprint.IUdfpsRefreshRateRequestCallback$Stub$Proxy@81b1f0a
03-02 07:21:01.917  2763  5067 D BiometricScheduler: [StateChanged] {[1455] com.android.server.biometrics.sensors.fingerprint.aidl.FingerprintAuthenticationClient, proto=3, owner=com.android.systemui, cookie=0, requestId=1339, userId=0}, state: 10
03-02 07:21:01.918  2763  5067 D BiometricUtils: notifyPerfHint durationMs=2000
03-02 07:21:01.946  2763  3168 I DisplayDeviceRepository: Display device changed render timings: "Built-in Screen", renderFrameRate=72.00001, presentationDeadlineNanos=11500000, appVsyncOffsetNanos=3611110, frameRateOverrides=[]
03-02 07:21:01.946  2763  3166 D WindowManager: DeferredDisplayUpdater: partially applying DisplayInfo(1220 x 2712) immediately
03-02 07:21:01.963  2763  3985 D FingerprintProvider/defaultHIDL: onClientStateChanged clientMonitor: {[1455] com.android.server.biometrics.sensors.fingerprint.aidl.FingerprintAuthenticationClient, proto=3, owner=com.android.systemui, cookie=0, requestId=1339, userId=0} callers: com.android.server.biometrics.sensors.ClientMonitorCompositeCallback.onClientStateChanged:65 com.android.server.biometrics.sensors.ClientMonitorCompositeCallback.onClientStateChanged:65 com.android.server.biometrics.sensors.fingerprint.aidl.FingerprintAuthenticationClient.onPointerDown:473 com.android.server.biometrics.sensors.fingerprint.aidl.FingerprintProvider.lambda$onPointerDown$16:862 com.android.server.biometrics.sensors.fingerprint.aidl.FingerprintProvider.$r8$lambda$GKDHtLTZo8kTP9SiLECkPyoybRs:0 
03-02 07:21:01.963  2763  3985 D BiometricStateCallback: onClientStateChanged client={[1455] com.android.server.biometrics.sensors.fingerprint.aidl.FingerprintAuthenticationClient, proto=3, owner=com.android.systemui, cookie=0, requestId=1339, userId=0} newState=1
03-02 07:21:01.963  2763  3985 D BiometricScheduler: [StateChanged] {[1455] com.android.server.biometrics.sensors.fingerprint.aidl.FingerprintAuthenticationClient, proto=3, owner=com.android.systemui, cookie=0, requestId=1339, userId=0}, state: 1
03-02 07:21:01.963  2763  3985 D BiometricUtils: notifyPerfHint durationMs=2000
03-02 07:21:01.970  2763  3985 V UdfpsHelper: onFingerDown | failed to cast the HIDL to V2_3
03-02 07:21:02.124  2763  3682 W ContextImpl: Calling a method in the system process without a qualified user: android.app.ContextImpl.sendBroadcastMultiplePermissions:1328 android.content.Context.sendBroadcastMultiplePermissions:2583 com.android.server.TelephonyRegistry.broadcastServiceStateChanged:4225 com.android.server.TelephonyRegistry.notifyServiceStateForPhoneId:1855 com.android.internal.telephony.ITelephonyRegistry$Stub.onTransact:629 
03-02 07:21:02.125  2763  3682 W ContextImpl: Calling a method in the system process without a qualified user: android.app.ContextImpl.sendBroadcastMultiplePermissions:1361 com.android.server.TelephonyRegistry.broadcastServiceStateChanged:4230 com.android.server.TelephonyRegistry.notifyServiceStateForPhoneId:1855 com.android.internal.telephony.ITelephonyRegistry$Stub.onTransact:629 android.os.Binder.execTransactInternal:1447 
03-02 07:21:02.125  2763  3682 W ContextImpl: Calling a method in the system process without a qualified user: android.app.ContextImpl.sendBroadcastMultiplePermissions:1361 com.android.server.TelephonyRegistry.broadcastServiceStateChanged:4239 com.android.server.TelephonyRegistry.notifyServiceStateForPhoneId:1855 com.android.internal.telephony.ITelephonyRegistry$Stub.onTransact:629 android.os.Binder.execTransactInternal:1447 
03-02 07:21:02.126  2763  3682 W ContextImpl: Calling a method in the system process without a qualified user: android.app.ContextImpl.sendBroadcastMultiplePermissions:1361 com.android.server.TelephonyRegistry.broadcastServiceStateChanged:4245 com.android.server.TelephonyRegistry.notifyServiceStateForPhoneId:1855 com.android.internal.telephony.ITelephonyRegistry$Stub.onTransact:629 android.os.Binder.execTransactInternal:1447 
03-02 07:21:02.127  2763  3196 D ActivityManager: unfreezing ProcessRecord{d2528c 29734:com.google.android.cellbroadcastreceiver/u0a343}, reason = unfreezeTemporarily, adj = 955, adjType = cch-empty, adjSource = null
03-02 07:21:02.128  2763  3196 D ActivityManager: sync unfroze 29734 com.google.android.cellbroadcastreceiver for 3
03-02 07:21:02.153  2763  3985 D FingerprintProvider/defaultHIDL: onClientStateChanged clientMonitor: {[1455] com.android.server.biometrics.sensors.fingerprint.aidl.FingerprintAuthenticationClient, proto=3, owner=com.android.systemui, cookie=0, requestId=1339, userId=0} callers: com.android.server.biometrics.sensors.ClientMonitorCompositeCallback.onClientStateChanged:65 com.android.server.biometrics.sensors.ClientMonitorCompositeCallback.onClientStateChanged:65 com.android.server.biometrics.sensors.fingerprint.aidl.FingerprintAuthenticationClient.onPointerUp:509 com.android.server.biometrics.sensors.fingerprint.aidl.FingerprintProvider.lambda$onPointerUp$17:874 com.android.server.biometrics.sensors.fingerprint.aidl.FingerprintProvider.$r8$lambda$iriqxn-VH4fNimtEsxwjAzP0gq0:0 
03-02 07:21:02.153  2763  3985 D BiometricStateCallback: onClientStateChanged client={[1455] com.android.server.biometrics.sensors.fingerprint.aidl.FingerprintAuthenticationClient, proto=3, owner=com.android.systemui, cookie=0, requestId=1339, userId=0} newState=3
03-02 07:21:02.153  2763  3985 D BiometricScheduler: [StateChanged] {[1455] com.android.server.biometrics.sensors.fingerprint.aidl.FingerprintAuthenticationClient, proto=3, owner=com.android.systemui, cookie=0, requestId=1339, userId=0}, state: 3
03-02 07:21:02.154  2763  3985 V UdfpsHelper: onFingerUp | failed to cast the HIDL to V2_3
03-02 07:21:02.155  2763  3985 D FingerprintProvider/defaultHIDL: onClientStateChanged clientMonitor: {[1455] com.android.server.biometrics.sensors.fingerprint.aidl.FingerprintAuthenticationClient, proto=3, owner=com.android.systemui, cookie=0, requestId=1339, userId=0} callers: com.android.server.biometrics.sensors.ClientMonitorCompositeCallback.onClientStateChanged:65 com.android.server.biometrics.sensors.ClientMonitorCompositeCallback.onClientStateChanged:65 com.android.server.biometrics.sensors.fingerprint.aidl.FingerprintAuthenticationClient.onPointerUp:509 com.android.server.biometrics.sensors.fingerprint.aidl.FingerprintProvider.lambda$onPointerUp$17:874 com.android.server.biometrics.sensors.fingerprint.aidl.FingerprintProvider.$r8$lambda$iriqxn-VH4fNimtEsxwjAzP0gq0:0 
03-02 07:21:02.155  2763  3985 D BiometricStateCallback: onClientStateChanged client={[1455] com.android.server.biometrics.sensors.fingerprint.aidl.FingerprintAuthenticationClient, proto=3, owner=com.android.systemui, cookie=0, requestId=1339, userId=0} newState=3
03-02 07:21:02.155  2763  3985 D BiometricScheduler: [StateChanged] {[1455] com.android.server.biometrics.sensors.fingerprint.aidl.FingerprintAuthenticationClient, proto=3, owner=com.android.systemui, cookie=0, requestId=1339, userId=0}, state: 3
03-02 07:21:02.156  2763  3985 V UdfpsHelper: onFingerUp | failed to cast the HIDL to V2_3
03-02 07:21:02.159  2763  3985 V Biometrics/AcquisitionClient: Acquired: 0 0, shouldSend: true
03-02 07:21:02.159  2763  3985 V PowerManager: userActivity when=647332505 event=2 flags=0 displayId=0 by (android) callers=com.android.server.biometrics.sensors.AcquisitionClient.notifyUserActivity:195 com.android.server.biometrics.sensors.AcquisitionClient.onAcquiredInternal:180 com.android.server.biometrics.sensors.AcquisitionClient.onAcquired:166 
03-02 07:21:02.159  2763  3985 V BiometricLogger: Authentication latency: -1
03-02 07:21:02.159  2763  3985 W BiometricFrameworkStatsLogger: found a negative latency : -1
03-02 07:21:02.159  2763  3985 V Biometrics/AuthenticationClient: onAuthenticated(true), ID:-1429585348, Owner: com.android.systemui, isBP: false, listener: com.android.server.biometrics.sensors.ClientMonitorCallbackConverter@811fff8, requireConfirmation: false, mOperationId: 0, user: 0, clientMonitor: {[1455] com.android.server.biometrics.sensors.fingerprint.aidl.FingerprintAuthenticationClient, proto=3, owner=com.android.systemui, cookie=0, requestId=1339, userId=0}, displayId: 0
03-02 07:21:02.159  2763  3985 W Biometrics/AuthenticationClient: Allowing background authentication, this is allowed only for platform or test invocations
03-02 07:21:02.159  2763  3985 D BaseClientMonitor: marking operation as done: {[1455] com.android.server.biometrics.sensors.fingerprint.aidl.FingerprintAuthenticationClient, proto=3, owner=com.android.systemui, cookie=0, requestId=1339, userId=0}
03-02 07:21:02.160  2763  3985 D BiometricService: resetLockout from: 0, for: 1008, userId: 0
03-02 07:21:02.160  2763  2763 W MotoFaceProvider: Ignoring lockout reset, no templates enrolled for user: 0
03-02 07:21:02.162  1351 15060 I keystore2: system/security/keystore2/src/authorization.rs:112 - add_auth_token(challenge=0, userId=-9038959821290819486, authId=-6683421435733223687, authType=0x2, timestamp=1348436925ms)
03-02 07:21:02.164  2763  3985 D Biometrics/AuthenticationClient: addAuthToken succeeded
03-02 07:21:02.165  2763  3985 D BiometricStateCallback: Client finished, state updated to 0, client {[1455] com.android.server.biometrics.sensors.fingerprint.aidl.FingerprintAuthenticationClient, proto=3, owner=com.android.systemui, cookie=0, requestId=1339, userId=0}
03-02 07:21:02.165  4130  7092 V FingerprintManager: onAuthenticationSucceeded
03-02 07:21:02.165  2763  3166 D BiometricUtils: isEncrypted: false isLockdown: false
03-02 07:21:02.165  2763  3985 D BiometricSchedulerOperation: [Finished / destroy]: {[1455] com.android.server.biometrics.sensors.fingerprint.aidl.FingerprintAuthenticationClient, proto=3, owner=com.android.systemui, cookie=0, requestId=1339, userId=0}
03-02 07:21:02.165  2763  3166 D WindowManager: applyUdfpsZeroTapConditions udfpsStateChanged=true isKeyguardAuthState=false isUdfpsActivated=true isAmbientDisplayAvailable=1 isDozeEnabled=true enable=false
03-02 07:21:02.165  2763  3166 D TouchHwAidlService: enableTapWake mode=16 displayId=-1 mGestureStowMode=true
03-02 07:21:02.166  2763  3166 D TouchHwAidlService: setGestureModeHal done mode=16 newMode=16 result=0
03-02 07:21:02.167  2763  3164 D TouchHwAidlService: Unregister stow sensor
03-02 07:21:02.167  2763  3985 V ALSProbe: Disable ALS: 36273472
03-02 07:21:02.169  2763  3164 D TouchHwAidlService: enableGestureStowMode stowed: false
03-02 07:21:02.169  2763  3164 D TouchHwAidlService: setStowGestureMode stowed=false ret=0
03-02 07:21:02.171  2763  3985 D FingerprintProvider/defaultHIDL: onClientStateChanged clientMonitor: {[1455] com.android.server.biometrics.sensors.fingerprint.aidl.FingerprintAuthenticationClient, proto=3, owner=com.android.systemui, cookie=0, requestId=1339, userId=0} callers: com.android.server.biometrics.sensors.ClientMonitorCompositeCallback.onClientStateChanged:65 com.android.server.biometrics.sensors.ClientMonitorCompositeCallback.onClientStateChanged:65 com.android.server.biometrics.sensors.fingerprint.aidl.FingerprintAuthenticationClient.onAuthenticated:228 com.android.server.biometrics.sensors.fingerprint.aidl.AidlResponseHandler.$r8$lambda$TZ4HBupb-65phQlH2oy4vQJvE78:275 com.android.server.biometrics.sensors.fingerprint.aidl.AidlResponseHandler$$ExternalSyntheticLambda14.accept:0 
03-02 07:21:02.171  2763  3985 D BiometricStateCallback: onClientStateChanged client={[1455] com.android.server.biometrics.sensors.fingerprint.aidl.FingerprintAuthenticationClient, proto=3, owner=com.android.systemui, cookie=0, requestId=1339, userId=0} newState=4
03-02 07:21:02.171  2763  3985 D BiometricScheduler: [StateChanged] {[1455] com.android.server.biometrics.sensors.fingerprint.aidl.FingerprintAuthenticationClient, proto=3, owner=com.android.systemui, cookie=0, requestId=1339, userId=0}, state: 4
03-02 07:21:02.171  2763  3985 D BiometricScheduler: [Finishing] {[1455] com.android.server.biometrics.sensors.fingerprint.aidl.FingerprintAuthenticationClient, proto=3, owner=com.android.systemui, cookie=0, requestId=1339, userId=0}, success: true
03-02 07:21:02.171  2763  3985 D GestureAvailabilityTracker: Notifying gesture availability, active=true
03-02 07:21:02.171  2763  3985 D BiometricScheduler: No operations, returning to idle
03-02 07:21:02.183  4130  4130 V TrustManager: unlockedByBiometricForUser userId=0 source=FINGERPRINT callers=com.android.keyguard.KeyguardUpdateMonitor.onFingerprintAuthenticated:37 com.android.keyguard.KeyguardUpdateMonitor.handleFingerprintAuthenticated:150 com.android.keyguard.KeyguardUpdateMonitor$11.onAuthenticationSucceeded:241 android.hardware.fingerprint.FingerprintCallback.sendAuthenticatedSucceeded:167 android.hardware.fingerprint.FingerprintManager$FingerprintServiceReceiver.lambda$onAuthenticationSucceeded$2:1753 
03-02 07:21:02.184  2763  2763 D TrustManagerService: refreshDeviceLockedForUser(userId=0, unlockedUser=-10000), secure=true, showingKeyguard=true, trusted=false, biometricAuthenticated=true, currentUserIsUnlocked=false, deviceLocked=false
03-02 07:21:02.185  1351 15060 I keystore2: system/security/keystore2/src/authorization.rs:126 - on_device_unlocked(user_id=0, password.is_some()=false)
03-02 07:21:02.187  4130  4130 V PowerManager: wakeUp time=647332534 reason=WAKE_REASON_BIOMETRIC details=android.policy:BIOMETRIC by (com.android.systemui)
03-02 07:21:02.187  4130  4299 V PowerManager: userActivity when=647332534 event=0 flags=0 displayId=0 by (com.android.systemui) callers=android.os.PowerManager.userActivity:1549 com.android.systemui.keyguard.KeyguardViewMediator$$ExternalSyntheticLambda0.run:52 java.util.concurrent.ThreadPoolExecutor.runWorker:1154 
03-02 07:21:02.190  2763  5067 V SensorOverlays: disableUdfpsHbm fpsRefreshRateRequestCallback=android.hardware.fingerprint.IUdfpsRefreshRateRequestCallback$Stub$Proxy@fd04237
03-02 07:21:02.204  2763  5067 V SensorOverlays: disableUdfpsHbm fpsRefreshRateRequestCallback=android.hardware.fingerprint.IUdfpsRefreshRateRequestCallback$Stub$Proxy@d6323a4
03-02 07:21:02.220  2763  3168 I DisplayDeviceRepository: Display device changed render timings: "Built-in Screen", renderFrameRate=90.0, presentationDeadlineNanos=11500000, appVsyncOffsetNanos=9166667, frameRateOverrides=[]
03-02 07:21:02.221  2763  3166 D WindowManager: DeferredDisplayUpdater: partially applying DisplayInfo(1220 x 2712) immediately
03-02 07:21:02.225  2763  5067 D PowerManagerService: nativeSetPowerMode ret:false mode:5 enabled:true duration ms: 0
03-02 07:21:02.225  2763  5067 D WindowManager: Remove SleepToken: tag=keyguard, displayId=0
03-02 07:21:02.226  2763  5067 D ActivityTaskManager: Top Process State changed to PROCESS_STATE_TOP
03-02 07:21:02.226  4130  4174 V WindowManagerShell: Transition requested (#12714): android.os.BinderProxy@66bf31f TransitionRequestInfo { type = TO_BACK, triggerTask = null, pipChange = null, remoteTransition = null, displayChange = null, flags = 260, debugId = 12714 }
03-02 07:21:02.228  4130  4130 V TrustManager: clearAllBiometricRecognized unlockedUser=0 source=FINGERPRINT callers=com.android.keyguard.KeyguardUpdateMonitor.clearFingerprintRecognized:13 com.android.systemui.keyguard.KeyguardViewMediator.handleKeyguardDone:78 com.android.systemui.keyguard.KeyguardViewMediator.-$$Nest$mtryKeyguardDone:64 com.android.systemui.keyguard.KeyguardViewMediator$OnHideAnimationFinished.run:91 com.android.systemui.statusbar.phone.StatusBarKeyguardViewManager.startPreHideAnimation:34 
03-02 07:21:02.230  2763  3990 D BackgroundInstallControlService: Package event received: 0
03-02 07:21:02.230  2763  3990 D BackgroundInstallControlService: Package event received: 0
03-02 07:21:02.231  2763  3990 D BackgroundInstallControlService: Package event received: 0
03-02 07:21:02.241  2763  3718 D ActivityManager: unfreezing ProcessRecord{eaff5e9 30281:org.zwanoo.android.speedtest/u0a394}, reason = unfreezeTemporarily, adj = 920, adjType = cch-empty, adjSource = null
03-02 07:21:02.242  2763  3718 D ActivityManager: sync unfroze 30281 org.zwanoo.android.speedtest for 0
03-02 07:21:02.252  2763  3197 W MotoBatteryCareService: isBatteryCareAllowedSelfStart restricted by mode.
03-02 07:21:02.252  2763  3197 W MotoBatteryCareService: restricted process start because of alarm or job. packageName=com.jio.myjio
03-02 07:21:02.252  2763  3197 E ActivityManager: Failure starting process com.jio.myjio
03-02 07:21:02.252  2763  3197 E ActivityManager: java.lang.RuntimeException: SmartBackground restriction
03-02 07:21:02.252  2763  3197 E ActivityManager: 	at com.android.server.am.ProcessList.startProcess(ProcessList.java:2586)
03-02 07:21:02.252  2763  3197 E ActivityManager: 	at com.android.server.am.ProcessList.lambda$handleProcessStart$2(ProcessList.java:2360)
03-02 07:21:02.252  2763  3197 E ActivityManager: 	at com.android.server.am.ProcessList.$r8$lambda$7tA7FGK86Ca7_MUb7SZX_VtkDjI(ProcessList.java:0)
03-02 07:21:02.252  2763  3197 E ActivityManager: 	at com.android.server.am.ProcessList$$ExternalSyntheticLambda6.run(R8$$SyntheticClass:0)
03-02 07:21:02.252  2763  3197 E ActivityManager: 	at com.android.server.am.ProcessList.handleProcessStart(ProcessList.java:2387)
03-02 07:21:02.252  2763  3197 E ActivityManager: 	at com.android.server.am.ProcessList.lambda$startProcessLocked$1(ProcessList.java:2326)
03-02 07:21:02.252  2763  3197 E ActivityManager: 	at com.android.server.am.ProcessList.$r8$lambda$CJ9r0QvrztLxvJRHzZHIx3Om9NE(ProcessList.java:0)
03-02 07:21:02.252  2763  3197 E ActivityManager: 	at com.android.server.am.ProcessList$$ExternalSyntheticLambda5.run(R8$$SyntheticClass:0)
03-02 07:21:02.252  2763  3197 E ActivityManager: 	at android.os.Handler.handleCallback(Handler.java:1037)
03-02 07:21:02.252  2763  3197 E ActivityManager: 	at android.os.Handler.dispatchMessage(Handler.java:108)
03-02 07:21:02.252  2763  3197 E ActivityManager: 	at android.os.Looper.loopOnce(Looper.java:292)
03-02 07:21:02.252  2763  3197 E ActivityManager: 	at android.os.Looper.loop(Looper.java:416)
03-02 07:21:02.252  2763  3197 E ActivityManager: 	at android.os.HandlerThread.run(HandlerThread.java:103)
03-02 07:21:02.252  2763  3197 E ActivityManager: 	at com.android.server.ServiceThread.run(ServiceThread.java:49)
03-02 07:21:02.252  2763  3197 I ActivityManager: Force stopping com.jio.myjio appid=10397 user=0: start failure
03-02 07:21:02.253  2763  5082 D FingerprintProvider/defaultHIDL: setIgnoreDisplayTouches set to true
03-02 07:21:02.257  2763  3197 I ActivityManager:   Force stopping service ServiceRecord{c3b5ded u0 com.jio.myjio/androidx.work.impl.background.systemjob.SystemJobService c:android}
03-02 07:21:02.263  2763  3168 I ActivityManager: Exiting empty application process 0:com.jio.myjio/u0a397 (null)
03-02 07:21:02.265  1351 15060 I keystore2: system/security/keystore2/src/super_key.rs:1036 - Successfully unlocked user 0 with biometric -6683421435733223687
03-02 07:21:02.265  1351 15060 I keystore2: system/security/keystore2/src/authorization.rs:126 - on_device_unlocked(user_id=10, password.is_some()=false)
03-02 07:21:02.278  2763  5082 D CoreBackPreview: Window{a52638f u0 com.android.vending/com.google.android.finsky.activities.MainActivity}: Setting back callback null
03-02 07:21:02.299  1351 15060 I keystore2: system/security/keystore2/src/super_key.rs:1036 - Successfully unlocked user 10 with biometric -6683421435733223687
03-02 07:21:02.301  2763  2763 W Looper  : Slow dispatch took 116ms main app=system_server main=true group=FOREGROUND h=com.android.server.trust.TrustManagerService$4 c=null m=14
03-02 07:21:02.305  2763  2763 D TrustManagerService: refreshDeviceLockedForUser(userId=-1, unlockedUser=0), secure=true, showingKeyguard=true, trusted=false, biometricAuthenticated=false, currentUserIsUnlocked=true, deviceLocked=true
03-02 07:21:02.305  2763  2763 D TrustManagerService: Keyguard is finishing but may not have completed going away yet
03-02 07:21:02.317  2763  2763 E JobServiceContext: Binding died for 0:com.jio.myjio
03-02 07:21:02.379  2763  5082 D CoreBackPreview: Window{c103930 u0 com.android.vending/com.google.android.finsky.activities.MainActivity}: Setting back callback OnBackInvokedCallbackInfo{mCallback=android.window.IOnBackInvokedCallback$Stub$Proxy@47910eb, mPriority=-1, mIsAnimationCallback=false, mOverrideBehavior=0}
03-02 07:21:02.394  2763  3164 V WindowManager: Sent Transition (#12714) createdAt=03-02 07:21:02.225 via request=TransitionRequestInfo { type = TO_BACK, triggerTask = null, pipChange = null, remoteTransition = null, displayChange = null, flags = 260, debugId = 12714 }
03-02 07:21:02.394  2763  3164 V WindowManager:     startWCT=WindowContainerTransaction { changes= {} hops= [] errorCallbackToken=null taskFragmentOrganizer=null }
03-02 07:21:02.394  2763  3164 V WindowManager:     info={id=12714 t=TO_BACK f=0x104 trk=0 r=[0@Point(0, 0)] c=[
03-02 07:21:02.394  2763  3164 V WindowManager:         {WCT{RemoteToken{4fd48e7 Task{611803f #21807 type=standard A=10224:com.android.vending}}} m=TO_FRONT f=NONE p=WCT{RemoteToken{2f18f6e DefaultTaskDisplayArea@25119439(displayId=0)}} pTaskId=-1 leash=Surface(name=Task=21807)/@0xe0d9655 sb=Rect(0, 0 - 1220, 2712) eb=Rect(0, 0 - 1220, 2712) epz=Point(1220, 2712) d=0 taskParent=-1},
03-02 07:21:02.394  2763  3164 V WindowManager:         {WCT{RemoteToken{2f18f6e DefaultTaskDisplayArea@25119439(displayId=0)}} m=TO_FRONT f=FLAG_IS_TASK_DISPLAY_AREA leash=Surface(name=DefaultTaskDisplayArea)/@0x92c75da sb=Rect(0, 0 - 1220, 2712) eb=Rect(0, 0 - 1220, 2712) epz=Point(1220, 2712) d=0}
03-02 07:21:02.394  2763  3164 V WindowManager:     ]}
03-02 07:21:02.394  4130  5739 V WindowManagerShell: onTransitionReady(transaction=11866995593319)
03-02 07:21:02.394  4130  4174 V WindowManagerShell: onTransitionReady (#12714) android.os.BinderProxy@66bf31f: {id=12714 t=TO_BACK f=0x104 trk=0 r=[0@Point(0, 0)] c=[
03-02 07:21:02.394  4130  4174 V WindowManagerShell:         {m=TO_FRONT f=NONE p=WCT{android.window.IWindowContainerToken$Stub$Proxy@7a4d9a3} pTaskId=-1 leash=Surface(name=Task=21807)/@0xa240934 sb=Rect(0, 0 - 1220, 2712) eb=Rect(0, 0 - 1220, 2712) epz=Point(1220, 2712) d=0 taskParent=-1},
03-02 07:21:02.394  4130  4174 V WindowManagerShell:         {m=TO_FRONT f=FLAG_IS_TASK_DISPLAY_AREA leash=Surface(name=DefaultTaskDisplayArea)/@0xe5df35d sb=Rect(0, 0 - 1220, 2712) eb=Rect(0, 0 - 1220, 2712) epz=Point(1220, 2712) d=0}
03-02 07:21:02.394  4130  4174 V WindowManagerShell:     ]}
03-02 07:21:02.395  4130  4174 V WindowManagerShell: Playing animation for (#12714) android.os.BinderProxy@66bf31f@0
03-02 07:21:02.396  4130  4174 V WindowManagerShell: start keyguard going-away transition, info = {id=12714 t=TO_BACK f=0x104 trk=0 r=[0@Point(0, 0)] c=[{m=TO_FRONT f=NONE p=WCT{android.window.IWindowContainerToken$Stub$Proxy@7a4d9a3} pTaskId=-1 leash=Surface(name=Task=21807)/@0xa240934 sb=Rect(0, 0 - 1220, 2712) eb=Rect(0, 0 - 1220, 2712) epz=Point(1220, 2712) d=0 taskParent=-1},{m=TO_FRONT f=FLAG_IS_TASK_DISPLAY_AREA leash=Surface(name=DefaultTaskDisplayArea)/@0xe5df35d sb=Rect(0, 0 - 1220, 2712) eb=Rect(0, 0 - 1220, 2712) epz=Point(1220, 2712) d=0}]}
03-02 07:21:02.396  4130  4174 D KeyguardService: Starts IRemoteAnimationRunner: info={id=12714 t=TO_BACK f=0x104 trk=0 r=[0@Point(0, 0)] c=[{m=TO_FRONT f=NONE p=WCT{android.window.IWindowContainerToken$Stub$Proxy@7a4d9a3} pTaskId=-1 leash=Surface(name=Task=21807)/@0xa240934 sb=Rect(0, 0 - 1220, 2712) eb=Rect(0, 0 - 1220, 2712) epz=Point(1220, 2712) d=0 taskParent=-1},{m=TO_FRONT f=FLAG_IS_TASK_DISPLAY_AREA leash=Surface(name=DefaultTaskDisplayArea)/@0xe5df35d sb=Rect(0, 0 - 1220, 2712) eb=Rect(0, 0 - 1220, 2712) epz=Point(1220, 2712) d=0}]}
03-02 07:21:02.398  4130  4174 V WindowManagerShell:  animated by com.android.wm.shell.keyguard.KeyguardTransitionHandler@1b97ffa
03-02 07:21:02.410  2763  5082 I WindowManager: finishDrawing of relaunch: Window{c103930 u0 com.android.vending/com.google.android.finsky.activities.MainActivity} 181ms
03-02 07:21:02.428  2763  3990 D BackgroundInstallControlService: Package event received: 0
03-02 07:21:02.429  2763  5082 D PowerManagerService: nativeSetPowerMode ret:false mode:5 enabled:false duration ms: 0
03-02 07:21:02.430  2763  3195 W MotoBatteryCareService: uid: 10224 pkgName:com.android.vending come to foreground
03-02 07:21:02.431  2763  3990 D BackgroundInstallControlService: Package event received: 0
03-02 07:21:02.438  2763  5079 D CoreBackPreview: Window{d60c1f8 u0 NotificationShade}: Setting back callback null
03-02 07:21:02.458  2763  5063 D CompatChangeReporter: Compat change id reported: 297989574; UID 10394; state: ENABLED
03-02 07:21:02.563  2763  5082 W ActivityManager: pid 2763 system sent binder code 15 with flags 0 to frozen apps and got error -74
03-02 07:21:02.564  2763  5082 W ActivityManager: pid 21024 com.motorola.motocare sent binder code 1 with flags 2 to frozen apps and got error -74
03-02 07:21:02.564  2763  5082 D ActivityManager: Too many transaction errors, throttling freezer binder callback.
03-02 07:21:02.645  1936  1958 E NetlinkEvent: NetlinkEvent::FindParam(): Parameter 'INTERFACE' not found
03-02 07:21:02.645  1936  1958 E NetlinkEvent: NetlinkEvent::FindParam(): Parameter 'STATE' not found
03-02 07:21:02.645  1936  1958 E NetlinkEvent: NetlinkEvent::FindParam(): Parameter 'TIME_NS' not found
03-02 07:21:02.645  1936  1958 E NetlinkEvent: NetlinkEvent::FindParam(): Parameter 'UID' not found
03-02 07:21:02.702  2763  3739 W ActivityManager: pid 31011 has 0 free async space, killing
03-02 07:21:02.704  2763  3196 I ActivityManager: Killing 31011:com.microsoft.office.outlook/u10a387 (adj 920, setSvc -10000): Async binder space running out while frozen
03-02 07:21:02.797  2763  3990 D BackgroundInstallControlService: Package event received: 0
03-02 07:21:02.801  2763  3990 D BackgroundInstallControlService: Package event received: 0
03-02 07:21:02.803  2763  2763 D TrustManagerService: refreshDeviceLockedForUser(userId=0, unlockedUser=-10000), secure=true, showingKeyguard=false, trusted=false, biometricAuthenticated=false, currentUserIsUnlocked=false, deviceLocked=false
03-02 07:21:02.807  2763  3168 D PanelsService: onKeyguardStateChanged.. isShowing=false
03-02 07:21:02.807  2763  3168 D TouchHwAidlService: onKeyguardStateChanged.. isShowing=false
03-02 07:21:02.819  2763  5079 E AppOps  : attributionTag  not declared in manifest of com.android.systemui
03-02 07:21:02.820  2763  5079 E AppOps  : attributionTag  not declared in manifest of com.android.systemui
03-02 07:21:02.824  2763  5037 I ActivityManager: appDiedLocked: app=ProcessRecord{42131c2 31011:com.microsoft.office.outlook/u10a387} thread=android.os.BinderProxy@682b142 fromBinderDied=true isKilledByAm=true reason=null
03-02 07:21:02.824  2763  5037 D ActivityManager: unfreezing ProcessRecord{3fadcdc 30740:com.microsoft.windowsintune.companyportal:omadm_client_process/u10a546}, reason = unfreezeTemporarily, adj = 920, adjType = cch-empty, adjSource = null
03-02 07:21:02.825  2763  5037 D ActivityManager: sync unfroze 30740 com.microsoft.windowsintune.companyportal:omadm_client_process for 0
03-02 07:21:02.829  2763  5037 D CompatChangeReporter: Compat change id reported: 311208629; UID 1010546; state: ENABLED
03-02 07:21:02.829  2763  5037 D RestartModeController: markWaitRestartAppIsSuicided null processName=com.microsoft.office.outlook
03-02 07:21:02.829  2763  5037 D ActivityTaskManager: handleAppDied: uid=1010387,diedCount=1,lastDiedTime=647300589,forceStopUids=false
03-02 07:21:02.836  2763  3164 E UsbDeviceManager: Calling Update secure attr with /sys/class/android_usb/android0/secure value = false
03-02 07:21:02.836  2763  3164 E UsbDeviceManager: Actually updating secure attr with false
03-02 07:21:02.838  2763  3164 E UsbDeviceManager: Set USB secure = false by sys.usb.secure_mode
03-02 07:21:02.840  2763  3164 E UsbDeviceManager: Calling Update secure attr with /sys/class/android_usb/android0/secure value = false
03-02 07:21:02.840  2763  3164 E UsbDeviceManager: Actually updating secure attr with false
03-02 07:21:02.841  2763  3164 E UsbDeviceManager: Set USB secure = false by sys.usb.secure_mode
03-02 07:21:02.851  4130  4130 D InsetsController: Setting requestedVisibleTypes to -9 (was -11)
03-02 07:21:02.862  4130  4130 D KeyguardService: Finish IRemoteAnimationRunner.
03-02 07:21:02.863  4130  4174 V WindowManagerShell: Transition animation finished (aborted=false), notifying core (#12714) android.os.BinderProxy@66bf31f@0
03-02 07:21:02.864  2763  3164 V WindowManager: Finish Transition (#12714): created at 03-02 07:21:02.225 collect-started=0.077ms request-sent=0.094ms started=4.269ms ready=4.253ms sent=167.728ms commit=6.78ms finished=638.324ms
03-02 07:21:02.865  4130  4174 V WindowManagerShell: Track 0 became idle
03-02 07:21:02.865  4130  4174 V WindowManagerShell: All active transition animations finished
03-02 07:21:02.947  2763  5067 D FingerprintProvider/defaultHIDL: Starting watchdog for fingerprint
03-02 07:21:02.947  2763  5067 E BiometricScheduler: Current operation is null,no need to start watchdog
03-02 07:21:02.985  2763  5051 W PackageConfigPersister: App-specific configuration not found for packageName: com.android.vending and userId: 0
03-02 07:21:03.112  2763  5063 E AppOps  : attributionTag  not declared in manifest of com.android.systemui
03-02 07:21:03.112  2763  5063 E AppOps  : attributionTag  not declared in manifest of com.android.systemui
03-02 07:21:03.112  2763  5063 E AppOps  : attributionTag  not declared in manifest of com.android.systemui
03-02 07:21:03.112  2763  5063 E AppOps  : attributionTag  not declared in manifest of com.android.systemui
03-02 07:21:03.128  2763  5063 D SystemServerTiming: getUserSwitchability-0
03-02 07:21:03.128  2763  5063 D SystemServerTiming: TM.isInCall
03-02 07:21:03.129  2763  5063 D SystemServerTiming: hasUserRestriction-DISALLOW_USER_SWITCH
03-02 07:21:03.129  2763  5063 D SystemServerTiming: getInt-ALLOW_USER_SWITCHING_WHEN_SYSTEM_USER_LOCKED
03-02 07:21:03.129  2763  5063 D SystemServerTiming: isUserUnlocked-USER_SYSTEM
03-02 07:21:03.326  2763  5067 W ContentProviderHelper: Permission Denial: opening provider com.android.providers.calendar.CalendarProvider2 from ProcessRecord{62bb7b6 11928:com.motorola.timeweatherwidget/u0a249} (pid=11928, uid=10249) requires android.permission.READ_CALENDAR or android.permission.WRITE_CALENDAR
03-02 07:21:03.337  2763  3990 D BackgroundInstallControlService: Package event received: 0
03-02 07:21:03.358  2763  3196 D ActivityManager: unfreezing ProcessRecord{bc58639 28952:com.motorola.dolby.dolbyui/u0a149}, reason = unfreezeTemporarily, adj = 985, adjType = cch-empty, adjSource = null
03-02 07:21:03.359  2763  3196 D ActivityManager: sync unfroze 28952 com.motorola.dolby.dolbyui for 3
03-02 07:21:03.366  2763  3197 I ActivityManager: Start proc 31657:com.android.providers.calendar/u0a114 for content provider {com.android.providers.calendar/com.android.providers.calendar.CalendarProvider2}
03-02 07:21:03.366  2763  3197 I ActivityManager: ProcessObserver broadcast disabled
03-02 07:21:03.419  2763  3990 D BackgroundInstallControlService: Package event received: 0
03-02 07:21:03.505  2763  5063 I ActivityManager: Flag disabled. Ignoring finishAttachApplication from uid: 10114. pid: 31657
03-02 07:21:03.546  2763  3976 D AppWidgetServiceImpl: Trying to notify widget update for package com.motorola.timeweatherwidget with widget id: 2
03-02 07:21:03.679  2763  3168 I DisplayDeviceRepository: Display device changed render timings: "Built-in Screen", renderFrameRate=60.000004, presentationDeadlineNanos=11500000, appVsyncOffsetNanos=9166666, frameRateOverrides=[]
03-02 07:21:03.679  2763  3166 D WindowManager: DeferredDisplayUpdater: partially applying DisplayInfo(1220 x 2712) immediately
03-02 07:21:03.736  2763  3168 I DisplayDeviceRepository: Display device changed render timings: "Built-in Screen", renderFrameRate=90.0, presentationDeadlineNanos=11500000, appVsyncOffsetNanos=9166667, frameRateOverrides=[]
03-02 07:21:03.737  2763  3166 D WindowManager: DeferredDisplayUpdater: partially applying DisplayInfo(1220 x 2712) immediately
03-02 07:21:03.815  2763  5063 D CoreBackPreview: Window{4b0dd5c u0 com.android.vending/com.google.android.finsky.activities.MainActivity}: Setting back callback OnBackInvokedCallbackInfo{mCallback=android.window.IOnBackInvokedCallback$Stub$Proxy@5f289c7, mPriority=-1, mIsAnimationCallback=false, mOverrideBehavior=0}
03-02 07:21:03.815  2763  5063 D CoreBackPreview: Window{4b0dd5c u0 com.android.vending/com.google.android.finsky.activities.MainActivity}: Setting back callback OnBackInvokedCallbackInfo{mCallback=android.window.IOnBackInvokedCallback$Stub$Proxy@ed8b592, mPriority=0, mIsAnimationCallback=true, mOverrideBehavior=0}
03-02 07:21:03.870  2763  5049 W PackageConfigPersister: App-specific configuration not found for packageName: com.android.vending and userId: 0
03-02 07:21:04.880  2763  3168 I DisplayDeviceRepository: Display device changed render timings: "Built-in Screen", renderFrameRate=120.00001, presentationDeadlineNanos=11500000, appVsyncOffsetNanos=833333, frameRateOverrides=[]
03-02 07:21:04.882  2763  3166 D WindowManager: DeferredDisplayUpdater: partially applying DisplayInfo(1220 x 2712) immediately
03-02 07:21:05.309  2763  3168 I DisplayDeviceRepository: Display device changed render timings: "Built-in Screen", renderFrameRate=60.000004, presentationDeadlineNanos=11500000, appVsyncOffsetNanos=9166666, frameRateOverrides=[]
03-02 07:21:05.311  2763  3166 D WindowManager: DeferredDisplayUpdater: partially applying DisplayInfo(1220 x 2712) immediately
03-02 07:21:05.442  2763  3739 D ActivityManager: freezing 31342 com.azure.authenticator:auth, reason = oom_cached
03-02 07:21:06.613   905  1444 W Binder  : reply too large data on java level: InterfaceDescriptor = null, code = 1
03-02 07:21:08.749  2763  3168 I DisplayDeviceRepository: Display device changed render timings: "Built-in Screen", renderFrameRate=90.0, presentationDeadlineNanos=11500000, appVsyncOffsetNanos=9166667, frameRateOverrides=[]
03-02 07:21:08.750  2763  3166 D WindowManager: DeferredDisplayUpdater: partially applying DisplayInfo(1220 x 2712) immediately
03-02 07:21:08.808  2763  5063 D ActivityManager: unfreezing ProcessRecord{4046fcc 28259:com.android.vending:background/u0a224}, reason = unfreezeTemporarily, adj = 920, adjType = cch-empty, adjSource = null
03-02 07:21:08.809  2763  5063 D ActivityManager: sync unfroze 28259 com.android.vending:background for 0
03-02 07:21:08.812  2763  3990 D BackgroundInstallControlService: Package event received: 0
03-02 07:21:08.819  2763  3682 D CoreBackPreview: Window{4b0dd5c u0 com.android.vending/com.google.android.finsky.activities.MainActivity}: Setting back callback null
03-02 07:21:08.828  2763  3168 V WindowManager: Unknown focus tokens, dropping reportFocusChanged
03-02 07:21:08.841  2763  4984 W ProcessStats: Tracking association SourceState{3f4acb3 com.android.vending/10224 BTop #3613940} whose proc state 2 is better than process ProcessState{e0ebfc8 com.android.vending:background/10224 pkg=com.android.vending} proc state 15 (22 skipped)
03-02 07:21:08.860  2763  5067 W PackageConfigPersister: App-specific configuration not found for packageName: com.android.vending and userId: 0
03-02 07:21:08.917  2763  3196 I ActivityManager: Force stopping in.mahato.bytetools appid=10654 user=0: deletePackageX
03-02 07:21:08.918  2763  3374 I AppsFilter: interaction: PackageSetting{72495bb in.mahato.cocircle.dev/10636} -> PackageSetting{5a87b14 in.mahato.bytetools/10654} BLOCKED
03-02 07:21:08.919  2763  3374 I AppsFilter: interaction: PackageSetting{84299a9 in.mahato.primetoolkit/10648} -> PackageSetting{5a87b14 in.mahato.bytetools/10654} BLOCKED
03-02 07:21:08.919  2763  3374 I AppsFilter: interaction: PackageSetting{4cc2dc2 com.oem.euiccpartnerapp/10233} -> PackageSetting{5a87b14 in.mahato.bytetools/10654} BLOCKED
03-02 07:21:08.919  2763  3374 I AppsFilter: interaction: PackageSetting{f6a6f37 in.mahato.gigdiary/10476} -> PackageSetting{5a87b14 in.mahato.bytetools/10654} BLOCKED
03-02 07:21:08.919  2763  3374 I AppsFilter: interaction: PackageSetting{72495bb in.mahato.cocircle.dev/10636} -> PackageSetting{5a87b14 in.mahato.bytetools/10654} BLOCKED
03-02 07:21:08.920  2763  3374 I AppsFilter: interaction: PackageSetting{84299a9 in.mahato.primetoolkit/10648} -> PackageSetting{5a87b14 in.mahato.bytetools/10654} BLOCKED
03-02 07:21:08.920  2763  3374 I AppsFilter: interaction: PackageSetting{4cc2dc2 com.oem.euiccpartnerapp/10233} -> PackageSetting{5a87b14 in.mahato.bytetools/10654} BLOCKED
03-02 07:21:08.920  2763  3374 I AppsFilter: interaction: PackageSetting{f6a6f37 in.mahato.gigdiary/10476} -> PackageSetting{5a87b14 in.mahato.bytetools/10654} BLOCKED
03-02 07:21:09.135  1351 15060 I keystore2: system/security/keystore2/src/maintenance.rs:607 - clearNamespace(r#APP, nspace=10654)
03-02 07:21:09.143  1351 15060 I keystore2: system/security/keystore2/src/maintenance.rs:607 - clearNamespace(r#APP, nspace=1010654)
03-02 07:21:09.195  2763  3990 D BackgroundInstallControlService: Package event received: 2
03-02 07:21:09.195  2763  3990 D BackgroundInstallControlService: handlePackageRemove: removing in.mahato.bytetools from 0
03-02 07:21:09.202  2763  7288 E TaskPersister: File error accessing recents directory (directory doesn't exist?).
03-02 07:21:09.254  2763  3374 I ActivityManager: Force stopping in.mahato.bytetools appid=10654 user=0: pkg removed
03-02 07:21:09.266  2763  3374 I ActivityManager: Force stopping in.mahato.bytetools appid=10654 user=0: pkg removed
03-02 07:21:09.271  2763  7288 E TaskPersister: File error accessing recents directory (directory doesn't exist?).
03-02 07:21:09.279  2763  3796 V StorageManagerService: Package in.mahato.bytetools does not have legacy storage
03-02 07:21:09.279  2763  3195 I CredentialManager: updateProvidersWhenPackageRemoved
03-02 07:21:09.295  2763  3989 D ShortcutService: received package broadcast intent: Intent { act=android.intent.action.PACKAGE_REMOVED dat=package: flg=0x4000010 (has extras) }
03-02 07:21:09.295  2763  3989 D ShortcutService: removing package: in.mahato.bytetools userId=0
03-02 07:21:09.298  2763  3720 I RollbackManager: broadcast=ACTION_PACKAGE_FULLY_REMOVED pkg=in.mahato.bytetools
03-02 07:21:09.308  2763  3949 E AppOps  : attributionTag VCN not declared in manifest of android
03-02 07:21:09.309  2763  4119 D HealthConnectTrackerManagerImpl: No packages eligible for step tracking. Aborting initialization.
03-02 07:21:09.324  2763  5049 W AppOpService: Ignored setUidMode call for runtime permission app op: uid = 10195, code = READ_CELL_BROADCASTS, mode = allow, callingUid = 1001, oldMode = allow
03-02 07:21:09.329  2763  5049 W AppOpService: Ignored setUidMode call for runtime permission app op: uid = 1001, code = READ_SMS, mode = allow, callingUid = 1001, oldMode = allow
03-02 07:21:09.329  2763  5049 W AppOpService: Ignored setUidMode call for runtime permission app op: uid = 1001, code = RECEIVE_SMS, mode = allow, callingUid = 1001, oldMode = allow
03-02 07:21:09.329  2763  5049 W AppOpService: Ignored setUidMode call for runtime permission app op: uid = 1001, code = RECEIVE_WAP_PUSH, mode = allow, callingUid = 1001, oldMode = allow
03-02 07:21:09.329  2763  5049 W AppOpService: Ignored setUidMode call for runtime permission app op: uid = 1001, code = SEND_SMS, mode = allow, callingUid = 1001, oldMode = allow
03-02 07:21:09.330  2763  5049 W AppOpService: Ignored setUidMode call for runtime permission app op: uid = 1001, code = READ_CELL_BROADCASTS, mode = allow, callingUid = 1001, oldMode = allow
03-02 07:21:09.335  2763  3196 D ActivityManager: unfreezing ProcessRecord{cb85862 15228:com.android.chrome/u0a235}, reason = unfreezeTemporarily, adj = 900, adjType = cch-client-act, adjSource = null
03-02 07:21:09.339  2763  3196 D ActivityManager: sync unfroze 15228 com.android.chrome for 3
03-02 07:21:09.353  2763  2763 D ActivityManager: unfreezing ProcessRecord{f679c2a 3260:com.android.settings/1000}, reason = oom_uncached, adj = 900, adjType = cch-started-ui-services, adjSource = null
03-02 07:21:09.354  2763  2763 D ActivityManager: sync unfroze 3260 com.android.settings for 10
03-02 07:21:09.365  2763  2763 D ActivityManager: unfreezing ProcessRecord{dc225c4 27599:com.motorola.msimsettings/u10a292}, reason = oom_uncached, adj = 925, adjType = cch-empty, adjSource = null
03-02 07:21:09.367  2763  2763 D ActivityManager: sync unfroze 27599 com.motorola.msimsettings for 10
03-02 07:21:09.367  2763  2763 D ActivityManager: unfreezing ProcessRecord{4bf5813 27573:com.motorola.coresettingsext/u10a280}, reason = oom_uncached, adj = 925, adjType = cch-empty, adjSource = null
03-02 07:21:09.367  2763  2763 D ActivityManager: sync unfroze 27573 com.motorola.coresettingsext for 10
