03-02 07:21:09.373  2763  3021 V Configuration: Updating configuration, locales updated from [] to [en_IN]
03-02 07:21:09.373  2763  3021 V Configuration: Updating configuration, locales updated from [] to [en_IN]
03-02 07:21:09.373  2763  3021 V Configuration: Updating configuration, locales updated from [] to [en_IN]
03-02 07:21:09.373  2763  3021 V Configuration: Updating configuration, locales updated from [] to [en_IN]
03-02 07:21:09.373  2763  3021 V Configuration: Updating configuration, locales updated from [] to [en_IN]
03-02 07:21:09.373  2763  3021 V Configuration: Updating configuration, locales updated from [] to [en_IN]
03-02 07:21:09.373  2763  3021 V Configuration: Updating configuration, locales updated from [] to [en_IN]
03-02 07:21:09.373  2763  3021 V Configuration: Updating configuration, locales updated from [] to [en_IN]
03-02 07:21:09.373  2763  3021 V Configuration: Updating configuration, locales updated from [] to [en_IN]
03-02 07:21:09.373  2763  3021 V Configuration: Updating configuration, locales updated from [] to [en_IN]
03-02 07:21:09.373  2763  3021 V Configuration: Updating configuration, locales updated from [] to [en_IN]
03-02 07:21:09.373  2763  3021 V Configuration: Updating configuration, locales updated from [] to [en_IN]
03-02 07:21:09.373  2763  3021 V Configuration: Updating configuration, locales updated from [] to [en_IN]
03-02 07:21:09.373  2763  3021 V Configuration: Updating configuration, locales updated from [] to [en_IN]
03-02 07:21:09.373  2763  3021 V Configuration: Updating configuration, locales updated from [] to [en_IN]
03-02 07:21:09.373  2763  3021 V Configuration: Updating configuration, locales updated from [] to [en_IN]
03-02 07:21:09.373  2763  3021 V Configuration: Updating configuration, locales updated from [] to [en_IN]
03-02 07:21:09.373  2763  3021 V Configuration: Updating configuration, locales updated from [] to [en_IN]
03-02 07:21:09.373  2763  3021 V Configuration: Updating configuration, locales updated from [] to [en_IN]
03-02 07:21:09.373  2763  3021 V Configuration: Updating configuration, locales updated from [] to [en_IN]
03-02 07:21:09.373  2763  3021 V Configuration: Updating configuration, locales updated from [] to [en_IN]
03-02 07:21:09.373  2763  3021 V Configuration: Updating configuration, locales updated from [] to [en_IN]
03-02 07:21:09.373  2763  3021 V Configuration: Updating configuration, locales updated from [] to [en_IN]
03-02 07:21:09.373  2763  3021 V Configuration: Updating configuration, locales updated from [] to [en_IN]
03-02 07:21:09.373  2763  3021 V Configuration: Updating configuration, locales updated from [] to [en_IN]
03-02 07:21:09.373  2763  3021 V Configuration: Updating configuration, locales updated from [] to [en_IN]
03-02 07:21:09.373  2763  3021 V Configuration: Updating configuration, locales updated from [] to [en_IN]
03-02 07:21:09.373  2763  3021 V Configuration: Updating configuration, locales updated from [] to [en_IN]
03-02 07:21:09.373  2763  3021 V Configuration: Updating configuration, locales updated from [] to [en_IN]
03-02 07:21:09.373  2763  3021 V Configuration: Updating configuration, locales updated from [] to [en_IN]
03-02 07:21:09.373  2763  3021 V Configuration: Updating configuration, locales updated from [] to [en_IN]
03-02 07:21:09.373  2763  3021 V Configuration: Updating configuration, locales updated from [] to [en_IN]
03-02 07:21:09.373  2763  3021 V Configuration: Updating configuration, locales updated from [] to [en_IN]
03-02 07:21:09.373  2763  3021 V Configuration: Updating configuration, locales updated from [] to [en_IN]
03-02 07:21:09.373  2763  3021 V Configuration: Updating configuration, locales updated from [] to [en_IN]
03-02 07:21:09.373  2763  3021 D IntervalStats: Unable to parse usage stats packages: [8, 123, 167, 209, 252, 301, 393, 452, 476, 490, 491, 492, 517, 531, 532, 533, 534, 535, 539, 541, 549, 551, 554, 572, 580, 590, 596, 616, 617, 618, 621, 622, 623, 624, 626, 627, 628, 629, 630, 631, 632, 636, 638, 639, 640, 641, 645, 649, 653, 655, 656, 657]
03-02 07:21:09.375  2763  5067 V Configuration: Updating configuration, locales updated from [] to [en_IN]
03-02 07:21:09.375  2763  5067 V Configuration: Updating configuration, locales updated from [] to [en_IN]
03-02 07:21:09.375  2763  5067 V Configuration: Updating configuration, locales updated from [] to [en_IN]
03-02 07:21:09.375  2763  5067 V Configuration: Updating configuration, locales updated from [] to [en_IN]
03-02 07:21:09.375  2763  5067 V Configuration: Updating configuration, locales updated from [] to [en_IN]
03-02 07:21:09.375  2763  5067 V Configuration: Updating configuration, locales updated from [] to [en_IN]
03-02 07:21:09.375  2763  5067 V Configuration: Updating configuration, locales updated from [] to [en_IN]
03-02 07:21:09.375  2763  5067 V Configuration: Updating configuration, locales updated from [] to [en_IN]
03-02 07:21:09.375  2763  5067 V Configuration: Updating configuration, locales updated from [] to [en_IN]
03-02 07:21:09.375  2763  5067 V Configuration: Updating configuration, locales updated from [] to [en_IN]
03-02 07:21:09.375  2763  5067 V Configuration: Updating configuration, locales updated from [] to [en_IN]
03-02 07:21:09.375  2763  5067 V Configuration: Updating configuration, locales updated from [] to [en_IN]
03-02 07:21:09.375  2763  5067 V Configuration: Updating configuration, locales updated from [] to [en_IN]
03-02 07:21:09.375  2763  5067 V Configuration: Updating configuration, locales updated from [] to [en_IN]
03-02 07:21:09.375  2763  5067 V Configuration: Updating configuration, locales updated from [] to [en_IN]
03-02 07:21:09.375  2763  5067 V Configuration: Updating configuration, locales updated from [] to [en_IN]
03-02 07:21:09.375  2763  5067 V Configuration: Updating configuration, locales updated from [] to [en_IN]
03-02 07:21:09.375  2763  5067 V Configuration: Updating configuration, locales updated from [] to [en_IN]
03-02 07:21:09.375  2763  5067 V Configuration: Updating configuration, locales updated from [] to [en_IN]
03-02 07:21:09.375  2763  5067 V Configuration: Updating configuration, locales updated from [] to [en_IN]
03-02 07:21:09.375  2763  5067 V Configuration: Updating configuration, locales updated from [] to [en_IN]
03-02 07:21:09.375  2763  5067 V Configuration: Updating configuration, locales updated from [] to [en_IN]
03-02 07:21:09.375  2763  5067 V Configuration: Updating configuration, locales updated from [] to [en_IN]
03-02 07:21:09.375  2763  5067 V Configuration: Updating configuration, locales updated from [] to [en_IN]
03-02 07:21:09.375  2763  5067 V Configuration: Updating configuration, locales updated from [] to [en_IN]
03-02 07:21:09.375  2763  5067 V Configuration: Updating configuration, locales updated from [] to [en_IN]
03-02 07:21:09.375  2763  5067 V Configuration: Updating configuration, locales updated from [] to [en_IN]
03-02 07:21:09.375  2763  5067 V Configuration: Updating configuration, locales updated from [] to [en_IN]
03-02 07:21:09.375  2763  5067 V Configuration: Updating configuration, locales updated from [] to [en_IN]
03-02 07:21:09.375  2763  5067 V Configuration: Updating configuration, locales updated from [] to [en_IN]
03-02 07:21:09.375  2763  5067 V Configuration: Updating configuration, locales updated from [] to [en_IN]
03-02 07:21:09.375  2763  5067 V Configuration: Updating configuration, locales updated from [] to [en_IN]
03-02 07:21:09.375  2763  5067 V Configuration: Updating configuration, locales updated from [] to [en_IN]
03-02 07:21:09.375  2763  5067 V Configuration: Updating configuration, locales updated from [] to [en_IN]
03-02 07:21:09.375  2763  5067 V Configuration: Updating configuration, locales updated from [] to [en_IN]
03-02 07:21:09.376  2763  5067 D IntervalStats: Unable to parse usage stats packages: [8, 123, 167, 209, 252, 301, 393, 452, 476, 490, 491, 492, 517, 531, 532, 533, 534, 535, 539, 541, 549, 551, 554, 572, 580, 590, 596, 616, 617, 618, 621, 622, 623, 624, 626, 627, 628, 629, 630, 631, 632, 636, 638, 639, 640, 641, 645, 649, 653, 655, 656, 657]
03-02 07:21:09.415  3260  3260 I ActivityThread: Removing dead content provider:android.content.ContentProviderProxy@3bc1228
03-02 07:21:09.416  3260  3260 I ActivityThread: Removing dead content provider:android.content.ContentProviderProxy@78c1b41
03-02 07:21:09.427  2763  3197 I ActivityManager: Start proc 31754:com.android.keychain/1000 for service {com.android.keychain/com.android.keychain.KeyChainService}
03-02 07:21:09.427  2763  3197 I ActivityManager: ProcessObserver broadcast disabled
03-02 07:21:09.471  2763  2763 I Telecom : CarModeTracker: Package in.mahato.bytetools is not tracked.: SSH.oR@EC0
03-02 07:21:09.473  2763  2763 I Telecom : InCallController: updateCarModeForConnections: car mode apps: : SSH.oR@EC0
03-02 07:21:09.473  2763  2763 I Telecom : InCallController: Child managed profile user found: 10: SSH.oR@EC0
03-02 07:21:09.473  2763  2763 I Telecom : InCallController: update carmode current:UserHandle{0} parent:UserHandle{10}: SSH.oR@EC0
03-02 07:21:09.511  2763  2763 W ContextImpl: Calling a method in the system process without a qualified user: android.app.ContextImpl.sendBroadcast:1293 com.motorola.server.security.PackageChangedReceiver.onReceive:68 android.app.LoadedApk$ReceiverDispatcher$Args.lambda$getRunnable$0:1857 android.app.LoadedApk$ReceiverDispatcher$Args.$r8$lambda$mcNAAl1SQ4MyJPyDg8TJ2x2h0Rk:0 android.app.LoadedApk$ReceiverDispatcher$Args$$ExternalSyntheticLambda0.run:0 
03-02 07:21:09.515  2763  2763 W Looper  : Slow delivery took 217ms main app=system_server main=true group=FOREGROUND h=android.app.ActivityThread$H c=android.app.LoadedApk$ReceiverDispatcher$Args$$ExternalSyntheticLambda0@d80521 m=0
03-02 07:21:09.521  2763  3196 D CompatChangeReporter: Compat change id reported: 151861875; UID 10327; state: ENABLED
03-02 07:21:09.538  2763  2763 I ConditionProviders: Disallowing condition provider in.mahato.bytetools (userSet: true)
03-02 07:21:09.541  2763  3197 I ActivityManager: Start proc 31774:com.qualcomm.qti.workloadclassifier/u0a327 for broadcast {com.qualcomm.qti.workloadclassifier/com.qualcomm.qti.workloadclassifier.WLCReceiver}
03-02 07:21:09.542  2763  3197 I ActivityManager: ProcessObserver broadcast disabled
03-02 07:21:09.574  2763  2763 W Looper  : Drained
03-02 07:21:09.589  2763  4282 W AppOpService: Ignored setUidMode call for runtime permission app op: uid = 10159, code = FINE_LOCATION, mode = allow, callingUid = 1000, oldMode = allow
03-02 07:21:09.603  2763  3990 D BackgroundInstallControlService: Package event received: 0
03-02 07:21:09.618  2763 31771 D BatteryOptimizationPolicy: setNonBatteryOptimizedModeForAppList: [com.motorola.oemconfig.rel, com.motorola.oemconfig.demo, com.motorola.enterprise.adapter.service]
03-02 07:21:09.625  2763 31771 E DeviceIdleController: Tried to add unknown package to power save whitelist: com.motorola.oemconfig.demo
03-02 07:21:09.625  2763 31771 E DeviceIdleController: Tried to add unknown package to power save whitelist: com.motorola.oemconfig.rel
03-02 07:21:09.625  2763 31771 D BatteryOptimizationPolicy: Package not found: com.motorola.oemconfig.rel Current user: 0
03-02 07:21:09.625  2763 31771 D BatteryOptimizationPolicy: Package not found: com.motorola.oemconfig.demo Current user: 0
03-02 07:21:09.625  2763 31771 D BatteryOptimizationPolicy: Granting permission to run jobs when in background: com.motorola.enterprise.adapter.service(UID: 10274)
03-02 07:21:09.663  2763  7987 I ActivityManager: Flag disabled. Ignoring finishAttachApplication from uid: 1000. pid: 31754
03-02 07:21:09.858  2763  3168 I DisplayDeviceRepository: Display device changed render timings: "Built-in Screen", renderFrameRate=120.00001, presentationDeadlineNanos=11500000, appVsyncOffsetNanos=833333, frameRateOverrides=[]
03-02 07:21:10.058  2763 31771 D BatteryOptimizationPolicy: Package not found: com.motorola.oemconfig.rel Current user: 10
03-02 07:21:10.059  2763 31771 D BatteryOptimizationPolicy: Package not found: com.motorola.oemconfig.demo Current user: 10
03-02 07:21:10.059  2763  4065 W ActivityManager: Slow operation: 453ms so far, now at attachApplicationLocked: after updateOomAdjLocked
03-02 07:21:10.060  2763 31771 D BatteryOptimizationPolicy: Granting permission to run jobs when in background: com.motorola.enterprise.adapter.service(UID: 1010274)
03-02 07:21:10.062  2763  3166 D WindowManager: DeferredDisplayUpdater: partially applying DisplayInfo(1220 x 2712) immediately
03-02 07:21:10.067  2763  2763 W Looper  : Slow dispatch took 366ms main app=system_server main=true group=FOREGROUND h=com.android.server.notification.NotificationManagerService$WorkerHandler c=com.android.server.notification.NotificationManagerService$CancelNotificationRunnable@5a625e7 m=0
03-02 07:21:10.079   905  1112 W Binder  : reply too large data on java level: InterfaceDescriptor = null, code = 1
03-02 07:21:10.092  2763 31771 D BatteryOptimizationPolicy: setNonBatteryOptimizedModeForAppList: [com.motorola.oemconfig.rel, com.motorola.oemconfig.demo, com.motorola.enterprise.adapter.service]
03-02 07:21:10.097  2763  4205 E AppOps  : attributionTag VCN not declared in manifest of android
03-02 07:21:10.098  2763  2763 W Looper  : Slow delivery took 367ms main app=system_server main=true group=FOREGROUND h=com.android.server.notification.NotificationManagerService$WorkerHandler c=com.android.server.notification.NotificationManagerService$CancelNotificationRunnable@50b4618 m=0
03-02 07:21:10.103  2763 31771 E DeviceIdleController: Tried to add unknown package to power save whitelist: com.motorola.oemconfig.demo
03-02 07:21:10.103  2763 31771 E DeviceIdleController: Tried to add unknown package to power save whitelist: com.motorola.oemconfig.rel
03-02 07:21:10.103  2763 31771 D BatteryOptimizationPolicy: Package not found: com.motorola.oemconfig.rel Current user: 0
03-02 07:21:10.103  2763 31771 D BatteryOptimizationPolicy: Package not found: com.motorola.oemconfig.demo Current user: 0
03-02 07:21:10.103  2763 31771 D BatteryOptimizationPolicy: Granting permission to run jobs when in background: com.motorola.enterprise.adapter.service(UID: 10274)
03-02 07:21:10.104  2763 31771 D BatteryOptimizationPolicy: Package not found: com.motorola.oemconfig.rel Current user: 10
03-02 07:21:10.104  2763 31771 D BatteryOptimizationPolicy: Package not found: com.motorola.oemconfig.demo Current user: 10
03-02 07:21:10.104  2763 31771 D BatteryOptimizationPolicy: Granting permission to run jobs when in background: com.motorola.enterprise.adapter.service(UID: 1010274)
03-02 07:21:10.108  2763  3681 I ActivityManager: appDiedLocked: app=ProcessRecord{2c63031 27773:com.motorola.moto/u0a190} thread=android.os.BinderProxy@92e56d7 fromBinderDied=true isKilledByAm=false reason=null
03-02 07:21:10.108  2763  3681 I ActivityManager: Process com.motorola.moto (pid 27773) has died: cch+85 CEM 
03-02 07:21:10.110  2763 31771 E RemoteControlPolicy: Not allowed to remote control in this context
03-02 07:21:10.115  2763  3681 D RestartModeController: markWaitRestartAppIsSuicided null processName=com.motorola.moto
03-02 07:21:10.118  2763  3681 D ActivityTaskManager: handleAppDied: uid=10190,diedCount=1,lastDiedTime=647190474,forceStopUids=false
03-02 07:21:10.119  2763  5064 I ActivityManager: appDiedLocked: app=ProcessRecord{1f65e87 28846:com.motorola.motosecurecore/u0a537} thread=android.os.BinderProxy@1686548 fromBinderDied=true isKilledByAm=false reason=null
03-02 07:21:10.119  2763  5064 I ActivityManager: Process com.motorola.motosecurecore (pid 28846) has died: cch+85 CEM 
03-02 07:21:10.120  2763  5064 D RestartModeController: markWaitRestartAppIsSuicided null processName=com.motorola.motosecurecore
03-02 07:21:10.121  2763  5064 D ActivityTaskManager: handleAppDied: uid=10537,diedCount=1,lastDiedTime=646897192,forceStopUids=false
03-02 07:21:10.121  2763  5037 I ActivityManager: appDiedLocked: app=ProcessRecord{3bf7c95 28061:com.google.android.packageinstaller/u0a120} thread=android.os.BinderProxy@72ae975 fromBinderDied=true isKilledByAm=false reason=null
03-02 07:21:10.121  2763  5037 I ActivityManager: Process com.google.android.packageinstaller (pid 28061) has died: cch+75 CEM 
03-02 07:21:10.122  2763  5037 D RestartModeController: markWaitRestartAppIsSuicided null processName=com.google.android.packageinstaller
03-02 07:21:10.122  2763  5037 D ActivityTaskManager: handleAppDied: uid=10120,diedCount=1,lastDiedTime=646909941,forceStopUids=false
03-02 07:21:10.123  2763  5018 I ActivityManager: appDiedLocked: app=ProcessRecord{bc58639 28952:com.motorola.dolby.dolbyui/u0a149} thread=android.os.BinderProxy@2c91ade fromBinderDied=true isKilledByAm=false reason=null
03-02 07:21:10.123  2763  5018 I ActivityManager: Process com.motorola.dolby.dolbyui (pid 28952) has died: cch+75 CEM 
03-02 07:21:10.124  2763  5018 D RestartModeController: markWaitRestartAppIsSuicided null processName=com.motorola.dolby.dolbyui
03-02 07:21:10.124  2763  5018 D ActivityTaskManager: handleAppDied: uid=10149,diedCount=1,lastDiedTime=647213305,forceStopUids=false
03-02 07:21:10.125  2763  3168 W ActivityManager: setHasOverlayUi called on unknown pid: 28061
03-02 07:21:10.126  2763  4282 W AppOpService: Ignored setUidMode call for runtime permission app op: uid = 10159, code = FINE_LOCATION, mode = allow, callingUid = 1000, oldMode = allow
03-02 07:21:10.141  2763  7987 I ActivityManager: appDiedLocked: app=ProcessRecord{f298ef 28784:android.process.media/u0a118} thread=android.os.BinderProxy@ea41654 fromBinderDied=true isKilledByAm=false reason=null
03-02 07:21:10.141  2763  7987 I ActivityManager: Process android.process.media (pid 28784) has died: cch+85 CEM 
03-02 07:21:10.142  2763  7987 D RestartModeController: markWaitRestartAppIsSuicided null processName=android.process.media
03-02 07:21:10.142  2763  7987 D ActivityTaskManager: handleAppDied: uid=10118,diedCount=1,lastDiedTime=646910531,forceStopUids=false
03-02 07:21:10.169  2763  4907 I ActivityManager: Flag disabled. Ignoring finishAttachApplication from uid: 10327. pid: 31774
03-02 07:21:10.180  2763 19835 V Configuration: Updating configuration, locales updated from [] to [en_IN]
03-02 07:21:10.180  2763 19835 V Configuration: Updating configuration, locales updated from [] to [en_IN]
03-02 07:21:10.180  2763 19835 V Configuration: Updating configuration, locales updated from [] to [en_IN]
03-02 07:21:10.180  2763 19835 V Configuration: Updating configuration, locales updated from [] to [en_IN]
03-02 07:21:10.181  2763 19835 V Configuration: Updating configuration, locales updated from [] to [en_IN]
03-02 07:21:10.185  2763  2763 W Looper  : Drained
03-02 07:21:10.187  2763 19835 V Configuration: Updating configuration, locales updated from [] to [en_IN]
03-02 07:21:10.187  2763 19835 V Configuration: Updating configuration, locales updated from [] to [en_IN]
03-02 07:21:10.187  2763 19835 V Configuration: Updating configuration, locales updated from [] to [en_IN]
03-02 07:21:10.187  2763 19835 V Configuration: Updating configuration, locales updated from [] to [en_IN]
03-02 07:21:10.187  2763 19835 V Configuration: Updating configuration, locales updated from [] to [en_IN]
03-02 07:21:10.187  2763 19835 V Configuration: Updating configuration, locales updated from [] to [en_IN]
03-02 07:21:10.188  2763 19835 V Configuration: Updating configuration, locales updated from [] to [en_IN]
03-02 07:21:10.188  2763 19835 V Configuration: Updating configuration, locales updated from [] to [en_IN]
03-02 07:21:10.188  2763 19835 V Configuration: Updating configuration, locales updated from [] to [en_IN]
03-02 07:21:10.188  2763 19835 V Configuration: Updating configuration, locales updated from [] to [en_IN]
03-02 07:21:10.188  2763 19835 V Configuration: Updating configuration, locales updated from [] to [en_IN]
03-02 07:21:10.188  2763 19835 V Configuration: Updating configuration, locales updated from [] to [en_IN]
03-02 07:21:10.188  2763 19835 V Configuration: Updating configuration, locales updated from [] to [en_IN]
03-02 07:21:10.188  2763 19835 V Configuration: Updating configuration, locales updated from [] to [en_IN]
03-02 07:21:10.188  2763 19835 V Configuration: Updating configuration, locales updated from [] to [en_IN]
03-02 07:21:10.188  2763 19835 V Configuration: Updating configuration, locales updated from [] to [en_IN]
03-02 07:21:10.188  2763 19835 V Configuration: Updating configuration, locales updated from [] to [en_IN]
03-02 07:21:10.188  2763 19835 V Configuration: Updating configuration, locales updated from [] to [en_IN]
03-02 07:21:10.188  2763 19835 V Configuration: Updating configuration, locales updated from [] to [en_IN]
03-02 07:21:10.188  2763 19835 V Configuration: Updating configuration, locales updated from [] to [en_IN]
03-02 07:21:10.188  2763 19835 V Configuration: Updating configuration, locales updated from [] to [en_IN]
03-02 07:21:10.188  2763 19835 V Configuration: Updating configuration, locales updated from [] to [en_IN]
03-02 07:21:10.188  2763 19835 V Configuration: Updating configuration, locales updated from [] to [en_IN]
03-02 07:21:10.188  2763 19835 V Configuration: Updating configuration, locales updated from [] to [en_IN]
03-02 07:21:10.188  2763 19835 V Configuration: Updating configuration, locales updated from [] to [en_IN]
03-02 07:21:10.188  2763 19835 V Configuration: Updating configuration, locales updated from [] to [en_IN]
03-02 07:21:10.188  2763 19835 V Configuration: Updating configuration, locales updated from [] to [en_IN]
03-02 07:21:10.188  2763 19835 V Configuration: Updating configuration, locales updated from [] to [en_IN]
03-02 07:21:10.188  2763 19835 V Configuration: Updating configuration, locales updated from [] to [en_IN]
03-02 07:21:10.188  2763 19835 V Configuration: Updating configuration, locales updated from [] to [en_IN]
03-02 07:21:10.190  2763 19835 D IntervalStats: Unable to parse usage stats packages: [8, 123, 167, 209, 252, 301, 393, 452, 476, 490, 491, 492, 517, 531, 532, 533, 534, 535, 539, 541, 549, 551, 554, 572, 580, 590, 596, 616, 617, 618, 621, 622, 623, 624, 626, 627, 628, 629, 630, 631, 632, 636, 638, 639, 640, 641, 645, 649, 653, 655, 656, 657]
03-02 07:21:10.217  2763  3197 I ActivityManager: Start proc 31847:com.google.android.apps.carrier.carrierwifi/u0a171 for broadcast {com.google.android.apps.carrier.carrierwifi/com.google.android.apps.carrier.carrierwifi.CarrierWifiReceiver}
03-02 07:21:10.218  2763  3197 I ActivityManager: ProcessObserver broadcast disabled
03-02 07:21:10.223  2763  3196 D ActivityManager: unfreezing ProcessRecord{3143467 28426:com.google.android.apps.nbu.files/u0a177}, reason = unfreezeTemporarily, adj = 965, adjType = cch-empty, adjSource = null
03-02 07:21:10.224  2763  3196 D ActivityManager: sync unfroze 28426 com.google.android.apps.nbu.files for 3
03-02 07:21:10.262  2763  3196 D ActivityManager: unfreezing ProcessRecord{ccf3e75 28807:com.google.android.adservices.api/u0a339}, reason = unfreezeTemporarily, adj = 935, adjType = cch-empty, adjSource = null
03-02 07:21:10.262  2763  3196 D ActivityManager: sync unfroze 28807 com.google.android.adservices.api for 3
03-02 07:21:10.314  2763  3168 I DisplayDeviceRepository: Display device changed render timings: "Built-in Screen", renderFrameRate=60.000004, presentationDeadlineNanos=11500000, appVsyncOffsetNanos=9166666, frameRateOverrides=[]
03-02 07:21:10.315  2763  3166 D WindowManager: DeferredDisplayUpdater: partially applying DisplayInfo(1220 x 2712) immediately
03-02 07:21:10.349  2763  5082 D CompatChangeReporter: Compat change id reported: 311208629; UID 10327; state: ENABLED
03-02 07:21:10.356  2763  3197 I ActivityManager: Start proc 31881:com.google.android.apps.wellbeing/u0a226 for broadcast {com.google.android.apps.wellbeing/com.google.android.apps.wellbeing.common.receiver.coalescedreceivers.PackageFullyRemovedCoalescedBroadcast_Receiver}
03-02 07:21:10.356  2763  3197 I ActivityManager: ProcessObserver broadcast disabled
03-02 07:21:10.408  2763  3990 D BackgroundInstallControlService: Package event received: 0
03-02 07:21:10.428  2763  3197 I ActivityManager: Start proc 31895:com.google.android.documentsui/u0a122 for broadcast {com.google.android.documentsui/com.android.documentsui.PackageReceiver}
03-02 07:21:10.428  2763  3197 I ActivityManager: ProcessObserver broadcast disabled
03-02 07:21:10.440  2763  4500 I ActivityManager: appDiedLocked: app=ProcessRecord{7642fa0 31774:com.qualcomm.qti.workloadclassifier/u0a327} thread=android.os.BinderProxy@ab9cda8 fromBinderDied=true isKilledByAm=false reason=null
03-02 07:21:10.440  2763  4500 I ActivityManager: Process com.qualcomm.qti.workloadclassifier (pid 31774) has died: cch+15 CEM 
03-02 07:21:10.440  2763  4500 D RestartModeController: markWaitRestartAppIsSuicided null processName=com.qualcomm.qti.workloadclassifier
03-02 07:21:10.441  2763  4500 D ActivityTaskManager: handleAppDied: uid=10327,diedCount=1,lastDiedTime=647235730,forceStopUids=false
03-02 07:21:10.519  2763  7961 I ActivityManager: Flag disabled. Ignoring finishAttachApplication from uid: 10171. pid: 31847
03-02 07:21:10.552  2763  3197 I ActivityManager: Start proc 31913:com.google.android.videos/u0a261 for broadcast {com.google.android.videos/com.google.android.libraries.social.peoplekit.thirdparty.viewcontrollers.ThirdPartyReceiver}
03-02 07:21:10.552  2763  3197 I ActivityManager: ProcessObserver broadcast disabled
03-02 07:21:10.596  2763  4500 D CompatChangeReporter: Compat change id reported: 311402873; UID 10171; state: ENABLED
03-02 07:21:10.596  2763  4500 D CompatChangeReporter: Compat change id reported: 323349338; UID 10171; state: ENABLED
03-02 07:21:10.650  2763  5049 D CompatChangeReporter: Compat change id reported: 297989574; UID 10171; state: ENABLED
03-02 07:21:10.695  2763  4500 D CompatChangeReporter: Compat change id reported: 311208629; UID 10171; state: ENABLED
03-02 07:21:10.728  2763  5049 I ActivityManager: Flag disabled. Ignoring finishAttachApplication from uid: 10122. pid: 31895
03-02 07:21:10.746  2763  3792 W AccessibilitySecurityPolicy: Skipping accessibility service com.lenskart.app/io.cobrowse.CobrowseAccessibilityService: it does not require the permission android.permission.BIND_ACCESSIBILITY_SERVICE
03-02 07:21:10.761  2763  3197 I ActivityManager: Start proc 31948:com.motorola.om/u0a203 for broadcast {com.motorola.om/com.motorola.om.manager.monitor.AppRemoveMonitor}
03-02 07:21:10.761  2763  3197 I ActivityManager: ProcessObserver broadcast disabled
03-02 07:21:10.808  2763  3990 D BackgroundInstallControlService: Package event received: 0
03-02 07:21:10.812  2763  3197 I ActivityManager: Start proc 31962:com.motorola.spaces/u0a206 for broadcast {com.motorola.spaces/com.motorola.spaces.manager.monitor.AppChangeMonitor}
03-02 07:21:10.812  2763  3197 I ActivityManager: ProcessObserver broadcast disabled
03-02 07:21:10.816  2763  3792 V AccessibilityManagerService: onUserStateChangedLocked for userId: 0, forceUpdate: false
03-02 07:21:10.817  2763  3792 W MagnificationConnectionManager: requestConnection duplicated request: connect=false, mConnectionState=DISCONNECTED
03-02 07:21:10.823  2763  3197 I ActivityManager: Start proc 31963:com.google.android.apps.docs/u0a237 for content provider {com.google.android.apps.docs/com.google.android.apps.docs.common.storagebackend.StorageBackendContentProvider}
03-02 07:21:10.824  2763  3197 I ActivityManager: ProcessObserver broadcast disabled
03-02 07:21:10.851  2763  5049 I ActivityManager: Flag disabled. Ignoring finishAttachApplication from uid: 10226. pid: 31881
03-02 07:21:10.913  2763  5018 I ActivityManager: appDiedLocked: app=ProcessRecord{37ddd6c 29521:com.android.soundpicker/u0a118} thread=android.os.BinderProxy@33fdc8c fromBinderDied=true isKilledByAm=false reason=null
03-02 07:21:10.913  2763  5018 I ActivityManager: Process com.android.soundpicker (pid 29521) has died: cch+75 CEM 
03-02 07:21:10.913  2763  5018 D RestartModeController: markWaitRestartAppIsSuicided null processName=com.android.soundpicker
03-02 07:21:10.913  2763  5018 D ActivityTaskManager: handleAppDied: uid=10118,diedCount=1,lastDiedTime=647340489,forceStopUids=false
03-02 07:21:11.049  2763  7961 I ActivityManager: Flag disabled. Ignoring finishAttachApplication from uid: 10203. pid: 31948
03-02 07:21:11.056  2763  3197 W MotoBatteryCareService: isBatteryCareAllowedSelfStart restricted by mode.
03-02 07:21:11.070  2763  3197 I ActivityManager: Start proc 32014:com.jio.myjio/u0a397 for broadcast {com.jio.myjio/com.inn.passivesdk.receiver.PackageReceiver}
03-02 07:21:11.070  2763  3197 I ActivityManager: ProcessObserver broadcast disabled
03-02 07:21:11.087  2763  7961 I ActivityManager: appDiedLocked: app=ProcessRecord{a5e5223 29641:com.motorola.aiservices/u0a158} thread=android.os.BinderProxy@62952b2 fromBinderDied=true isKilledByAm=false reason=null
03-02 07:21:11.088  2763  7961 I ActivityManager: Process com.motorola.aiservices (pid 29641) has died: cch+65 CEM 
03-02 07:21:11.089  2763  7961 W ActivityManager: Scheduling restart of crashed service com.motorola.aiservices/.controller.AiService in 1000ms for connection
03-02 07:21:11.089  2763  7961 D RestartModeController: markWaitRestartAppIsSuicided null processName=com.motorola.aiservices
03-02 07:21:11.090  2763  7961 D ActivityTaskManager: handleAppDied: uid=10158,diedCount=1,lastDiedTime=646917202,forceStopUids=false
03-02 07:21:11.279  2763  7961 D CompatChangeReporter: Compat change id reported: 311402873; UID 10261; state: ENABLED
03-02 07:21:11.279  2763  7961 D CompatChangeReporter: Compat change id reported: 323349338; UID 10261; state: ENABLED
03-02 07:21:11.308  2763  4205 I MediaSessionStack: addSession to bottom of stack | record: com.google.android.videos/play_movies_media/658 (userId=0)
03-02 07:21:11.312  2763  4205 I ActivityManager: appDiedLocked: app=ProcessRecord{5d54256 29546:com.motorola.securityhub/u0a299} thread=android.os.BinderProxy@49278ff fromBinderDied=true isKilledByAm=false reason=null
03-02 07:21:11.312  2763  4205 I ActivityManager: Process com.motorola.securityhub (pid 29546) has died: cch+65 CEM 
03-02 07:21:11.313  2763  4205 D RestartModeController: markWaitRestartAppIsSuicided null processName=com.motorola.securityhub
03-02 07:21:11.315  2763  4205 D ActivityTaskManager: handleAppDied: uid=10299,diedCount=1,lastDiedTime=647215509,forceStopUids=false
03-02 07:21:11.351  2763  4500 I ActivityManager: appDiedLocked: app=ProcessRecord{e22052b 29803:com.motorola.personalize/u0a306} thread=android.os.BinderProxy@530c3c4 fromBinderDied=true isKilledByAm=false reason=null
03-02 07:21:11.351  2763  4500 I ActivityManager: Process com.motorola.personalize (pid 29803) has died: cch+55 CEM 
03-02 07:21:11.351  2763  4500 W ActivityManager: Scheduling restart of crashed service com.motorola.personalize/.plugin.LockScreenPluginService in 1000ms for connection
03-02 07:21:11.352  2763  4500 D RestartModeController: markWaitRestartAppIsSuicided null processName=com.motorola.personalize
03-02 07:21:11.352  2763  4500 D ActivityTaskManager: handleAppDied: uid=10306,diedCount=1,lastDiedTime=647238030,forceStopUids=false
03-02 07:21:11.355  2763  5064 W ActivityManager: pid 4130 com.android.systemui sent binder code 3 with flags 1 to frozen apps and got error -32
03-02 07:21:11.355  2763  5064 D ActivityManager: Too many transaction errors, throttling freezer binder callback.
03-02 07:21:11.355  4130  5739 D ActivityThread: Too many transaction errors, throttling freezer binder callback.
03-02 07:21:11.365  2763  3990 D BackgroundInstallControlService: Package event received: 0
03-02 07:21:11.378  2763  5082 I ActivityManager: Flag disabled. Ignoring finishAttachApplication from uid: 10206. pid: 31962
03-02 07:21:11.446  2763  3197 I ActivityManager: Start proc 32101:android.process.media/u0a118 for broadcast {com.android.providers.downloads/com.android.providers.downloads.DownloadReceiver}
03-02 07:21:11.446  2763  3197 I ActivityManager: ProcessObserver broadcast disabled
03-02 07:21:11.498  2763  4500 I ActivityManager: Flag disabled. Ignoring finishAttachApplication from uid: 10261. pid: 31913
03-02 07:21:11.517  2763  3197 I ActivityManager: Start proc 32116:com.motorola.motosecurecore/u0a537 for broadcast {com.motorola.motosecurecore/com.motorola.motosecurecore.listener.PackageChangedReceiver}
03-02 07:21:11.518  2763  3197 I ActivityManager: ProcessObserver broadcast disabled
03-02 07:21:11.721  2763  7961 I ActivityManager: Flag disabled. Ignoring finishAttachApplication from uid: 10237. pid: 31963
03-02 07:21:11.807  2763  3990 D BackgroundInstallControlService: Package event received: 0
03-02 07:21:11.946  2763  7984 I ActivityManager: Flag disabled. Ignoring finishAttachApplication from uid: 10118. pid: 32101
03-02 07:21:11.995  2763  4907 I ActivityManager: Flag disabled. Ignoring finishAttachApplication from uid: 10537. pid: 32116
03-02 07:21:12.177  2763  3739 D ActivityManager: freezing 29734 com.google.android.cellbroadcastreceiver, reason = oom_cached
03-02 07:21:12.194  2763  4907 I ActivityManager: appDiedLocked: app=ProcessRecord{ed28f1b 29810:com.android.settings/u10s1000} thread=android.os.BinderProxy@8b84dae fromBinderDied=true isKilledByAm=false reason=null
03-02 07:21:12.194  2763  4907 I ActivityManager: Process com.android.settings (pid 29810) has died: cch+55 CEM 
03-02 07:21:12.195  2763  4907 D RestartModeController: markWaitRestartAppIsSuicided null processName=com.android.settings
03-02 07:21:12.195  2763  4907 D ActivityTaskManager: handleAppDied: uid=1001000,diedCount=1,lastDiedTime=647172020,forceStopUids=false
03-02 07:21:12.352  2763  3196 D CompatChangeReporter: Compat change id reported: 151861875; UID 10306; state: ENABLED
03-02 07:21:12.352  2763  3990 D BackgroundInstallControlService: Package event received: 0
03-02 07:21:12.363  2763  3197 I ActivityManager: Start proc 32198:com.motorola.personalize/u0a306 for service {com.motorola.personalize/com.motorola.personalize.plugin.LockScreenPluginService}
03-02 07:21:12.364  2763  3197 I ActivityManager: ProcessObserver broadcast disabled
03-02 07:21:12.471  2763  3195 D LauncherAppsService: onPackageRemoved: triggering onPackageRemoved for user=UserHandle{0}, packageName=in.mahato.bytetools
03-02 07:21:12.472  2763  3195 D LauncherAppsService: onPackageRemoved: triggering onPackageRemoved for user=UserHandle{0}, packageName=in.mahato.bytetools
03-02 07:21:12.472  2763  3195 D LauncherAppsService: onPackageRemoved: triggering onPackageRemoved for user=UserHandle{0}, packageName=in.mahato.bytetools
03-02 07:21:12.472  2763  3195 W UserManagerService: onPackageRemoved for another profile 0 from 10
03-02 07:21:12.472  2763  3195 D LauncherAppsService: onPackageRemoved: Skipping - profile not enabled or not accessible for user=UserHandle{0}, packageName=in.mahato.bytetools
03-02 07:21:12.472  2763  3195 D LauncherAppsService: onPackageRemoved: triggering onPackageRemoved for user=UserHandle{0}, packageName=in.mahato.bytetools
03-02 07:21:12.472  2763  3195 D LauncherAppsService: onPackageRemoved: triggering onPackageRemoved for user=UserHandle{0}, packageName=in.mahato.bytetools
03-02 07:21:12.473  2763  7961 W UserManagerService: Do not support app clone feature.
03-02 07:21:12.483  2763  3990 D BackgroundInstallControlService: Package event received: 0
03-02 07:21:12.484  2763  3990 D BackgroundInstallControlService: Package event received: 0
03-02 07:21:12.699  2763  3374 I AppsFilter: interaction: PackageSetting{880e90c in.mahato.cocircle.dev/10636} -> PackageSetting{4084660 com.google.android.apps.docs/10237} BLOCKED
03-02 07:21:12.699  2763  3374 I AppsFilter: interaction: PackageSetting{29bd5b com.oem.euiccpartnerapp/10233} -> PackageSetting{4084660 com.google.android.apps.docs/10237} BLOCKED
03-02 07:21:12.709  2763  3989 D ShortcutService: received package broadcast intent: Intent { act=android.intent.action.PACKAGE_CHANGED dat=package: flg=0x45000010 pkg=android (has extras) }
03-02 07:21:12.709  2763  3989 D ShortcutService: changing package: com.google.android.apps.docs userId=0
03-02 07:21:12.721  2763  3976 D AppWidgetServiceImpl: Trying to notify widget providers changed
03-02 07:21:12.724  2763  3976 D AppWidgetServiceImpl: Trying to notify widget providers changed
03-02 07:21:12.773  2763  4500 W AppOpService: Ignored setUidMode call for runtime permission app op: uid = 10195, code = READ_CELL_BROADCASTS, mode = allow, callingUid = 1001, oldMode = allow
03-02 07:21:12.785  2763  4907 W AppOpService: Ignored setUidMode call for runtime permission app op: uid = 1001, code = READ_SMS, mode = allow, callingUid = 1001, oldMode = allow
03-02 07:21:12.787  2763  3989 D ShortcutService: received package broadcast intent: Intent { act=android.intent.action.PACKAGE_CHANGED dat=package: flg=0x45000010 (has extras) }
03-02 07:21:12.787  2763  3989 D ShortcutService: changing package: com.google.android.apps.docs userId=0
03-02 07:21:12.788  2763  7961 W AppOpService: Ignored setUidMode call for runtime permission app op: uid = 1001, code = RECEIVE_SMS, mode = allow, callingUid = 1001, oldMode = allow
03-02 07:21:12.788  2763  7961 W AppOpService: Ignored setUidMode call for runtime permission app op: uid = 1001, code = RECEIVE_WAP_PUSH, mode = allow, callingUid = 1001, oldMode = allow
03-02 07:21:12.789  2763  7961 W AppOpService: Ignored setUidMode call for runtime permission app op: uid = 1001, code = SEND_SMS, mode = allow, callingUid = 1001, oldMode = allow
03-02 07:21:12.789  2763  7961 W AppOpService: Ignored setUidMode call for runtime permission app op: uid = 1001, code = READ_CELL_BROADCASTS, mode = allow, callingUid = 1001, oldMode = allow
03-02 07:21:12.809  2763  4282 W AppOpService: Ignored setUidMode call for runtime permission app op: uid = 10159, code = FINE_LOCATION, mode = allow, callingUid = 1000, oldMode = allow
03-02 07:21:12.814  2763  7984 W AppOpService: Ignored setUidMode call for runtime permission app op: uid = 10195, code = READ_CELL_BROADCASTS, mode = allow, callingUid = 1001, oldMode = allow
03-02 07:21:12.816  2763  5049 W AppOpService: Ignored setUidMode call for runtime permission app op: uid = 1001, code = READ_SMS, mode = allow, callingUid = 1001, oldMode = allow
03-02 07:21:12.816  2763  7984 W AppOpService: Ignored setUidMode call for runtime permission app op: uid = 1001, code = RECEIVE_SMS, mode = allow, callingUid = 1001, oldMode = allow
03-02 07:21:12.816  2763  7984 W AppOpService: Ignored setUidMode call for runtime permission app op: uid = 1001, code = RECEIVE_WAP_PUSH, mode = allow, callingUid = 1001, oldMode = allow
03-02 07:21:12.817  2763  4205 W AppOpService: Ignored setUidMode call for runtime permission app op: uid = 1001, code = SEND_SMS, mode = allow, callingUid = 1001, oldMode = allow
03-02 07:21:12.817  2763  4205 W AppOpService: Ignored setUidMode call for runtime permission app op: uid = 1001, code = READ_CELL_BROADCASTS, mode = allow, callingUid = 1001, oldMode = allow
03-02 07:21:12.821  2763  4282 W AppOpService: Ignored setUidMode call for runtime permission app op: uid = 10159, code = FINE_LOCATION, mode = allow, callingUid = 1000, oldMode = allow
03-02 07:21:12.854  2763  3739 D ActivityManager: freezing 30740 com.microsoft.windowsintune.companyportal:omadm_client_process, reason = oom_cached
03-02 07:21:12.855  2763  7961 I ActivityManager: Flag disabled. Ignoring finishAttachApplication from uid: 10306. pid: 32198
03-02 07:21:12.856  2763  3792 W AccessibilitySecurityPolicy: Skipping accessibility service com.lenskart.app/io.cobrowse.CobrowseAccessibilityService: it does not require the permission android.permission.BIND_ACCESSIBILITY_SERVICE
03-02 07:21:12.859  2763  3792 V AccessibilityManagerService: onUserStateChangedLocked for userId: 0, forceUpdate: false
03-02 07:21:12.860  2763  3792 W MagnificationConnectionManager: requestConnection duplicated request: connect=false, mConnectionState=DISCONNECTED
03-02 07:21:12.860  2763  3990 D BackgroundInstallControlService: Package event received: 0
03-02 07:21:12.879  2763  7961 W WallpaperManagerService: getWallpaperWithFeature wallpaper not existed, ; which = 2
03-02 07:21:12.883  2763  5049 W WallpaperManagerService: getWallpaperWithFeature wallpaper not existed, ; which = 2
03-02 07:21:12.983  2763  4907 W UserManagerService: Do not support app clone feature.
03-02 07:21:13.091   905  6539 W Binder  : reply too large data on java level: InterfaceDescriptor = null, code = 1
03-02 07:21:13.244  2763  3195 W UserManagerService: onPackageModified for another profile 0 from 10
03-02 07:21:13.270  2763  3195 W UserManagerService: onShortcutChanged for another profile 0 from 10
03-02 07:21:13.336  2763  4205 I ActivityManager: appDiedLocked: app=ProcessRecord{c714b28 29796:com.google.android.apps.turbo/u0a216} thread=android.os.BinderProxy@8678683 fromBinderDied=true isKilledByAm=false reason=null
03-02 07:21:13.336  2763  4205 I ActivityManager: Process com.google.android.apps.turbo (pid 29796) has died: cch+55 CEM 
03-02 07:21:13.337  2763  4205 D RestartModeController: markWaitRestartAppIsSuicided null processName=com.google.android.apps.turbo
03-02 07:21:13.337  2763  4205 D ActivityTaskManager: handleAppDied: uid=10216,diedCount=1,lastDiedTime=647180345,forceStopUids=false
03-02 07:21:13.432  2763  5064 I ActivityManager: appDiedLocked: app=ProcessRecord{f393e96 29996:com.divum.MoneyControl/u0a468} thread=android.os.BinderProxy@2cf13d7 fromBinderDied=true isKilledByAm=false reason=null
03-02 07:21:13.432  2763  5064 I ActivityManager: Process com.divum.MoneyControl (pid 29996) has died: cch+45 CEM 
03-02 07:21:13.434  2763  5064 D CompatChangeReporter: Compat change id reported: 311208629; UID 10468; state: ENABLED
03-02 07:21:13.439  2763  5064 D ActivityManager: unfreezing ProcessRecord{e98705f 30152:com.google.android.webview:sandboxed_process0:org.chromium.content.app.SandboxedProcessService0:0/u0a468i894}, reason = unfreezeTemporarily, adj = 1000, adjType = service, adjSource = ProcessRecord{f393e96 29996:com.divum.MoneyControl/u0a468}
03-02 07:21:13.449  2763  4467 I ActivityManager: Flag disabled. Ignoring finishAttachApplication from uid: 10397. pid: 32014
03-02 07:21:13.456  2763  5064 D ActivityManager: sync unfroze 30152 com.google.android.webview:sandboxed_process0:org.chromium.content.app.SandboxedProcessService0:0 for 0
03-02 07:21:13.457  2763  5064 D RestartModeController: markWaitRestartAppIsSuicided null processName=com.divum.MoneyControl
03-02 07:21:13.457  2763  5064 D ActivityTaskManager: handleAppDied: uid=10468,diedCount=1,lastDiedTime=646216338,forceStopUids=false
03-02 07:21:13.458  2763  5049 I ActivityManager: Killing 30152:com.google.android.webview:sandboxed_process0:org.chromium.content.app.SandboxedProcessService0:0/u0a468i894 (adj 0, setSvc -10000): isolated not needed
03-02 07:21:13.484  2763  4984 I ActivityManager: appDiedLocked: app=ProcessRecord{e98705f 30152:com.google.android.webview:sandboxed_process0:org.chromium.content.app.SandboxedProcessService0:0/u0a468i894} thread=android.os.BinderProxy@659be1d fromBinderDied=true isKilledByAm=true reason=null
03-02 07:21:13.488  2763  4984 D ActivityTaskManager: handleAppDied: uid=99894,diedCount=1,lastDiedTime=415088709,forceStopUids=false
03-02 07:21:13.501  2763  4984 I ActivityManager: appDiedLocked: app=ProcessRecord{77baa44 29847:com.inmobi.weather/u0a352} thread=android.os.BinderProxy@c469851 fromBinderDied=true isKilledByAm=false reason=null
03-02 07:21:13.501  2763  4984 I ActivityManager: Process com.inmobi.weather (pid 29847) has died: cch+45 CEM 
03-02 07:21:13.503  2763  4984 D RestartModeController: markWaitRestartAppIsSuicided null processName=com.inmobi.weather
03-02 07:21:13.504  2763  4984 D ActivityTaskManager: handleAppDied: uid=10352,diedCount=1,lastDiedTime=646663187,forceStopUids=false
03-02 07:21:13.667  2763  3739 D ActivityManager: freezing 31657 com.android.providers.calendar, reason = oom_cached
03-02 07:21:14.096  2763  3768 I UsbPortManager: ClientCallback V1_2: port0
03-02 07:21:14.096  2763  3768 I UsbPortManager: ClientCallback V1_2: port0
03-02 07:21:14.096  2763  3164 I UsbPortManager: USB port changed: port=UsbPort{id=port0, supportedModes=dual, audio_acc, supportedContaminantProtectionModes=5, supportsEnableContaminantPresenceProtection=false, supportsEnableContaminantPresenceDetection=false, supportsComplianceWarnings=false, status=UsbPortStatus{connected=true, currentMode=ufp, currentPowerRole=sink, currentDataRole=device, supportedRoleCombinations=[source:host, sink:device], contaminantDetectionStatus=2, contaminantProtectionStatus=1, usbDataStatus=unknown, isPowerTransferLimited=false, powerBrickConnectionStatus=unknown, complianceWarnings=[], plugState=0, displayPortAltModeInfo=null}, canChangeMode=true, canChangePowerRole=false, canChangeDataRole=false, connectedAtMillis=1348445489, lastConnectDurationMillis=0
03-02 07:21:14.098  2763  3250 I UsbPortManager: ClientCallback V1_2: port0
03-02 07:21:14.219  2763  3700 D BatteryService: uevent={POWER_SUPPLY_POWER_AVG=0, POWER_SUPPLY_VOLTAGE_NOW=4159000, POWER_SUPPLY_POWER_NOW=5007436, POWER_SUPPLY_CHARGE_CONTROL_LIMIT_MAX=15, POWER_SUPPLY_VBUS_PRESENT=true, POWER_SUPPLY_TYPE=Battery, POWER_SUPPLY_HEALTH=Good, POWER_SUPPLY_TECHNOLOGY=Li-ion, POWER_SUPPLY_CHARGE_FULL_DESIGN=4365000, SEQNUM=362600, POWER_SUPPLY_CHARGE_CONTROL_LIMIT=8, POWER_SUPPLY_MODEL_NAME=EXTFG_MMI_PROFILE_DEFAULT, POWER_SUPPLY_STATUS=Not charging, POWER_SUPPLY_CYCLE_COUNT=617, POWER_SUPPLY_CAPACITY=83, DEVPATH=/devices/platform/soc/soc:qcom,pmic_glink/soc:qcom,pmic_glink:qcom,battery_charger/power_supply/battery, POWER_SUPPLY_CHARGE_TYPE=N/A, POWER_SUPPLY_CURRENT_NOW=-1204000, POWER_SUPPLY_TIME_TO_FULL_AVG=4170, POWER_SUPPLY_PRESENT=1, POWER_SUPPLY_CHARGE_FULL=4059000, POWER_SUPPLY_TIME_TO_FULL_NOW=4170, SUBSYSTEM=power_supply, POWER_SUPPLY_VOLTAGE_OCV=4159000, POWER_SUPPLY_TEMP=350, ACTION=change, POWER_SUPPLY_NAME=battery, POWER_SUPPLY_VOLTAGE_MAX=4265000, POWER_SUPPLY_CHARGE_COUNTER=3266000, POWER_SUPPLY_TIME_TO_EMPTY_AVG=1674000}
03-02 07:21:14.220  2763  3700 D BatteryService: uevent={POWER_SUPPLY_POWER_AVG=0, POWER_SUPPLY_VOLTAGE_NOW=4159000, POWER_SUPPLY_POWER_NOW=5007436, POWER_SUPPLY_CHARGE_CONTROL_LIMIT_MAX=15, POWER_SUPPLY_TYPE=Battery, POWER_SUPPLY_HEALTH=Good, POWER_SUPPLY_TECHNOLOGY=Li-ion, POWER_SUPPLY_CHARGE_FULL_DESIGN=4365000, SEQNUM=362601, POWER_SUPPLY_CHARGE_CONTROL_LIMIT=8, POWER_SUPPLY_MODEL_NAME=EXTFG_MMI_PROFILE_DEFAULT, POWER_SUPPLY_STATUS=Not charging, POWER_SUPPLY_CYCLE_COUNT=617, POWER_SUPPLY_CAPACITY=83, DEVPATH=/devices/platform/soc/soc:qcom,pmic_glink/soc:qcom,pmic_glink:qcom,battery_charger/power_supply/battery, POWER_SUPPLY_CHARGE_TYPE=N/A, POWER_SUPPLY_CURRENT_NOW=-1204000, POWER_SUPPLY_TIME_TO_FULL_AVG=4170, POWER_SUPPLY_PRESENT=1, POWER_SUPPLY_CHARGE_FULL=4059000, POWER_SUPPLY_TIME_TO_FULL_NOW=4170, SUBSYSTEM=power_supply, POWER_SUPPLY_VOLTAGE_OCV=4159000, POWER_SUPPLY_TEMP=350, ACTION=change, POWER_SUPPLY_NAME=battery, POWER_SUPPLY_VOLTAGE_MAX=4265000, POWER_SUPPLY_CHARGE_COUNTER=3266000, POWER_SUPPLY_TIME_TO_EMPTY_AVG=1674000}
03-02 07:21:14.241  2763  3167 I EntropyMixer: Updated seed file
03-02 07:21:14.245  2763  3252 D PerfHelper: setCornerSuppressionHal result: 1
03-02 07:21:14.250  2763  3245 D PowerManagerService: nativeAcquireSuspendBlocker name:PowerManagerService.Broadcasts duration ms: 4
03-02 07:21:14.250  2763  2763 V UiModeManager: updateLocked: null action, mDockState=0, category=null
03-02 07:21:14.250  2763  2763 D UiModeManager: updateConfigurationLocked: mDockState=0; mCarMode=false; mNightMode=1; mNightModeCustomType=-1; uiMode=17
03-02 07:21:14.258  2763  3197 I ActivityManager: Start proc 32299:com.google.android.apps.turbo/u0a216 for broadcast {com.google.android.apps.turbo/com.google.android.apps.turbo.nudges.broadcasts.BatteryStatusChangedReceiver}
03-02 07:21:14.260  2763  3197 I ActivityManager: ProcessObserver broadcast disabled
03-02 07:21:14.278  4130  6196 D PowerUI : can't show warning due to - plugged: true status unknown: false
03-02 07:21:14.285  2763  3700 D BatteryService: uevent={POWER_SUPPLY_POWER_AVG=0, POWER_SUPPLY_VOLTAGE_NOW=4159000, POWER_SUPPLY_POWER_NOW=5007436, POWER_SUPPLY_CHARGE_CONTROL_LIMIT_MAX=15, POWER_SUPPLY_TYPE=Battery, POWER_SUPPLY_HEALTH=Good, POWER_SUPPLY_TECHNOLOGY=Li-ion, POWER_SUPPLY_CHARGE_FULL_DESIGN=4365000, SEQNUM=362604, POWER_SUPPLY_CHARGE_CONTROL_LIMIT=8, POWER_SUPPLY_MODEL_NAME=EXTFG_MMI_PROFILE_DEFAULT, POWER_SUPPLY_STATUS=Not charging, POWER_SUPPLY_CYCLE_COUNT=617, POWER_SUPPLY_CAPACITY=83, DEVPATH=/devices/platform/soc/soc:qcom,pmic_glink/soc:qcom,pmic_glink:qcom,battery_charger/power_supply/battery, POWER_SUPPLY_CHARGE_TYPE=N/A, POWER_SUPPLY_CURRENT_NOW=-1204000, POWER_SUPPLY_TIME_TO_FULL_AVG=4170, POWER_SUPPLY_PRESENT=1, POWER_SUPPLY_CHARGE_FULL=4059000, POWER_SUPPLY_TIME_TO_FULL_NOW=4170, SUBSYSTEM=power_supply, POWER_SUPPLY_VOLTAGE_OCV=4159000, POWER_SUPPLY_TEMP=350, ACTION=change, POWER_SUPPLY_NAME=battery, POWER_SUPPLY_VOLTAGE_MAX=4265000, POWER_SUPPLY_CHARGE_COUNTER=3266000, POWER_SUPPLY_TIME_TO_EMPTY_AVG=1674000}
03-02 07:21:14.327  2763  2763 W ContextImpl: Calling a method in the system process without a qualified user: android.app.ContextImpl.startService:2020 com.motorola.server.batterycare.MotoBatteryCareService.notifyBatteryLevelChanged:1213 com.motorola.server.batterycare.MotoBatteryCareService.-$$Nest$mnotifyBatteryLevelChanged:0 com.motorola.server.batterycare.MotoBatteryCareService$1.onReceive:226 android.app.LoadedApk$ReceiverDispatcher$Args.lambda$getRunnable$0:1857 
03-02 07:21:14.329  2763  2763 D PowerManagerService: nativeReleaseSuspendBlocker name:PowerManagerService.Broadcasts duration ms: 0
