03-02 07:20:33.373  2763  4467 W ContentProviderHelper: Permission Denial: opening provider com.android.providers.contacts.CallLogProvider from ProcessRecord{ece3147 30425:com.myairtelapp/u0a398} (pid=30425, uid=10398) requires android.permission.READ_CALL_LOG or android.permission.WRITE_CALL_LOG
03-02 07:20:33.446  2763  3990 D BackgroundInstallControlService: Package event received: 0
03-02 07:20:33.461  2763  3197 I ActivityManager: Start proc 31342:com.azure.authenticator:auth/u10a545 for content provider {com.azure.authenticator/com.microsoft.identity.client.BrokerContentProvider}
03-02 07:20:33.461  2763  3197 I ActivityManager: ProcessObserver broadcast disabled
03-02 07:20:33.821  2763  4205 D CompatChangeReporter: Compat change id reported: 311208629; UID 1010387; state: ENABLED
03-02 07:20:33.829  2763  5051 I ActivityManager: Killing 28529:com.google.android.apps.docs/u0a237 (adj 985, setSvc -10000): empty #31
03-02 07:20:33.833  2763  5051 I ActivityManager: Killing 28401:com.google.android.apps.carrier.carrierwifi/u0a171 (adj 985, setSvc -10000): empty #32
03-02 07:20:33.897  2763  5051 I ActivityManager: appDiedLocked: app=ProcessRecord{cc1b190 28401:com.google.android.apps.carrier.carrierwifi/u0a171} thread=android.os.BinderProxy@fa042a4 fromBinderDied=true isKilledByAm=true reason=null
03-02 07:20:33.899  2763  5051 D RestartModeController: markWaitRestartAppIsSuicided null processName=com.google.android.apps.carrier.carrierwifi
03-02 07:20:33.899  2763  5051 D ActivityTaskManager: handleAppDied: uid=10171,diedCount=1,lastDiedTime=646808044,forceStopUids=false
03-02 07:20:33.931  2763  5051 I ActivityManager: Killing 28546:com.google.android.videos/u0a261 (adj 975, setSvc -10000): empty #31
03-02 07:20:33.966  2763  5051 I ActivityManager: appDiedLocked: app=ProcessRecord{5eb9cc6 28529:com.google.android.apps.docs/u0a237} thread=android.os.BinderProxy@e8dabc5 fromBinderDied=true isKilledByAm=true reason=null
03-02 07:20:33.968  2763  5051 D RestartModeController: markWaitRestartAppIsSuicided null processName=com.google.android.apps.docs
03-02 07:20:33.969  2763  5051 D ActivityTaskManager: handleAppDied: uid=10237,diedCount=1,lastDiedTime=646825186,forceStopUids=false
03-02 07:20:34.004  2763  4283 I MediaSessionStack: removeSession | record: com.google.android.videos/play_movies_media/657 (userId=0)
03-02 07:20:34.004  2763  4467 I ActivityManager: appDiedLocked: app=ProcessRecord{ad2cb4e 28546:com.google.android.videos/u0a261} thread=android.os.BinderProxy@ceb9cd4 fromBinderDied=true isKilledByAm=true reason=null
03-02 07:20:34.006  2763  4467 D RestartModeController: markWaitRestartAppIsSuicided null processName=com.google.android.videos
03-02 07:20:34.007  2763  4467 D ActivityTaskManager: handleAppDied: uid=10261,diedCount=1,lastDiedTime=646802807,forceStopUids=false
03-02 07:20:34.078  2763  4205 D CompatChangeReporter: Compat change id reported: 297989574; UID 1010545; state: ENABLED
03-02 07:20:34.490  2763  5051 I ActivityManager: Flag disabled. Ignoring finishAttachApplication from uid: 1010545. pid: 31342
03-02 07:20:34.498  2763  4205 D CompatChangeReporter: Compat change id reported: 319212206; UID 1010545; state: ENABLED
03-02 07:20:34.525  2763  3990 D BackgroundInstallControlService: Package event received: 0
03-02 07:20:37.432  2763  5079 W ActivityManager: Foreground service started from background can not have location/camera/microphone access: service com.noisefit/.receiver.service.ConnectionService
03-02 07:20:37.505  2763  4205 D BiometricService: canAuthenticate: User=0, Caller=0, Authenticators=255
03-02 07:20:37.505  2763  4205 D BiometricService/PreAuthInfo: Package: com.myairtelapp Sensor ID: 1008 Modality: 8 User id: 0 Status: 4
03-02 07:20:37.506  2763  4205 D BiometricService/PreAuthInfo: Package: com.myairtelapp Sensor ID: 0 Modality: 2 User id: 0 Status: 1
03-02 07:20:37.506  2763  4205 D BiometricService/PreAuthInfo: getCanAuthenticateInternal Modality: 2 AuthenticatorStatus: 1
03-02 07:20:37.506  2763  4205 D AuthService: canAuthenticate, userId: 0, callingUserId: 0, authenticators: 255, result: 0
03-02 07:20:37.532  2763  4205 D BiometricService: canAuthenticate: User=0, Caller=0, Authenticators=255
03-02 07:20:37.532  2763  4205 D BiometricService/PreAuthInfo: Package: com.myairtelapp Sensor ID: 1008 Modality: 8 User id: 0 Status: 4
03-02 07:20:37.532  2763  4205 D BiometricService/PreAuthInfo: Package: com.myairtelapp Sensor ID: 0 Modality: 2 User id: 0 Status: 1
03-02 07:20:37.532  2763  4205 D BiometricService/PreAuthInfo: getCanAuthenticateInternal Modality: 2 AuthenticatorStatus: 1
03-02 07:20:37.532  2763  4205 D AuthService: canAuthenticate, userId: 0, callingUserId: 0, authenticators: 255, result: 0
03-02 07:20:37.704  2763  2763 W DevicePolicyManager: Enabled package neither permitted nor system: com.noisefit
03-02 07:20:37.704  2763  2763 W DevicePolicyManager: Enabled package neither permitted nor system: com.noisefit
03-02 07:20:37.704  2763  2763 W DevicePolicyManager: Enabled package neither permitted nor system: com.noisefit
03-02 07:20:37.704  2763  2763 W DevicePolicyManager: Enabled package neither permitted nor system: com.noisefit
03-02 07:20:37.704  2763  2763 W DevicePolicyManager: Enabled package neither permitted nor system: com.noisefit
03-02 07:20:37.704  2763  2763 W DevicePolicyManager: Enabled package neither permitted nor system: com.noisefit
03-02 07:20:37.704  2763  2763 W DevicePolicyManager: Enabled package neither permitted nor system: com.noisefit
03-02 07:20:37.704  2763  2763 W DevicePolicyManager: Enabled package neither permitted nor system: com.noisefit
03-02 07:20:37.704  2763  2763 W DevicePolicyManager: Enabled package neither permitted nor system: com.noisefit
03-02 07:20:37.705  2763  2763 W DevicePolicyManager: Enabled package neither permitted nor system: com.noisefit
03-02 07:20:37.705  2763  2763 W DevicePolicyManager: Enabled package neither permitted nor system: com.noisefit
03-02 07:20:37.705  2763  2763 W DevicePolicyManager: Enabled package neither permitted nor system: com.noisefit
03-02 07:20:37.705  2763  2763 W DevicePolicyManager: Enabled package neither permitted nor system: com.noisefit
03-02 07:20:37.705  2763  2763 W DevicePolicyManager: Enabled package neither permitted nor system: com.noisefit
03-02 07:20:37.705  2763  2763 W DevicePolicyManager: Enabled package neither permitted nor system: com.noisefit
03-02 07:20:37.705  2763  2763 W DevicePolicyManager: Enabled package neither permitted nor system: com.noisefit
03-02 07:20:37.706  2763  2763 W DevicePolicyManager: Enabled package neither permitted nor system: com.noisefit
03-02 07:20:37.706  2763  2763 W DevicePolicyManager: Enabled package neither permitted nor system: com.noisefit
03-02 07:20:37.706  2763  2763 W DevicePolicyManager: Enabled package neither permitted nor system: com.noisefit
03-02 07:20:39.619  2763  3739 D ActivityManager: freezing 30392 tv.accedo.airtel.wynk, reason = oom_cached
03-02 07:20:40.132  2763  3739 D ActivityManager: freezing 22003 com.facebook.katana, reason = oom_cached
03-02 07:20:40.136  2763  3739 D ActivityManager: freezing 22428 com.facebook.services:iab_sandboxed_process:com.facebook.oxygen.services.helium.trampoline.HeliumSandboxedService:0, reason = oom_cached
03-02 07:20:40.137  2763  3739 D ActivityManager: freezing 30404 in.mobility.bharatTaxi, reason = oom_cached
03-02 07:20:41.523  2763  3739 D ActivityManager: freezing 30425 com.myairtelapp, reason = oom_cached
03-02 07:20:41.531  2763  3196 D ActivityManager: unfreezing ProcessRecord{32e284e 26054:com.whatsapp/u0a359}, reason = unfreezeTemporarily, adj = 965, adjType = cch-empty, adjSource = null
03-02 07:20:41.532  2763  3196 D ActivityManager: sync unfroze 26054 com.whatsapp for 3
03-02 07:20:41.550  2763  3739 D ActivityManager: freezing 22831 android.process.acore, reason = oom_cached
03-02 07:20:41.613  2763  3990 D BackgroundInstallControlService: Package event received: 0
03-02 07:20:41.667  2763  4467 I ActivityManager: Background started FGS: Allowed [callingPackage: com.whatsapp; callingUid: 10359; uidState: SVC ; uidBFSL: n/a; intent: Intent { xflg=0x4 cmp=com.whatsapp/.messaging.service.GcmFGService }; code:PUSH_MESSAGING; tempAllowListReason:<db6bfdf com.google.android.c2dm.intent.RECEIVE/u0,reasonCode:PUSH_MESSAGING,duration:20000,callingUid:10187>; allowWiu:-1; targetSdkVersion:36; callerTargetSdkVersion:36; startForegroundCount:0; bindFromPackage:null: isBindService:false]
03-02 07:20:41.688  2763  3990 D BackgroundInstallControlService: Package event received: 0
03-02 07:20:41.704  2763  4467 W ActivityManager: Foreground service started from background can not have location/camera/microphone access: service com.whatsapp/.messaging.service.GcmFGService
03-02 07:20:41.704  2763  4467 I ActivityManager: Background started FGS: Allowed [callingPackage: com.whatsapp; callingUid: 10359; uidState: FGS ; uidBFSL: [BFSL]; intent: Intent { cmp=com.whatsapp/.messaging.service.GcmFGService }; code:PROC_STATE_FGS; tempAllowListReason:<db6bfdf com.google.android.c2dm.intent.RECEIVE/u0,reasonCode:PUSH_MESSAGING,duration:20000,callingUid:10187>; allowWiu:-1; targetSdkVersion:36; callerTargetSdkVersion:36; startForegroundCount:0; bindFromPackage:null: isBindService:false]
03-02 07:20:41.705  2763  4467 W ForegroundServiceTypeLoggerModule: Foreground service start for UID: 10359 does not have any types
03-02 07:20:41.705  2763  3990 D BackgroundInstallControlService: Package event received: 0
03-02 07:20:42.190  2763  3739 D ActivityManager: freezing 30407 com.microsoft.office.outlook, reason = oom_cached
03-02 07:20:42.482  2763  5082 W ProcessStats: Tracking association SourceState{323aa7d system/1000 ImpBg #3613784} whose proc state 6 is better than process ProcessState{76212e3 com.whatsapp/10359 pkg=com.whatsapp} proc state 15 (21 skipped)
03-02 07:20:42.827  2763  4467 D CompatChangeReporter: Compat change id reported: 310703690; UID 10359; state: ENABLED
03-02 07:20:43.140  2763  2763 W DevicePolicyManager: Enabled package neither permitted nor system: com.noisefit
03-02 07:20:43.141  2763  2763 W DevicePolicyManager: Enabled package neither permitted nor system: com.noisefit
03-02 07:20:43.141  2763  2763 W DevicePolicyManager: Enabled package neither permitted nor system: com.noisefit
03-02 07:20:43.141  2763  2763 W DevicePolicyManager: Enabled package neither permitted nor system: com.noisefit
03-02 07:20:43.141  2763  2763 W DevicePolicyManager: Enabled package neither permitted nor system: com.noisefit
03-02 07:20:43.141  2763  2763 W DevicePolicyManager: Enabled package neither permitted nor system: com.noisefit
03-02 07:20:43.142  2763  2763 W DevicePolicyManager: Enabled package neither permitted nor system: com.noisefit
03-02 07:20:43.142  2763  2763 W DevicePolicyManager: Enabled package neither permitted nor system: com.noisefit
03-02 07:20:43.142  2763  2763 W DevicePolicyManager: Enabled package neither permitted nor system: com.noisefit
03-02 07:20:43.142  2763  2763 W DevicePolicyManager: Enabled package neither permitted nor system: com.noisefit
03-02 07:20:43.142  2763  2763 W DevicePolicyManager: Enabled package neither permitted nor system: com.noisefit
03-02 07:20:43.143  2763  2763 W DevicePolicyManager: Enabled package neither permitted nor system: com.noisefit
03-02 07:20:43.143  2763  2763 W DevicePolicyManager: Enabled package neither permitted nor system: com.noisefit
03-02 07:20:43.143  2763  2763 W DevicePolicyManager: Enabled package neither permitted nor system: com.noisefit
03-02 07:20:43.143  2763  2763 W DevicePolicyManager: Enabled package neither permitted nor system: com.noisefit
03-02 07:20:43.143  2763  2763 W DevicePolicyManager: Enabled package neither permitted nor system: com.noisefit
03-02 07:20:43.143  2763  2763 W DevicePolicyManager: Enabled package neither permitted nor system: com.noisefit
03-02 07:20:43.144  2763  2763 W DevicePolicyManager: Enabled package neither permitted nor system: com.noisefit
03-02 07:20:43.144  2763  2763 W DevicePolicyManager: Enabled package neither permitted nor system: com.noisefit
03-02 07:20:43.159  2763  2763 W DevicePolicyManager: Enabled package neither permitted nor system: com.noisefit
03-02 07:20:43.159  2763  2763 W DevicePolicyManager: Enabled package neither permitted nor system: com.noisefit
03-02 07:20:43.160  2763  2763 W DevicePolicyManager: Enabled package neither permitted nor system: com.noisefit
03-02 07:20:43.160  2763  2763 W DevicePolicyManager: Enabled package neither permitted nor system: com.noisefit
03-02 07:20:43.160  2763  2763 W DevicePolicyManager: Enabled package neither permitted nor system: com.noisefit
03-02 07:20:43.160  2763  2763 W DevicePolicyManager: Enabled package neither permitted nor system: com.noisefit
03-02 07:20:43.160  2763  2763 W DevicePolicyManager: Enabled package neither permitted nor system: com.noisefit
03-02 07:20:43.160  2763  2763 W DevicePolicyManager: Enabled package neither permitted nor system: com.noisefit
03-02 07:20:43.160  2763  2763 W DevicePolicyManager: Enabled package neither permitted nor system: com.noisefit
03-02 07:20:43.160  2763  2763 W DevicePolicyManager: Enabled package neither permitted nor system: com.noisefit
03-02 07:20:43.160  2763  2763 W DevicePolicyManager: Enabled package neither permitted nor system: com.noisefit
03-02 07:20:43.160  2763  2763 W DevicePolicyManager: Enabled package neither permitted nor system: com.noisefit
03-02 07:20:43.160  2763  2763 W DevicePolicyManager: Enabled package neither permitted nor system: com.noisefit
03-02 07:20:43.160  2763  2763 W DevicePolicyManager: Enabled package neither permitted nor system: com.noisefit
03-02 07:20:43.161  2763  2763 W DevicePolicyManager: Enabled package neither permitted nor system: com.noisefit
03-02 07:20:43.161  2763  2763 W DevicePolicyManager: Enabled package neither permitted nor system: com.noisefit
03-02 07:20:43.161  2763  2763 W DevicePolicyManager: Enabled package neither permitted nor system: com.noisefit
03-02 07:20:43.161  2763  2763 W DevicePolicyManager: Enabled package neither permitted nor system: com.noisefit
03-02 07:20:43.161  2763  2763 W DevicePolicyManager: Enabled package neither permitted nor system: com.noisefit
03-02 07:20:43.351  2763  5063 E ShortcutService: Invalid icon type in shortcut 171906099630154@lid. Bitmaps are not allowed in long-lived shortcuts. Use Resource icons, or Uri-based icons instead.
03-02 07:20:43.362  2763  3195 W NotificationHistory: Attempted to remove conversation for locked/gone/disabled user 0
03-02 07:20:43.494  2763  3195 W UserManagerService: onShortcutChanged for another profile 0 from 10
03-02 07:20:44.811  2763  5051 D ActivityManager: Stop FGS timeout: ServiceRecord{22c0253 u0 com.whatsapp/.messaging.service.GcmFGService c:com.whatsapp}
03-02 07:20:44.814  2763  5051 W ForegroundServiceTypeLoggerModule: FGS stop call for: 10359 has no types!
03-02 07:20:44.820  2763  3990 D BackgroundInstallControlService: Package event received: 0
03-02 07:20:45.154  1351 30622 I keystore2: system/security/keystore2/watchdog/src/lib.rs:377 - Watchdog thread idle -> terminating. Have a great day.
03-02 07:20:47.004  2763  3990 D BackgroundInstallControlService: Package event received: 0
03-02 07:20:47.234  2763  2763 W DevicePolicyManager: Enabled package neither permitted nor system: com.noisefit
03-02 07:20:47.234  2763  2763 W DevicePolicyManager: Enabled package neither permitted nor system: com.noisefit
03-02 07:20:47.235  2763  2763 W DevicePolicyManager: Enabled package neither permitted nor system: com.noisefit
03-02 07:20:47.235  2763  2763 W DevicePolicyManager: Enabled package neither permitted nor system: com.noisefit
03-02 07:20:47.235  2763  2763 W DevicePolicyManager: Enabled package neither permitted nor system: com.noisefit
03-02 07:20:47.235  2763  2763 W DevicePolicyManager: Enabled package neither permitted nor system: com.noisefit
03-02 07:20:47.235  2763  2763 W DevicePolicyManager: Enabled package neither permitted nor system: com.noisefit
03-02 07:20:47.235  2763  2763 W DevicePolicyManager: Enabled package neither permitted nor system: com.noisefit
03-02 07:20:47.235  2763  2763 W DevicePolicyManager: Enabled package neither permitted nor system: com.noisefit
03-02 07:20:47.235  2763  2763 W DevicePolicyManager: Enabled package neither permitted nor system: com.noisefit
03-02 07:20:47.235  2763  2763 W DevicePolicyManager: Enabled package neither permitted nor system: com.noisefit
03-02 07:20:47.236  2763  2763 W DevicePolicyManager: Enabled package neither permitted nor system: com.noisefit
03-02 07:20:47.236  2763  2763 W DevicePolicyManager: Enabled package neither permitted nor system: com.noisefit
03-02 07:20:47.236  2763  2763 W DevicePolicyManager: Enabled package neither permitted nor system: com.noisefit
03-02 07:20:47.236  2763  2763 W DevicePolicyManager: Enabled package neither permitted nor system: com.noisefit
03-02 07:20:47.236  2763  2763 W DevicePolicyManager: Enabled package neither permitted nor system: com.noisefit
03-02 07:20:47.236  2763  2763 W DevicePolicyManager: Enabled package neither permitted nor system: com.noisefit
03-02 07:20:47.236  2763  2763 W DevicePolicyManager: Enabled package neither permitted nor system: com.noisefit
03-02 07:20:47.236  2763  2763 W DevicePolicyManager: Enabled package neither permitted nor system: com.noisefit
03-02 07:20:47.319  2763  2763 W DevicePolicyManager: Enabled package neither permitted nor system: com.noisefit
03-02 07:20:47.320  2763  2763 W DevicePolicyManager: Enabled package neither permitted nor system: com.noisefit
03-02 07:20:47.320  2763  2763 W DevicePolicyManager: Enabled package neither permitted nor system: com.noisefit
03-02 07:20:47.320  2763  2763 W DevicePolicyManager: Enabled package neither permitted nor system: com.noisefit
03-02 07:20:47.320  2763  2763 W DevicePolicyManager: Enabled package neither permitted nor system: com.noisefit
03-02 07:20:47.320  2763  2763 W DevicePolicyManager: Enabled package neither permitted nor system: com.noisefit
03-02 07:20:47.320  2763  2763 W DevicePolicyManager: Enabled package neither permitted nor system: com.noisefit
03-02 07:20:47.320  2763  2763 W DevicePolicyManager: Enabled package neither permitted nor system: com.noisefit
03-02 07:20:47.321  2763  2763 W DevicePolicyManager: Enabled package neither permitted nor system: com.noisefit
03-02 07:20:47.321  2763  2763 W DevicePolicyManager: Enabled package neither permitted nor system: com.noisefit
03-02 07:20:47.321  2763  2763 W DevicePolicyManager: Enabled package neither permitted nor system: com.noisefit
03-02 07:20:47.321  2763  2763 W DevicePolicyManager: Enabled package neither permitted nor system: com.noisefit
03-02 07:20:47.321  2763  2763 W DevicePolicyManager: Enabled package neither permitted nor system: com.noisefit
03-02 07:20:47.321  2763  2763 W DevicePolicyManager: Enabled package neither permitted nor system: com.noisefit
03-02 07:20:47.322  2763  2763 W DevicePolicyManager: Enabled package neither permitted nor system: com.noisefit
03-02 07:20:47.322  2763  2763 W DevicePolicyManager: Enabled package neither permitted nor system: com.noisefit
03-02 07:20:47.322  2763  2763 W DevicePolicyManager: Enabled package neither permitted nor system: com.noisefit
03-02 07:20:47.322  2763  2763 W DevicePolicyManager: Enabled package neither permitted nor system: com.noisefit
03-02 07:20:47.322  2763  2763 W DevicePolicyManager: Enabled package neither permitted nor system: com.noisefit
03-02 07:20:47.385  2763  3195 W NotificationHistory: Attempted to remove conversation for locked/gone/disabled user 0
03-02 07:20:47.419  2763  2763 W DevicePolicyManager: Enabled package neither permitted nor system: com.noisefit
03-02 07:20:47.420  2763  2763 W DevicePolicyManager: Enabled package neither permitted nor system: com.noisefit
03-02 07:20:47.420  2763  2763 W DevicePolicyManager: Enabled package neither permitted nor system: com.noisefit
03-02 07:20:47.420  2763  2763 W DevicePolicyManager: Enabled package neither permitted nor system: com.noisefit
03-02 07:20:47.420  2763  2763 W DevicePolicyManager: Enabled package neither permitted nor system: com.noisefit
03-02 07:20:47.420  2763  2763 W DevicePolicyManager: Enabled package neither permitted nor system: com.noisefit
03-02 07:20:47.420  2763  2763 W DevicePolicyManager: Enabled package neither permitted nor system: com.noisefit
03-02 07:20:47.421  2763  2763 W DevicePolicyManager: Enabled package neither permitted nor system: com.noisefit
03-02 07:20:47.421  2763  2763 W DevicePolicyManager: Enabled package neither permitted nor system: com.noisefit
03-02 07:20:47.421  2763  2763 W DevicePolicyManager: Enabled package neither permitted nor system: com.noisefit
03-02 07:20:47.421  2763  2763 W DevicePolicyManager: Enabled package neither permitted nor system: com.noisefit
03-02 07:20:47.421  2763  2763 W DevicePolicyManager: Enabled package neither permitted nor system: com.noisefit
03-02 07:20:47.422  2763  2763 W DevicePolicyManager: Enabled package neither permitted nor system: com.noisefit
03-02 07:20:47.422  2763  2763 W DevicePolicyManager: Enabled package neither permitted nor system: com.noisefit
03-02 07:20:47.422  2763  2763 W DevicePolicyManager: Enabled package neither permitted nor system: com.noisefit
03-02 07:20:47.422  2763  2763 W DevicePolicyManager: Enabled package neither permitted nor system: com.noisefit
03-02 07:20:47.422  2763  2763 W DevicePolicyManager: Enabled package neither permitted nor system: com.noisefit
03-02 07:20:47.422  2763  2763 W DevicePolicyManager: Enabled package neither permitted nor system: com.noisefit
03-02 07:20:47.423  2763  2763 W DevicePolicyManager: Enabled package neither permitted nor system: com.noisefit
03-02 07:20:47.495  2763  3739 D ActivityManager: freezing 31011 com.microsoft.office.outlook, reason = oom_cached
03-02 07:20:47.503  2763  3739 D ActivityManager: freezing 30740 com.microsoft.windowsintune.companyportal:omadm_client_process, reason = oom_cached
03-02 07:20:47.504  2763  2763 W DevicePolicyManager: Enabled package neither permitted nor system: com.noisefit
03-02 07:20:47.504  2763  2763 W DevicePolicyManager: Enabled package neither permitted nor system: com.noisefit
03-02 07:20:47.504  2763  2763 W DevicePolicyManager: Enabled package neither permitted nor system: com.noisefit
03-02 07:20:47.504  2763  2763 W DevicePolicyManager: Enabled package neither permitted nor system: com.noisefit
03-02 07:20:47.504  2763  2763 W DevicePolicyManager: Enabled package neither permitted nor system: com.noisefit
03-02 07:20:47.504  2763  2763 W DevicePolicyManager: Enabled package neither permitted nor system: com.noisefit
03-02 07:20:47.504  2763  2763 W DevicePolicyManager: Enabled package neither permitted nor system: com.noisefit
03-02 07:20:47.504  2763  2763 W DevicePolicyManager: Enabled package neither permitted nor system: com.noisefit
03-02 07:20:47.504  2763  2763 W DevicePolicyManager: Enabled package neither permitted nor system: com.noisefit
03-02 07:20:47.504  2763  2763 W DevicePolicyManager: Enabled package neither permitted nor system: com.noisefit
03-02 07:20:47.504  2763  2763 W DevicePolicyManager: Enabled package neither permitted nor system: com.noisefit
03-02 07:20:47.504  2763  2763 W DevicePolicyManager: Enabled package neither permitted nor system: com.noisefit
03-02 07:20:47.504  2763  2763 W DevicePolicyManager: Enabled package neither permitted nor system: com.noisefit
03-02 07:20:47.504  2763  2763 W DevicePolicyManager: Enabled package neither permitted nor system: com.noisefit
03-02 07:20:47.505  2763  2763 W DevicePolicyManager: Enabled package neither permitted nor system: com.noisefit
03-02 07:20:47.505  2763  2763 W DevicePolicyManager: Enabled package neither permitted nor system: com.noisefit
03-02 07:20:47.505  2763  2763 W DevicePolicyManager: Enabled package neither permitted nor system: com.noisefit
03-02 07:20:47.505  2763  2763 W DevicePolicyManager: Enabled package neither permitted nor system: com.noisefit
03-02 07:20:47.505  2763  2763 W DevicePolicyManager: Enabled package neither permitted nor system: com.noisefit
03-02 07:20:47.543  2763  3195 W UserManagerService: onShortcutChanged for another profile 0 from 10
03-02 07:20:47.563  2763  2763 W DevicePolicyManager: Enabled package neither permitted nor system: com.noisefit
03-02 07:20:47.564  2763  2763 W DevicePolicyManager: Enabled package neither permitted nor system: com.noisefit
03-02 07:20:47.564  2763  2763 W DevicePolicyManager: Enabled package neither permitted nor system: com.noisefit
03-02 07:20:47.564  2763  2763 W DevicePolicyManager: Enabled package neither permitted nor system: com.noisefit
03-02 07:20:47.564  2763  2763 W DevicePolicyManager: Enabled package neither permitted nor system: com.noisefit
03-02 07:20:47.564  2763  2763 W DevicePolicyManager: Enabled package neither permitted nor system: com.noisefit
03-02 07:20:47.564  2763  2763 W DevicePolicyManager: Enabled package neither permitted nor system: com.noisefit
03-02 07:20:47.565  2763  2763 W DevicePolicyManager: Enabled package neither permitted nor system: com.noisefit
03-02 07:20:47.565  2763  2763 W DevicePolicyManager: Enabled package neither permitted nor system: com.noisefit
03-02 07:20:47.565  2763  2763 W DevicePolicyManager: Enabled package neither permitted nor system: com.noisefit
03-02 07:20:47.565  2763  2763 W DevicePolicyManager: Enabled package neither permitted nor system: com.noisefit
03-02 07:20:47.565  2763  2763 W DevicePolicyManager: Enabled package neither permitted nor system: com.noisefit
03-02 07:20:47.565  2763  2763 W DevicePolicyManager: Enabled package neither permitted nor system: com.noisefit
03-02 07:20:47.566  2763  2763 W DevicePolicyManager: Enabled package neither permitted nor system: com.noisefit
03-02 07:20:47.566  2763  2763 W DevicePolicyManager: Enabled package neither permitted nor system: com.noisefit
03-02 07:20:47.566  2763  2763 W DevicePolicyManager: Enabled package neither permitted nor system: com.noisefit
03-02 07:20:47.566  2763  2763 W DevicePolicyManager: Enabled package neither permitted nor system: com.noisefit
03-02 07:20:47.566  2763  2763 W DevicePolicyManager: Enabled package neither permitted nor system: com.noisefit
03-02 07:20:47.566  2763  2763 W DevicePolicyManager: Enabled package neither permitted nor system: com.noisefit
03-02 07:20:47.616  2763  2763 W DevicePolicyManager: Enabled package neither permitted nor system: com.noisefit
03-02 07:20:47.617  2763  2763 W DevicePolicyManager: Enabled package neither permitted nor system: com.noisefit
03-02 07:20:47.617  2763  2763 W DevicePolicyManager: Enabled package neither permitted nor system: com.noisefit
03-02 07:20:47.617  2763  2763 W DevicePolicyManager: Enabled package neither permitted nor system: com.noisefit
03-02 07:20:47.617  2763  2763 W DevicePolicyManager: Enabled package neither permitted nor system: com.noisefit
03-02 07:20:47.617  2763  2763 W DevicePolicyManager: Enabled package neither permitted nor system: com.noisefit
03-02 07:20:47.617  2763  2763 W DevicePolicyManager: Enabled package neither permitted nor system: com.noisefit
03-02 07:20:47.617  2763  2763 W DevicePolicyManager: Enabled package neither permitted nor system: com.noisefit
03-02 07:20:47.617  2763  2763 W DevicePolicyManager: Enabled package neither permitted nor system: com.noisefit
03-02 07:20:47.617  2763  2763 W DevicePolicyManager: Enabled package neither permitted nor system: com.noisefit
03-02 07:20:47.617  2763  2763 W DevicePolicyManager: Enabled package neither permitted nor system: com.noisefit
03-02 07:20:47.618  2763  2763 W DevicePolicyManager: Enabled package neither permitted nor system: com.noisefit
03-02 07:20:47.618  2763  2763 W DevicePolicyManager: Enabled package neither permitted nor system: com.noisefit
03-02 07:20:47.618  2763  2763 W DevicePolicyManager: Enabled package neither permitted nor system: com.noisefit
03-02 07:20:47.618  2763  2763 W DevicePolicyManager: Enabled package neither permitted nor system: com.noisefit
03-02 07:20:47.618  2763  2763 W DevicePolicyManager: Enabled package neither permitted nor system: com.noisefit
03-02 07:20:47.618  2763  2763 W DevicePolicyManager: Enabled package neither permitted nor system: com.noisefit
03-02 07:20:47.618  2763  2763 W DevicePolicyManager: Enabled package neither permitted nor system: com.noisefit
03-02 07:20:47.618  2763  2763 W DevicePolicyManager: Enabled package neither permitted nor system: com.noisefit
03-02 07:20:47.663  2763  2763 W DevicePolicyManager: Enabled package neither permitted nor system: com.noisefit
03-02 07:20:47.663  2763  2763 W DevicePolicyManager: Enabled package neither permitted nor system: com.noisefit
03-02 07:20:47.663  2763  2763 W DevicePolicyManager: Enabled package neither permitted nor system: com.noisefit
03-02 07:20:47.664  2763  2763 W DevicePolicyManager: Enabled package neither permitted nor system: com.noisefit
03-02 07:20:47.664  2763  2763 W DevicePolicyManager: Enabled package neither permitted nor system: com.noisefit
03-02 07:20:47.664  2763  2763 W DevicePolicyManager: Enabled package neither permitted nor system: com.noisefit
03-02 07:20:47.664  2763  2763 W DevicePolicyManager: Enabled package neither permitted nor system: com.noisefit
03-02 07:20:47.664  2763  2763 W DevicePolicyManager: Enabled package neither permitted nor system: com.noisefit
03-02 07:20:47.664  2763  2763 W DevicePolicyManager: Enabled package neither permitted nor system: com.noisefit
03-02 07:20:47.664  2763  2763 W DevicePolicyManager: Enabled package neither permitted nor system: com.noisefit
03-02 07:20:47.664  2763  2763 W DevicePolicyManager: Enabled package neither permitted nor system: com.noisefit
03-02 07:20:47.664  2763  2763 W DevicePolicyManager: Enabled package neither permitted nor system: com.noisefit
03-02 07:20:47.664  2763  2763 W DevicePolicyManager: Enabled package neither permitted nor system: com.noisefit
03-02 07:20:47.664  2763  2763 W DevicePolicyManager: Enabled package neither permitted nor system: com.noisefit
03-02 07:20:47.665  2763  2763 W DevicePolicyManager: Enabled package neither permitted nor system: com.noisefit
03-02 07:20:47.665  2763  2763 W DevicePolicyManager: Enabled package neither permitted nor system: com.noisefit
03-02 07:20:47.665  2763  2763 W DevicePolicyManager: Enabled package neither permitted nor system: com.noisefit
03-02 07:20:47.665  2763  2763 W DevicePolicyManager: Enabled package neither permitted nor system: com.noisefit
03-02 07:20:47.665  2763  2763 W DevicePolicyManager: Enabled package neither permitted nor system: com.noisefit
03-02 07:20:47.932  2763  3990 D BackgroundInstallControlService: Package event received: 0
03-02 07:20:54.067  2763  3195 W ActivityManager: Rescheduling restart of crashed service com.google.android.apps.messaging/com.google.android.ims.binding.SystemBindingService in 13556147ms for mem-pressure-event
03-02 07:20:55.419  2763  3718 D CompatChangeReporter: Compat change id reported: 151861875; UID 10397; state: ENABLED
03-02 07:20:55.423  2763  3197 W MotoBatteryCareService: isBatteryCareAllowedSelfStart restricted by mode.
03-02 07:20:55.423  2763  3197 W MotoBatteryCareService: restricted process start because of alarm or job. packageName=com.jio.myjio
03-02 07:20:55.424  2763  3197 E ActivityManager: Failure starting process com.jio.myjio
03-02 07:20:55.424  2763  3197 E ActivityManager: java.lang.RuntimeException: SmartBackground restriction
03-02 07:20:55.424  2763  3197 E ActivityManager: 	at com.android.server.am.ProcessList.startProcess(ProcessList.java:2586)
03-02 07:20:55.424  2763  3197 E ActivityManager: 	at com.android.server.am.ProcessList.lambda$handleProcessStart$2(ProcessList.java:2360)
03-02 07:20:55.424  2763  3197 E ActivityManager: 	at com.android.server.am.ProcessList.$r8$lambda$7tA7FGK86Ca7_MUb7SZX_VtkDjI(ProcessList.java:0)
03-02 07:20:55.424  2763  3197 E ActivityManager: 	at com.android.server.am.ProcessList$$ExternalSyntheticLambda6.run(R8$$SyntheticClass:0)
03-02 07:20:55.424  2763  3197 E ActivityManager: 	at com.android.server.am.ProcessList.handleProcessStart(ProcessList.java:2387)
03-02 07:20:55.424  2763  3197 E ActivityManager: 	at com.android.server.am.ProcessList.lambda$startProcessLocked$1(ProcessList.java:2326)
03-02 07:20:55.424  2763  3197 E ActivityManager: 	at com.android.server.am.ProcessList.$r8$lambda$CJ9r0QvrztLxvJRHzZHIx3Om9NE(ProcessList.java:0)
03-02 07:20:55.424  2763  3197 E ActivityManager: 	at com.android.server.am.ProcessList$$ExternalSyntheticLambda5.run(R8$$SyntheticClass:0)
03-02 07:20:55.424  2763  3197 E ActivityManager: 	at android.os.Handler.handleCallback(Handler.java:1037)
03-02 07:20:55.424  2763  3197 E ActivityManager: 	at android.os.Handler.dispatchMessage(Handler.java:108)
03-02 07:20:55.424  2763  3197 E ActivityManager: 	at android.os.Looper.loopOnce(Looper.java:292)
03-02 07:20:55.424  2763  3197 E ActivityManager: 	at android.os.Looper.loop(Looper.java:416)
03-02 07:20:55.424  2763  3197 E ActivityManager: 	at android.os.HandlerThread.run(HandlerThread.java:103)
03-02 07:20:55.424  2763  3197 E ActivityManager: 	at com.android.server.ServiceThread.run(ServiceThread.java:49)
03-02 07:20:55.424  2763  3197 I ActivityManager: Force stopping com.jio.myjio appid=10397 user=0: start failure
03-02 07:20:55.443  2763  3195 D addPss  : tracker=ProcessState{1c5f99f org.zwanoo.android.speedtest/10394 pkg=org.zwanoo.android.speedtest}
03-02 07:20:55.445  2763  3195 D addPss  : tracker=ProcessState{e0ebfc8 com.android.vending:background/10224 pkg=com.android.vending}
03-02 07:20:55.448  2763  3197 W ProcessStats: Tracking association SourceState{56e62e com.android.settings/1000 Service #3613825} whose proc state 8 is better than process ProcessState{dd9d9e7 com.motorola.coresettingsext/10280 pkg=com.motorola.coresettingsext} proc state 15 (0 skipped)
03-02 07:20:55.449  2763  3195 D addPss  : tracker=ProcessState{a722227 com.motorola.personalize/10306 pkg=com.motorola.personalize}
03-02 07:20:55.449  2763  3197 I ActivityManager:   Force stopping service ServiceRecord{af4b34f u0 com.jio.myjio/androidx.work.impl.background.systemjob.SystemJobService c:android}
03-02 07:20:55.449  2763  2763 E JobServiceContext: Binding died for 0:com.jio.myjio
03-02 07:20:55.451  2763  3168 I ActivityManager: Exiting empty application process 0:com.jio.myjio/u0a397 (null)
03-02 07:20:58.749  2763  5067 D DreamManagerService: Dream requested to start dozing: android.os.Binder@a35593e, screenState=ON, reason=UNKNOWN, screenBrightnessFloat=NaN, screenBrightnessInt=-1, useNormalBrightnessForDoze=false
03-02 07:20:58.751  2763  3245 I WindowManager: Display 0 turning on...
03-02 07:20:58.752  2763  3245 D WindowManager: Remove SleepToken: tag=Display-off, displayId=0
03-02 07:20:58.752  2763  5067 D PowerManagerService: nativeSetAutoSuspend enable:false duration ms: 3
03-02 07:20:58.754  2763  5051 D FingerprintProvider/defaultHIDL: setIgnoreDisplayTouches set to true
03-02 07:20:58.756  2763  5067 D PowerManagerService: nativeAcquireSuspendBlocker name:PowerManagerService.Display duration ms: 3
03-02 07:20:58.757  2763  3195 D addPss  : tracker=ProcessState{ed3499c com.android.vending/10224 pkg=com.android.vending}
03-02 07:20:58.759  2763  3984 I MR2ServiceImpl: Updating composite discovery preference | preference: RouteDiscoveryRequest{ preferredFeatures={}, activeScan=false }, active routers: []
03-02 07:20:58.764  2763  3245 D WindowManager: isKeyguardAuthState = YES.
03-02 07:20:58.767  2763  3245 I DisplayPowerController: Window Manager Policy screenTurningOn complete
03-02 07:20:58.768  2763  5051 D WindowManager: mKeyguardDelegate.ShowListener.onDrawn.
03-02 07:20:58.768  2763  3166 W WindowManager: Setting mKeyguardDrawComplete
03-02 07:20:58.776  2763  3245 I DisplayBrightnessStrategySelector: Changing the DisplayBrightnessStrategy from ScreenOffBrightnessStrategy to FallbackBrightnessStrategy for display 0
03-02 07:20:58.777  2763  3245 V DisplayPowerController[0]: Brightness [0.36780992] reason changing to: 'manual', previous reason: 'screen_off'.
03-02 07:20:58.777  2763  3245 I DisplayPowerController[0]: 03-02 07:20:58.777 - BrightnessEvent: brt=0.36780992 (42.0%), nits= 86.16496, lux=-1.0, reason=manual, strat=FallbackBrightnessStrategy, state=ON, stateReason=UNKNOWN, policy=DOZE, flags=, initBrt=0.0, rcmdBrt=NaN, preBrt=NaN, preLux=0.0, hdrNits=NaN, initNits=3.1465538, preNits=NaN, rcmdNits=NaN, sdrToHdrRatio=NaN, hdrBrightness=NaN, brt(%)=42%, brtInt=94, hbmPolicy=normal, wasShortTermModelActive=false, autoBrightness=true (default), unclampedBrt=0.36780992, hbmMax=0.86654115, hbmMode=off, thrmMax=1.0, rbcStrength=50, powerFactor=1.0, physDisp=Built-in Screen(local:4630946747577212034), logicalId=0, slowChange=false, rampSpeed=0.0
03-02 07:20:58.778  2763  4013 D PowerManagerService: nativeSetPowerMode ret:false mode:9 enabled:false duration ms: 0
03-02 07:20:58.778  2763  4013 D TouchHwAidlService: setDisplayState: mScreenOff=false
03-02 07:20:58.778  2763  4013 D LocalDisplayAdapter: setDisplayPowerMode mode=2 for display=android.os.BinderProxy@a5950da
03-02 07:20:58.778  2763  3168 I DisplayDeviceRepository: Display device changed state: "Built-in Screen", ON
03-02 07:20:58.782  2763  3166 D WindowManager: DeferredDisplayUpdater: partially applying DisplayInfo(1220 x 2712) immediately
03-02 07:20:58.783  2763  3164 D TouchHwAidlService: updateDefaultDisplayState: mScreenOn=true
03-02 07:20:58.784  2763  3166 I DisplayDevice: [0] Layerstack set to 0 for local:4630946747577212034 mDisplayToken=android.os.BinderProxy@a5950da t=Transaction{mNativeObject=-5476376666604962800, mHashCode=0}
03-02 07:20:58.785  2763  3168 D PanelsService: updateDefaultDisplayState: mScreenState=ON
03-02 07:20:58.786  2763  3168 D DisplayModeDirector: Display[0] brightness 0.36780992, ambient lux 131.89604, Vote null, insideLowZone false, insideHighZone false
03-02 07:20:58.797  2763  3245 D BrightnessThermalClamper: Thermal status observer already started
03-02 07:20:58.819  2763  3166 W WindowManager: All windows drawn on display -1
03-02 07:20:58.819  2763  3166 D WindowManager: finishScreenTurningOn..
03-02 07:20:58.819  2763  3166 D WindowManager: enableScreen mKeyguardDrawnOnce=true awake=false mBootMessageNeedsHiding=false
03-02 07:20:59.018  2763  3168 I BrightnessSynchronizer: New Update: {[44959] 0.36780992(f), mUpdatedTypes=0, mConfirmedTypes=0, mTimeUpdated=0, mState=2}
03-02 07:20:59.020  2763  3168 I BrightnessSynchronizer: New Update: {[44960] 0.36780992(f), mUpdatedTypes=0, mConfirmedTypes=0, mTimeUpdated=0, mState=2}
03-02 07:20:59.033  2763  3245 I WindowManager: Display 0 turned on...
03-02 07:20:59.034  2763  3245 I DisplayBrightnessStrategySelector: Changing the DisplayBrightnessStrategy from FallbackBrightnessStrategy to AutomaticBrightnessStrategy for display 0
03-02 07:20:59.035  2763  3245 V DisplayPowerController[0]: Brightness [0.347779] reason changing to: 'automatic', previous reason: 'manual'.
03-02 07:20:59.036  2763  3245 I DisplayPowerController[0]: 03-02 07:20:59.036 - BrightnessEvent: brt=0.347779 (40.0%), nits= 77.92719, lux=45.967503, reason=automatic, strat=AutomaticBrightnessStrategy, state=ON, stateReason=UNKNOWN, policy=DOZE, flags=, initBrt=0.36780992, rcmdBrt=0.347779, preBrt=NaN, preLux=NaN, hdrNits=NaN, initNits=86.16496, preNits=NaN, rcmdNits=77.92719, sdrToHdrRatio=NaN, hdrBrightness=NaN, brt(%)=40%, brtInt=89, hbmPolicy=normal, wasShortTermModelActive=false, autoBrightness=true (default), unclampedBrt=0.347779, hbmMax=0.86654115, hbmMode=off, thrmMax=1.0, rbcStrength=50, powerFactor=1.0, physDisp=Built-in Screen(local:4630946747577212034), logicalId=0, slowChange=false, rampSpeed=0.70472443
03-02 07:20:59.038  2763  3168 I BrightnessSynchronizer: New Update: {[44961] 0.347779(f), mUpdatedTypes=1, mConfirmedTypes=0, mTimeUpdated=0, mState=2}
03-02 07:20:59.038  2763  3168 I BrightnessSynchronizer: [44961] New Update 0.347779(f) set brightness values:  89(i)
03-02 07:20:59.039  2763  3168 I BrightnessSynchronizer: Swallowing update of 89(i) by update: {[44961] 0.347779(f), mUpdatedTypes=1, mConfirmedTypes=1, mTimeUpdated=647329385, mState=2}
03-02 07:20:59.039  2763  3168 I BrightnessSynchronizer: Completed Update: {[44961] 0.347779(f), mUpdatedTypes=1, mConfirmedTypes=1, mTimeUpdated=647329385, mState=3}
03-02 07:20:59.050  2763  3168 I DisplayDeviceRepository: Display device changed render timings: "Built-in Screen", renderFrameRate=60.000004, presentationDeadlineNanos=11500000, appVsyncOffsetNanos=9166666, frameRateOverrides=[]
03-02 07:20:59.052  2763  3166 D WindowManager: DeferredDisplayUpdater: partially applying DisplayInfo(1220 x 2712) immediately
03-02 07:20:59.090  2763  3168 I BrightnessSynchronizer: New Update: {[44962] 0.347779(f), mUpdatedTypes=0, mConfirmedTypes=0, mTimeUpdated=0, mState=2}
03-02 07:20:59.279  2763  5079 D FingerprintProvider/defaultHIDL: setIgnoreDisplayTouches set to false
03-02 07:20:59.604  2763  3245 I DisplayPowerController[0]: 03-02 07:20:59.603 - BrightnessEvent: brt=0.4270838 (49.0%), nits= 117.134346, lux=799.06335, reason=automatic, strat=AutomaticBrightnessStrategy, state=ON, stateReason=UNKNOWN, policy=DOZE, flags=, initBrt=0.347779, rcmdBrt=0.4270838, preBrt=0.347779, preLux=45.967503, hdrNits=NaN, initNits=77.92719, preNits=77.92719, rcmdNits=117.134346, sdrToHdrRatio=NaN, hdrBrightness=NaN, brt(%)=49%, brtInt=109, hbmPolicy=normal, wasShortTermModelActive=false, autoBrightness=true (default), unclampedBrt=0.4270838, hbmMax=0.86654115, hbmMode=off, thrmMax=1.0, rbcStrength=50, powerFactor=1.0, physDisp=Built-in Screen(local:4630946747577212034), logicalId=0, slowChange=true, rampSpeed=0.23228346
03-02 07:20:59.610  2763  3168 I BrightnessSynchronizer: New Update: {[44963] 0.4270838(f), mUpdatedTypes=1, mConfirmedTypes=0, mTimeUpdated=0, mState=2}
03-02 07:20:59.610  2763  3168 I BrightnessSynchronizer: [44963] New Update 0.4270838(f) set brightness values:  109(i)
03-02 07:20:59.610  2763  3168 I BrightnessSynchronizer: Swallowing update of 109(i) by update: {[44963] 0.4270838(f), mUpdatedTypes=1, mConfirmedTypes=1, mTimeUpdated=647329956, mState=2}
03-02 07:20:59.611  2763  3168 I BrightnessSynchronizer: Completed Update: {[44963] 0.4270838(f), mUpdatedTypes=1, mConfirmedTypes=1, mTimeUpdated=647329956, mState=3}
03-02 07:21:00.044  2763  3245 I DisplayPowerController[0]: 03-02 07:21:00.043 - BrightnessEvent: brt=0.4270838 (49.0%), nits= 117.134346, lux=1037.1344, reason=automatic, strat=AutomaticBrightnessStrategy, state=ON, stateReason=UNKNOWN, policy=DOZE, flags=, initBrt=0.4270838, rcmdBrt=0.4270838, preBrt=0.347779, preLux=799.06335, hdrNits=NaN, initNits=117.134346, preNits=77.92719, rcmdNits=117.134346, sdrToHdrRatio=NaN, hdrBrightness=NaN, brt(%)=49%, brtInt=109, hbmPolicy=normal, wasShortTermModelActive=false, autoBrightness=true (default), unclampedBrt=0.4270838, hbmMax=0.86654115, hbmMode=off, thrmMax=1.0, rbcStrength=50, powerFactor=1.0, physDisp=Built-in Screen(local:4630946747577212034), logicalId=0, slowChange=true, rampSpeed=0.0
03-02 07:21:00.046  2763  3168 I BrightnessSynchronizer: New Update: {[44964] 0.4270838(f), mUpdatedTypes=0, mConfirmedTypes=0, mTimeUpdated=0, mState=2}
03-02 07:21:00.475  2763  3766 V PowerManager: wakeUp time=647330812 reason=WAKE_REASON_POWER_BUTTON details=android.policy:POWER: displayId=0 by (android) callers=com.android.server.policy.WindowWakeUpPolicy.wakeUp:278 com.android.server.policy.WindowWakeUpPolicy.wakeUpFromKey:132 com.android.server.policy.PhoneWindowManager.wakeUpFromWakeKey:8661 
03-02 07:21:00.475  2763  3766 I PowerGroup: Waking up power group from Dozing (groupId=0, uid=1000, reason=WAKE_REASON_POWER_BUTTON, details=android.policy:POWER:)...
03-02 07:21:00.476  2763  3766 I PowerManagerService: Waking up from Dozing (uid=1000, reason=WAKE_REASON_POWER_BUTTON, details=android.policy:POWER:)...
03-02 07:21:00.479  2763  3766 D PowerManagerService: nativeAcquireSuspendBlocker name:PowerManagerService.Broadcasts duration ms: 3
03-02 07:21:00.480  2763  3766 I CarConnectionMonitor: handleDozeMode false
03-02 07:21:00.480  2763  2763 I WindowManager: Started waking up... (groupId=0 why=ON_BECAUSE_OF_USER) pmWakeReason=WAKE_REASON_POWER_BUTTON
03-02 07:21:00.480  2763  3766 D PowerManagerService: nativeSetPowerMode ret:true mode:7 enabled:true duration ms: 0
03-02 07:21:00.482  2763  3168 D PanelsService: onAwakeStateChanged.. isAwake=true
03-02 07:21:00.482  2763  3168 D TouchHwAidlService: onAwakeStateChanged.. isAwake=true
03-02 07:21:00.482  2763  3168 D TouchHwAidlService: Unregister stow sensor
03-02 07:21:00.484  2763  3990 D BackgroundInstallControlService: Package event received: 0
03-02 07:21:00.484  2763  3990 D BackgroundInstallControlService: Package event received: 0
03-02 07:21:00.485  2763  3245 I DisplayPowerController[0]: 03-02 07:21:00.483 - BrightnessEvent: brt=0.4270838 (49.0%), nits= 117.134346, lux=1193.4523, reason=automatic, strat=AutomaticBrightnessStrategy, state=ON, stateReason=KEY, policy=BRIGHT, flags=, initBrt=0.4270838, rcmdBrt=0.4270838, preBrt=0.347779, preLux=1037.1344, hdrNits=NaN, initNits=117.134346, preNits=77.92719, rcmdNits=117.134346, sdrToHdrRatio=NaN, hdrBrightness=NaN, brt(%)=49%, brtInt=109, hbmPolicy=normal, wasShortTermModelActive=false, autoBrightness=true (default), unclampedBrt=0.4270838, hbmMax=0.86654115, hbmMode=off, thrmMax=1.0, rbcStrength=50, powerFactor=1.0, physDisp=Built-in Screen(local:4630946747577212034), logicalId=0, slowChange=true, rampSpeed=0.0
03-02 07:21:00.486  2763  3164 D TouchHwAidlService: enableGestureStowMode stowed: false
03-02 07:21:00.487  2763  3245 I PowerManagerService: handleSandman stop dream, groupId=0
03-02 07:21:00.487  2763  3245 I DreamManagerService: Gently waking up from dream.
03-02 07:21:00.487  2763  3245 I DreamManagerService: stopDreamLocked. callers=com.android.server.dreams.DreamManagerService.stopDreamInternal:638 com.android.server.dreams.DreamManagerService.-$$Nest$mstopDreamInternal:0 com.android.server.dreams.DreamManagerService$LocalService.stopDream:1455 com.android.server.power.PowerManagerService.handleSandman:4450 com.android.server.power.PowerManagerService.-$$Nest$mhandleSandman:0 
03-02 07:21:00.488  2763  2763 I WindowManager: Finished waking up... (groupId=0 why=ON_BECAUSE_OF_USER) pmWakeReason=WAKE_REASON_POWER_BUTTON
03-02 07:21:00.488  2763  3164 D TouchHwAidlService: setStowGestureMode stowed=false ret=0
03-02 07:21:00.494  4130  4130 V DreamService[DozeService]: wakeUp(): fromSystem=true, mWaking=false, mFinished=false callers=android.service.dreams.DreamService.-$$Nest$mwakeUp:0 android.service.dreams.DreamService$DreamServiceWrapper.lambda$wakeUp$2:2055 android.service.dreams.DreamService$DreamServiceWrapper$$ExternalSyntheticLambda4.accept:0 android.service.dreams.DreamService$DreamServiceWrapper.lambda$post$0:2023 android.service.dreams.DreamService$DreamServiceWrapper$$ExternalSyntheticLambda3.run:0 
03-02 07:21:00.494  4130  4130 V DreamService[DozeService]: finish(): mFinished=false activity=null callers=android.service.dreams.DreamService.$r8$lambda$YqWkX-fytSRhL11dzq_Gpezekeg:0 android.service.dreams.DreamService$$ExternalSyntheticLambda1.run:0 android.service.dreams.DreamService$WakefulHandlerImpl.postIfNeeded:392 android.service.dreams.DreamService.postIfNeeded:1004 android.service.dreams.DreamService.finish:1432 
03-02 07:21:00.495  2763  4467 I DreamManagerService: startDozing by com.android.systemui callingUid=10316 callingPid=0
03-02 07:21:00.495  2763  4467 D DreamManagerService: Dream finished: android.os.Binder@a35593e, immediate=true
03-02 07:21:00.495  2763  4467 I DreamManagerService: Leaving dreamland.
03-02 07:21:00.496  2763  4467 I DreamManagerService: stopDreamLocked. callers=com.android.server.dreams.DreamManagerService.finishSelfInternal:610 com.android.server.dreams.DreamManagerService.-$$Nest$mfinishSelfInternal:0 com.android.server.dreams.DreamManagerService$BinderService.finishSelfOneway:1249 android.service.dreams.IDreamManager$Stub.onTransact:456 android.os.Binder.execTransactInternal:1452 
03-02 07:21:00.496  2763  3164 I DreamController: Stopping dream: name=ComponentInfo{com.android.systemui/com.android.systemui.doze.DozeService}, isPreviewMode=false, canDoze=true, userId=0, reason='finished self'(from 'power manager request')
03-02 07:21:00.499  2763  5079 D CoreBackPreview: Window{d60c1f8 u0 NotificationShade}: Setting back callback OnBackInvokedCallbackInfo{mCallback=android.window.IOnBackInvokedCallback$Stub$Proxy@ca614eb, mPriority=0, mIsAnimationCallback=false, mOverrideBehavior=0}
03-02 07:21:00.520  4130  4130 V DreamService[DozeService]: finish(): mFinished=true activity=null callers=android.service.dreams.DreamService.$r8$lambda$YqWkX-fytSRhL11dzq_Gpezekeg:0 android.service.dreams.DreamService$$ExternalSyntheticLambda1.run:0 android.service.dreams.DreamService$WakefulHandlerImpl.postIfNeeded:392 android.service.dreams.DreamService.postIfNeeded:1004 android.service.dreams.DreamService.finish:1432 
03-02 07:21:00.521  2763  3984 I MR2ServiceImpl: Updating composite discovery preference | preference: RouteDiscoveryRequest{ preferredFeatures={}, activeScan=false }, active routers: []
03-02 07:21:00.522  2763  3984 I MR2ServiceImpl: Updating composite discovery preference | preference: RouteDiscoveryRequest{ preferredFeatures={}, activeScan=false }, active routers: []
03-02 07:21:00.537  4130  4174 D ShellSplitScreen: onStartedWakingUp
03-02 07:21:00.539  4130  4130 V DreamService[DozeService]: detach(): Calling onDreamingStopped()
03-02 07:21:00.539  4130  4130 V DreamService[DozeService]: onDreamingStopped()
