03-02 07:19:34.825  4130  4174 V WindowManagerShell:         {m=CHANGE f=NONE p=WCT{android.window.IWindowContainerToken$Stub$Proxy@4054d05} pTaskId=-1 leash=Surface(name=Task=21807)/@0x793df50 sb=Rect(0, 0 - 1220, 2712) eb=Rect(0, 0 - 2712, 1220) epz=Point(2712, 1220) d=0 r=0->3:0 taskParent=-1},
03-02 07:19:34.825  4130  4174 V WindowManagerShell:         {m=CHANGE f=FLAG_IS_TASK_DISPLAY_AREA p=WCT{android.window.IWindowContainerToken$Stub$Proxy@a97815a} leash=Surface(name=DefaultTaskDisplayArea)/@0xfe0a549 sb=Rect(0, 0 - 1220, 2712) eb=Rect(0, 0 - 2712, 1220) epz=Point(2712, 1220) d=0 r=0->3:-1},
03-02 07:19:34.825  4130  4174 V WindowManagerShell:         {m=CHANGE f=IS_DISPLAY leash=Surface(name=WindowedMagnification:0:31)/@0x478ce4e sb=Rect(0, 0 - 1220, 2712) eb=Rect(0, 0 - 2712, 1220) epz=Point(2712, 1220) d=0 r=0->3:-1 snapshot=Surface(name=RotationLayer)/@0x49fcb6f}
03-02 07:19:34.825  4130  4174 V WindowManagerShell:     ]}
03-02 07:19:34.826  4130  4174 V WindowManagerShell: Playing animation for (#12711) android.os.BinderProxy@6d94392@0
03-02 07:19:34.826  4130  4174 V ShellRecents: RecentsTransitionHandler.startAnimation: no controller found
03-02 07:19:34.827  4130  4174 V WindowManagerShell: start default transition animation, info = {id=12711 t=CHANGE f=0x0 trk=0 r=[0@Point(0, 0)] c=[{m=CHANGE f=NONE p=WCT{android.window.IWindowContainerToken$Stub$Proxy@4054d05} pTaskId=-1 leash=Surface(name=Task=21807)/@0x793df50 sb=Rect(0, 0 - 1220, 2712) eb=Rect(0, 0 - 2712, 1220) epz=Point(2712, 1220) d=0 r=0->3:0 taskParent=-1},{m=CHANGE f=FLAG_IS_TASK_DISPLAY_AREA p=WCT{android.window.IWindowContainerToken$Stub$Proxy@a97815a} leash=Surface(name=DefaultTaskDisplayArea)/@0xfe0a549 sb=Rect(0, 0 - 1220, 2712) eb=Rect(0, 0 - 2712, 1220) epz=Point(2712, 1220) d=0 r=0->3:-1},{m=CHANGE f=IS_DISPLAY leash=Surface(name=WindowedMagnification:0:31)/@0x478ce4e sb=Rect(0, 0 - 1220, 2712) eb=Rect(0, 0 - 2712, 1220) epz=Point(2712, 1220) d=0 r=0->3:-1 snapshot=Surface(name=RotationLayer)/@0x49fcb6f}]}
03-02 07:19:34.827  4130  4174 V WindowManagerShell: Display is changing, resolve the animation hint.
03-02 07:19:34.827  4130  4174 V WindowManagerShell:   task 21807 isn't requesting seamless, so not seamless.
03-02 07:19:34.827  2763  3195 W MotoBatteryCareService: uid: 10224 pkgName:com.android.vending come to foreground
03-02 07:19:34.833  4130  4174 V WindowManagerShell:  animated by com.android.wm.shell.transition.DefaultTransitionHandler@b0387d0
03-02 07:19:34.842  2763  3168 W ProcessStats: Tracking association SourceState{3f4acb3 com.android.vending/10224 BTop #3613428} whose proc state 2 is better than process ProcessState{e0ebfc8 com.android.vending:background/10224 pkg=com.android.vending} proc state 14 (47 skipped)
03-02 07:19:34.844  2763  3245 I DisplayPowerController[0]: 03-02 07:19:34.843 - BrightnessEvent: brt=0.37470108 (43.0%), nits= 88.89264, lux=173.23384, reason=automatic, strat=AutomaticBrightnessStrategy, state=ON, stateReason=KEY, policy=BRIGHT, flags=, initBrt=0.34198165, rcmdBrt=0.37470108, preBrt=0.34198165, preLux=58.08941, hdrNits=NaN, initNits=75.22121, preNits=75.22121, rcmdNits=88.89264, sdrToHdrRatio=NaN, hdrBrightness=NaN, brt(%)=43%, brtInt=96, hbmPolicy=normal, wasShortTermModelActive=false, autoBrightness=true (default), unclampedBrt=0.37470108, hbmMax=0.86654115, hbmMode=off, thrmMax=1.0, rbcStrength=50, powerFactor=1.0, physDisp=Built-in Screen(local:4630946747577212034), logicalId=0, slowChange=true, rampSpeed=0.23228346
03-02 07:19:34.844  2763  3990 D BackgroundInstallControlService: Package event received: 0
03-02 07:19:34.847  2763  3168 I BrightnessSynchronizer: New Update: {[44947] 0.37470108(f), mUpdatedTypes=1, mConfirmedTypes=0, mTimeUpdated=0, mState=2}
03-02 07:19:34.847  2763  3168 I BrightnessSynchronizer: [44947] New Update 0.37470108(f) set brightness values:  96(i)
03-02 07:19:34.878  2763  3168 I BrightnessSynchronizer: Swallowing update of 96(i) by update: {[44947] 0.37470108(f), mUpdatedTypes=1, mConfirmedTypes=1, mTimeUpdated=647245194, mState=2}
03-02 07:19:34.878  2763  3168 I BrightnessSynchronizer: Completed Update: {[44947] 0.37470108(f), mUpdatedTypes=1, mConfirmedTypes=1, mTimeUpdated=647245194, mState=3}
03-02 07:19:34.879  2763  3195 D addPss  : tracker=ProcessState{ed3499c com.android.vending/10224 pkg=com.android.vending}
03-02 07:19:34.884  2763  3195 D addPss  : tracker=ProcessState{e0ebfc8 com.android.vending:background/10224 pkg=com.android.vending}
03-02 07:19:34.898  2763  3681 W PackageConfigPersister: App-specific configuration not found for packageName: com.android.vending and userId: 0
03-02 07:19:34.928  2763  7960 D CoreBackPreview: Window{3349c1f u0 SmartFeedSideScreen}: Setting back callback OnBackInvokedCallbackInfo{mCallback=android.window.IOnBackInvokedCallback$Stub$Proxy@b2fbd7a, mPriority=0, mIsAnimationCallback=false, mOverrideBehavior=0}
03-02 07:19:34.961  2763  4514 W PackageConfigPersister: App-specific configuration not found for packageName: com.android.vending and userId: 0
03-02 07:19:35.019  2763  3168 I BrightnessSynchronizer: New Update: {[44948] 0.37470108(f), mUpdatedTypes=0, mConfirmedTypes=0, mTimeUpdated=0, mState=2}
03-02 07:19:35.032  1351 29496 I keystore2: system/security/keystore2/watchdog/src/lib.rs:377 - Watchdog thread idle -> terminating. Have a great day.
03-02 07:19:35.038  2763  3739 D ActivityManager: freezing 28426 com.google.android.apps.nbu.files, reason = oom_cached
03-02 07:19:35.136  4130  4174 V WindowManagerShell: Transition animation finished (aborted=false), notifying core (#12711) android.os.BinderProxy@6d94392@0
03-02 07:19:35.137  2763  4514 D PowerManagerService: nativeSetPowerMode ret:false mode:17 enabled:false duration ms: 0
03-02 07:19:35.138  2763  3164 V WindowManager: Finish Transition (#12711): created at 03-02 07:19:34.443 collect-started=0.068ms request-sent=0.135ms started=26.284ms ready=133.313ms sent=373.067ms commit=31.3ms finished=694.123ms
03-02 07:19:35.139  4130  4174 V WindowManagerShell: Track 0 became idle
03-02 07:19:35.139  4130  4174 V WindowManagerShell: All active transition animations finished
03-02 07:19:35.305  2763  3245 I DisplayPowerController[0]: 03-02 07:19:35.301 - BrightnessEvent: brt=0.42216483 (49.0%), nits= 114.398056, lux=675.0094, reason=automatic, strat=AutomaticBrightnessStrategy, state=ON, stateReason=KEY, policy=BRIGHT, flags=, initBrt=0.37470108, rcmdBrt=0.42216483, preBrt=0.37470108, preLux=173.23384, hdrNits=NaN, initNits=88.89264, preNits=88.89264, rcmdNits=114.398056, sdrToHdrRatio=NaN, hdrBrightness=NaN, brt(%)=49%, brtInt=108, hbmPolicy=normal, wasShortTermModelActive=false, autoBrightness=true (default), unclampedBrt=0.42216483, hbmMax=0.86654115, hbmMode=off, thrmMax=1.0, rbcStrength=50, powerFactor=1.0, physDisp=Built-in Screen(local:4630946747577212034), logicalId=0, slowChange=true, rampSpeed=0.23228346
03-02 07:19:35.309  2763  3168 I BrightnessSynchronizer: New Update: {[44949] 0.42216483(f), mUpdatedTypes=1, mConfirmedTypes=0, mTimeUpdated=0, mState=2}
03-02 07:19:35.309  2763  3168 I BrightnessSynchronizer: [44949] New Update 0.42216483(f) set brightness values:  108(i)
03-02 07:19:35.314  2763  3168 I BrightnessSynchronizer: New PendingUpdate: {[44950] 0.42216483(f), mUpdatedTypes=0, mConfirmedTypes=0, mTimeUpdated=0, mState=1}, prev=null
03-02 07:19:35.316  2763  3168 I BrightnessSynchronizer: Swallowing update of 108(i) by update: {[44949] 0.42216483(f), mUpdatedTypes=1, mConfirmedTypes=1, mTimeUpdated=647245656, mState=2}
03-02 07:19:35.316  2763  3168 I BrightnessSynchronizer: Completed Update: {[44949] 0.42216483(f), mUpdatedTypes=1, mConfirmedTypes=1, mTimeUpdated=647245656, mState=3}
03-02 07:19:35.316  2763  3168 I BrightnessSynchronizer: New Update: {[44950] 0.42216483(f), mUpdatedTypes=0, mConfirmedTypes=0, mTimeUpdated=0, mState=2}
03-02 07:19:35.328   905  6539 W Binder  : reply too large data on java level: InterfaceDescriptor = null, code = 1
03-02 07:19:35.397  2763  3739 D ActivityManager: freezing 29521 com.android.soundpicker, reason = oom_cached
03-02 07:19:35.605  2763  3168 I BrightnessSynchronizer: New Update: {[44951] 0.42216483(f), mUpdatedTypes=0, mConfirmedTypes=0, mTimeUpdated=0, mState=2}
03-02 07:19:35.718  2763  5012 I WindowManager: finishDrawing of orientation change: Window{395da5c u0 StatusBar} 1141ms
03-02 07:19:35.743  2763  5012 I WindowManager: finishDrawing of orientation change: Window{318fa21 u0 NavigationBar0} 1166ms
03-02 07:19:35.788  2763  3739 D ActivityManager: freezing 29546 com.motorola.securityhub, reason = oom_cached
03-02 07:19:36.145  2763  3739 D ActivityManager: freezing 29641 com.motorola.aiservices, reason = oom_cached
03-02 07:19:36.250  2763  7960 I ActivityManager: appDiedLocked: app=ProcessRecord{9ff4b26 26489:com.google.android.gms/u10a187} thread=android.os.BinderProxy@a7b736f fromBinderDied=true isKilledByAm=false reason=null
03-02 07:19:36.250  2763  7960 I ActivityManager: Process com.google.android.gms (pid 26489) has died: cch+20 CEM 
03-02 07:19:36.252  2763  7960 D RestartModeController: markWaitRestartAppIsSuicided null processName=com.google.android.gms
03-02 07:19:36.253  2763  7960 D ActivityTaskManager: handleAppDied: uid=1010187,diedCount=1,lastDiedTime=646910789,forceStopUids=false
03-02 07:19:36.685  2763  3739 D ActivityManager: freezing 3260 com.android.settings, reason = oom_cached
03-02 07:19:36.689  2763  3739 D ActivityManager: freezing 28245 com.android.keychain, reason = oom_cached
03-02 07:19:36.690  2763  3739 D ActivityManager: freezing 27160 com.motorola.coresettingsext, reason = oom_cached
03-02 07:19:36.691  2763  3739 D ActivityManager: freezing 27599 com.motorola.msimsettings, reason = oom_cached
03-02 07:19:36.692  2763  3739 D ActivityManager: freezing 27573 com.motorola.coresettingsext, reason = oom_cached
03-02 07:19:36.693  2763  3739 D ActivityManager: freezing 27538 com.android.phone, reason = oom_cached
03-02 07:19:37.854  2763  3739 D ActivityManager: freezing 28952 com.motorola.dolby.dolbyui, reason = oom_cached
03-02 07:19:39.980  2763  3245 I DisplayPowerController[0]: 03-02 07:19:39.979 - BrightnessEvent: brt=0.36780992 (42.0%), nits= 86.16496, lux=139.99501, reason=automatic, strat=AutomaticBrightnessStrategy, state=ON, stateReason=KEY, policy=BRIGHT, flags=, initBrt=0.42216483, rcmdBrt=0.36780992, preBrt=0.42216483, preLux=304.90085, hdrNits=NaN, initNits=114.398056, preNits=114.398056, rcmdNits=86.16496, sdrToHdrRatio=NaN, hdrBrightness=NaN, brt(%)=42%, brtInt=94, hbmPolicy=normal, wasShortTermModelActive=false, autoBrightness=true (default), unclampedBrt=0.36780992, hbmMax=0.86654115, hbmMode=off, thrmMax=1.0, rbcStrength=50, powerFactor=1.0, physDisp=Built-in Screen(local:4630946747577212034), logicalId=0, slowChange=true, rampSpeed=0.23228346
03-02 07:19:39.986  2763  3168 I BrightnessSynchronizer: New Update: {[44952] 0.36780992(f), mUpdatedTypes=1, mConfirmedTypes=0, mTimeUpdated=0, mState=2}
03-02 07:19:39.986  2763  3168 I BrightnessSynchronizer: [44952] New Update 0.36780992(f) set brightness values:  94(i)
03-02 07:19:39.988  2763  3168 I BrightnessSynchronizer: Swallowing update of 94(i) by update: {[44952] 0.36780992(f), mUpdatedTypes=1, mConfirmedTypes=1, mTimeUpdated=647250333, mState=2}
03-02 07:19:39.988  2763  3168 I BrightnessSynchronizer: Completed Update: {[44952] 0.36780992(f), mUpdatedTypes=1, mConfirmedTypes=1, mTimeUpdated=647250333, mState=3}
03-02 07:19:40.379  2763  3739 D ActivityManager: freezing 29734 com.google.android.cellbroadcastreceiver, reason = oom_cached
03-02 07:19:41.366   905  1729 W Binder  : reply too large data on java level: InterfaceDescriptor = null, code = 1
03-02 07:19:42.388  2763  3168 I BrightnessSynchronizer: New Update: {[44953] 0.36780992(f), mUpdatedTypes=0, mConfirmedTypes=0, mTimeUpdated=0, mState=2}
03-02 07:19:42.723  2763  3195 W ActivityManager: Rescheduling restart of crashed service com.motorola.personalize/.plugin.LockScreenPluginService in 48959ms for mem-pressure-event
03-02 07:19:42.723  2763  3195 W ActivityManager: Rescheduling restart of crashed service com.google.android.apps.messaging/com.google.android.ims.binding.SystemBindingService in 13687490ms for mem-pressure-event
03-02 07:19:44.408   905  1729 W Binder  : reply too large data on java level: InterfaceDescriptor = null, code = 1
03-02 07:19:49.530  2763  3718 I JobServiceContext: Letting f6a9b0f #u0a224/9604 com.android.vending/com.google.android.finsky.scheduler.process.mainimpl.PhoneskyJobServiceMain continue to run past min execution time
03-02 07:19:50.382  2763  3197 W MotoBatteryCareService: isBatteryCareAllowedSelfStart restricted by mode.
03-02 07:19:50.383  2763  3197 W MotoBatteryCareService: restricted process start because of alarm or job. packageName=jio.cloud.drive
03-02 07:19:50.384  2763  3197 E ActivityManager: Failure starting process jio.cloud.drive
03-02 07:19:50.384  2763  3197 E ActivityManager: java.lang.RuntimeException: SmartBackground restriction
03-02 07:19:50.384  2763  3197 E ActivityManager: 	at com.android.server.am.ProcessList.startProcess(ProcessList.java:2586)
03-02 07:19:50.384  2763  3197 E ActivityManager: 	at com.android.server.am.ProcessList.lambda$handleProcessStart$2(ProcessList.java:2360)
03-02 07:19:50.384  2763  3197 E ActivityManager: 	at com.android.server.am.ProcessList.$r8$lambda$7tA7FGK86Ca7_MUb7SZX_VtkDjI(ProcessList.java:0)
03-02 07:19:50.384  2763  3197 E ActivityManager: 	at com.android.server.am.ProcessList$$ExternalSyntheticLambda6.run(R8$$SyntheticClass:0)
03-02 07:19:50.384  2763  3197 E ActivityManager: 	at com.android.server.am.ProcessList.handleProcessStart(ProcessList.java:2387)
03-02 07:19:50.384  2763  3197 E ActivityManager: 	at com.android.server.am.ProcessList.lambda$startProcessLocked$1(ProcessList.java:2326)
03-02 07:19:50.384  2763  3197 E ActivityManager: 	at com.android.server.am.ProcessList.$r8$lambda$CJ9r0QvrztLxvJRHzZHIx3Om9NE(ProcessList.java:0)
03-02 07:19:50.384  2763  3197 E ActivityManager: 	at com.android.server.am.ProcessList$$ExternalSyntheticLambda5.run(R8$$SyntheticClass:0)
03-02 07:19:50.384  2763  3197 E ActivityManager: 	at android.os.Handler.handleCallback(Handler.java:1037)
03-02 07:19:50.384  2763  3197 E ActivityManager: 	at android.os.Handler.dispatchMessage(Handler.java:108)
03-02 07:19:50.384  2763  3197 E ActivityManager: 	at android.os.Looper.loopOnce(Looper.java:292)
03-02 07:19:50.384  2763  3197 E ActivityManager: 	at android.os.Looper.loop(Looper.java:416)
03-02 07:19:50.384  2763  3197 E ActivityManager: 	at android.os.HandlerThread.run(HandlerThread.java:103)
03-02 07:19:50.384  2763  3197 E ActivityManager: 	at com.android.server.ServiceThread.run(ServiceThread.java:49)
03-02 07:19:50.384  2763  3197 I ActivityManager: Force stopping jio.cloud.drive appid=10479 user=0: start failure
03-02 07:19:50.395  2763  3195 D addPss  : tracker=ProcessState{eb4c7ee com.android.settings/1000 pkg=com.android.settings}
03-02 07:19:50.395  2763  3197 W ProcessStats: Tracking association SourceState{56e62e com.android.settings/1000 Service #3613477} whose proc state 8 is better than process ProcessState{dd9d9e7 com.motorola.coresettingsext/10280 pkg=com.motorola.coresettingsext} proc state 15 (1 skipped)
03-02 07:19:50.395  2763  3197 I ActivityManager:   Force stopping service ServiceRecord{80aca2a u0 jio.cloud.drive/androidx.work.impl.background.systemjob.SystemJobService c:android}
03-02 07:19:50.396  2763  2763 E JobServiceContext: Binding died for 0:jio.cloud.drive
03-02 07:19:50.397  2763  3195 D addPss  : tracker=ProcessState{fcad671 com.google.android.cellbroadcastreceiver/10343 pkg=com.google.android.cellbroadcastreceiver}
03-02 07:19:50.400  2763  3168 I ActivityManager: Exiting empty application process 0:jio.cloud.drive/u0a479 (null)
03-02 07:19:50.403  2763  3195 D addPss  : tracker=ProcessState{8374e7c com.motorola.aiservices/10158 pkg=com.motorola.aiservices}
03-02 07:19:50.404  2763  3195 D addPss  : tracker=ProcessState{5a702ad com.motorola.securityhub/10299 pkg=com.motorola.securityhub}
03-02 07:19:50.406  2763  3195 D addPss  : tracker=ProcessState{b5730 com.google.android.apps.nbu.files/10177 pkg=com.google.android.apps.nbu.files}
03-02 07:19:50.407  2763  3195 D addPss  : tracker=ProcessState{d607893 com.android.soundpicker/10118 pkg=com.android.soundpicker}
03-02 07:19:50.408  2763  3195 D addPss  : tracker=ProcessState{3b52e73 com.google.android.adservices.api/10339 pkg=com.google.android.adservices.api}
03-02 07:19:50.409  2763  3195 D addPss  : tracker=ProcessState{5122a8f com.google.android.packageinstaller/10120 pkg=com.google.android.packageinstaller}
03-02 07:19:50.410  2763  3195 D addPss  : tracker=ProcessState{eda2d13 com.motorola.dolby.dolbyui/10149 pkg=com.motorola.dolby.dolbyui}
03-02 07:19:50.411  2763  3195 D addPss  : tracker=ProcessState{c575129 com.android.keychain/1000 pkg=com.android.keychain}
03-02 07:19:50.412  2763  3195 D addPss  : tracker=ProcessState{dd9d9e7 com.motorola.coresettingsext/10280 pkg=com.motorola.coresettingsext}
03-02 07:19:50.415  2763  3195 D addPss  : tracker=ProcessState{5d8ff53 com.motorola.msimsettings/1010292 pkg=com.motorola.msimsettings}
03-02 07:19:50.416  2763  3195 D addPss  : tracker=ProcessState{2c54c26 com.motorola.coresettingsext/1010280 pkg=com.motorola.coresettingsext}
03-02 07:19:50.418  2763  3195 D addPss  : tracker=ProcessState{9931cf5 com.android.phone/1001001 pkg=com.android.phone}
03-02 07:19:50.851  2763  3700 D BatteryService: uevent={POWER_SUPPLY_POWER_AVG=0, POWER_SUPPLY_VOLTAGE_NOW=4191000, POWER_SUPPLY_POWER_NOW=1206720, POWER_SUPPLY_CHARGE_CONTROL_LIMIT_MAX=15, POWER_SUPPLY_TYPE=Battery, POWER_SUPPLY_HEALTH=Good, POWER_SUPPLY_TECHNOLOGY=Li-ion, POWER_SUPPLY_CHARGE_FULL_DESIGN=4365000, SEQNUM=362476, POWER_SUPPLY_CHARGE_CONTROL_LIMIT=8, POWER_SUPPLY_MODEL_NAME=EXTFG_MMI_PROFILE_DEFAULT, POWER_SUPPLY_STATUS=Discharging, POWER_SUPPLY_CYCLE_COUNT=617, POWER_SUPPLY_CAPACITY=83, DEVPATH=/devices/platform/soc/soc:qcom,pmic_glink/soc:qcom,pmic_glink:qcom,battery_charger/power_supply/battery, POWER_SUPPLY_CHARGE_TYPE=N/A, POWER_SUPPLY_CURRENT_NOW=-254000, POWER_SUPPLY_TIME_TO_FULL_AVG=4189, POWER_SUPPLY_PRESENT=1, POWER_SUPPLY_CHARGE_FULL=4059000, POWER_SUPPLY_TIME_TO_FULL_NOW=4189, SUBSYSTEM=power_supply, POWER_SUPPLY_VOLTAGE_OCV=4190000, POWER_SUPPLY_TEMP=340, ACTION=change, POWER_SUPPLY_NAME=battery, POWER_SUPPLY_VOLTAGE_MAX=4265000, POWER_SUPPLY_CHARGE_COUNTER=3279000, POWER_SUPPLY_TIME_TO_EMPTY_AVG=824400}
03-02 07:19:50.875  2763  3196 D ActivityManager: unfreezing ProcessRecord{4a59123 27160:com.motorola.coresettingsext/u0a280}, reason = unfreezeTemporarily, adj = 920, adjType = cch-empty, adjSource = null
03-02 07:19:50.876  2763  2763 V UiModeManager: updateLocked: null action, mDockState=0, category=null
03-02 07:19:50.876  2763  2763 D UiModeManager: updateConfigurationLocked: mDockState=0; mCarMode=false; mNightMode=1; mNightModeCustomType=-1; uiMode=17
03-02 07:19:50.877  2763  3196 D ActivityManager: sync unfroze 27160 com.motorola.coresettingsext for 3
03-02 07:19:50.877  2763  3196 D ActivityManager: unfreezing ProcessRecord{61e0434 27538:com.android.phone/u10s1001}, reason = unfreezeTemporarily, adj = 920, adjType = cch-empty, adjSource = null
03-02 07:19:50.878  2763  3196 D ActivityManager: sync unfroze 27538 com.android.phone for 3
03-02 07:19:50.879  2763  3196 D ActivityManager: unfreezing ProcessRecord{4bf5813 27573:com.motorola.coresettingsext/u10a280}, reason = unfreezeTemporarily, adj = 920, adjType = cch-empty, adjSource = null
03-02 07:19:50.881  2763  3196 D ActivityManager: sync unfroze 27573 com.motorola.coresettingsext for 3
03-02 07:19:50.881  2763  3196 D ActivityManager: unfreezing ProcessRecord{dc225c4 27599:com.motorola.msimsettings/u10a292}, reason = unfreezeTemporarily, adj = 920, adjType = cch-empty, adjSource = null
03-02 07:19:50.884  2763  3196 D ActivityManager: sync unfroze 27599 com.motorola.msimsettings for 3
03-02 07:19:50.885  2763  3196 D ActivityManager: unfreezing ProcessRecord{f679c2a 3260:com.android.settings/1000}, reason = unfreezeTemporarily, adj = 900, adjType = cch-started-ui-services, adjSource = null
03-02 07:19:50.887  2763  3196 D ActivityManager: sync unfroze 3260 com.android.settings for 3
03-02 07:19:50.889  2763  2763 W ContextImpl: Calling a method in the system process without a qualified user: android.app.ContextImpl.startService:2020 com.motorola.server.batterycare.MotoBatteryCareService.notifyBatteryLevelChanged:1213 com.motorola.server.batterycare.MotoBatteryCareService.-$$Nest$mnotifyBatteryLevelChanged:0 com.motorola.server.batterycare.MotoBatteryCareService$1.onReceive:226 android.app.LoadedApk$ReceiverDispatcher$Args.lambda$getRunnable$0:1857 
03-02 07:19:50.907  2763  3197 I ActivityManager: Start proc 29796:com.google.android.apps.turbo/u0a216 for broadcast {com.google.android.apps.turbo/com.google.android.apps.turbo.nudges.broadcasts.BatteryStatusChangedReceiver}
03-02 07:19:50.907  2763  3197 I ActivityManager: ProcessObserver broadcast disabled
03-02 07:19:50.928  2763  5018 D CompatChangeReporter: Compat change id reported: 151861875; UID 10306; state: ENABLED
03-02 07:19:50.929  2763  3990 D BackgroundInstallControlService: Package event received: 0
03-02 07:19:50.943  2763  3197 I ActivityManager: Start proc 29803:com.motorola.personalize/u0a306 for service {com.motorola.personalize/com.motorola.personalize.plugin.LockScreenPluginService}
03-02 07:19:50.943  2763  3197 I ActivityManager: ProcessObserver broadcast disabled
03-02 07:19:50.972  2763  3197 I ActivityManager: Start proc 29810:com.android.settings/u10s1000 for broadcast {com.android.settings/com.android.settings.fuelgauge.batteryusage.BatteryUsageBroadcastReceiver}
03-02 07:19:50.972  2763  3197 I ActivityManager: ProcessObserver broadcast disabled
03-02 07:19:51.096  2763  3682 I ActivityManager: Flag disabled. Ignoring finishAttachApplication from uid: 10216. pid: 29796
03-02 07:19:51.208  2763  5018 I ActivityManager: Flag disabled. Ignoring finishAttachApplication from uid: 10306. pid: 29803
03-02 07:19:51.226  2763  7960 W WallpaperManagerService: getWallpaperWithFeature wallpaper not existed, ; which = 2
03-02 07:19:51.231  2763  5018 W WallpaperManagerService: getWallpaperWithFeature wallpaper not existed, ; which = 2
03-02 07:19:51.243  2763  7960 I ActivityManager: Flag disabled. Ignoring finishAttachApplication from uid: 1001000. pid: 29810
03-02 07:19:51.301  2763  3739 D ActivityManager: freezing 22831 android.process.acore, reason = oom_cached
03-02 07:19:51.392  2763  5018 W ActivityManager: pid 2763 system sent binder code 15 with flags 0 to frozen apps and got error -74
03-02 07:19:51.393  2763  5018 W ActivityManager: pid 21024 com.motorola.motocare sent binder code 1 with flags 2 to frozen apps and got error -74
03-02 07:19:51.393  2763  5018 D ActivityManager: Too many transaction errors, throttling freezer binder callback.
03-02 07:19:51.435  2763  3976 D AppWidgetServiceImpl: Trying to notify widget update for package com.motorola.timeweatherwidget with widget id: 2
03-02 07:19:53.187  2763  3195 D addPss  : tracker=ProcessState{4d4b38f com.motorola.freeform/10291 pkg=com.motorola.freeform}
03-02 07:19:53.255  2763  3197 I ActivityManager: Start proc 29847:com.inmobi.weather/u0a352 for service {com.inmobi.weather/androidx.work.impl.background.systemjob.SystemJobService}
03-02 07:19:53.256  2763  3197 I ActivityManager: ProcessObserver broadcast disabled
03-02 07:19:53.494   905   916 W Binder  : reply too large data on java level: InterfaceDescriptor = null, code = 1
03-02 07:19:53.557  2763  3990 D BackgroundInstallControlService: Package event received: 0
03-02 07:19:53.602  2763  3990 D BackgroundInstallControlService: Package event received: 0
03-02 07:19:53.763  2763  3990 D BackgroundInstallControlService: Package event received: 0
03-02 07:19:53.804  2763  7960 I ActivityManager: Flag disabled. Ignoring finishAttachApplication from uid: 10352. pid: 29847
03-02 07:19:53.847  2763  3990 D BackgroundInstallControlService: Package event received: 0
03-02 07:19:53.876  2763  5018 D CompatChangeReporter: Compat change id reported: 311402873; UID 10352; state: ENABLED
03-02 07:19:53.876  2763  5018 D CompatChangeReporter: Compat change id reported: 323349338; UID 10352; state: ENABLED
03-02 07:19:53.911  2763  5018 D CompatChangeReporter: Compat change id reported: 311208629; UID 10352; state: ENABLED
03-02 07:19:53.924  2763  5018 D CompatChangeReporter: Compat change id reported: 319212206; UID 10352; state: ENABLED
03-02 07:19:53.994  2763  7960 D CompatChangeReporter: Compat change id reported: 297989574; UID 10352; state: ENABLED
03-02 07:19:54.192  2763  3195 D addPss  : tracker=ProcessState{b449cb3 com.google.android.apps.wellbeing/10226 pkg=com.google.android.apps.wellbeing}
03-02 07:19:55.624  2763  3682 W ContextImpl: Calling a method in the system process without a qualified user: android.app.ContextImpl.sendBroadcastMultiplePermissions:1328 android.content.Context.sendBroadcastMultiplePermissions:2583 com.android.server.TelephonyRegistry.broadcastServiceStateChanged:4225 com.android.server.TelephonyRegistry.notifyServiceStateForPhoneId:1855 com.android.internal.telephony.ITelephonyRegistry$Stub.onTransact:629 
03-02 07:19:55.627  2763  3682 W ContextImpl: Calling a method in the system process without a qualified user: android.app.ContextImpl.sendBroadcastMultiplePermissions:1361 com.android.server.TelephonyRegistry.broadcastServiceStateChanged:4230 com.android.server.TelephonyRegistry.notifyServiceStateForPhoneId:1855 com.android.internal.telephony.ITelephonyRegistry$Stub.onTransact:629 android.os.Binder.execTransactInternal:1447 
03-02 07:19:55.629  2763  3682 W ContextImpl: Calling a method in the system process without a qualified user: android.app.ContextImpl.sendBroadcastMultiplePermissions:1361 com.android.server.TelephonyRegistry.broadcastServiceStateChanged:4239 com.android.server.TelephonyRegistry.notifyServiceStateForPhoneId:1855 com.android.internal.telephony.ITelephonyRegistry$Stub.onTransact:629 android.os.Binder.execTransactInternal:1447 
03-02 07:19:55.631  2763  3682 W ContextImpl: Calling a method in the system process without a qualified user: android.app.ContextImpl.sendBroadcastMultiplePermissions:1361 com.android.server.TelephonyRegistry.broadcastServiceStateChanged:4245 com.android.server.TelephonyRegistry.notifyServiceStateForPhoneId:1855 com.android.internal.telephony.ITelephonyRegistry$Stub.onTransact:629 android.os.Binder.execTransactInternal:1447 
03-02 07:19:55.633  2763  3196 D ActivityManager: unfreezing ProcessRecord{d2528c 29734:com.google.android.cellbroadcastreceiver/u0a343}, reason = unfreezeTemporarily, adj = 920, adjType = cch-empty, adjSource = null
03-02 07:19:55.634  2763  3196 D ActivityManager: sync unfroze 29734 com.google.android.cellbroadcastreceiver for 3
03-02 07:19:56.521   905  1673 W Binder  : reply too large data on java level: InterfaceDescriptor = null, code = 1
03-02 07:19:57.574  2763  3196 D CompatChangeReporter: Compat change id reported: 151861875; UID 10468; state: ENABLED
03-02 07:19:57.576  2763  3197 W MotoBatteryCareService: isBatteryCareAllowedSelfStart restricted by mode.
03-02 07:19:57.599  2763  3197 I ActivityManager: Start proc 29996:com.divum.MoneyControl/u0a468 for broadcast {com.divum.MoneyControl/com.google.firebase.iid.FirebaseInstanceIdReceiver}
03-02 07:19:57.599  2763  3197 I ActivityManager: ProcessObserver broadcast disabled
03-02 07:19:58.073  2763  3990 D BackgroundInstallControlService: Package event received: 0
03-02 07:19:58.100  2763  4984 D CompatChangeReporter: Compat change id reported: 161145287; UID 10216; state: ENABLED
03-02 07:19:58.131  2763  4984 D CompatChangeReporter: Compat change id reported: 261072174; UID 10216; state: ENABLED
03-02 07:19:58.377  2763  7960 D ActivityManager: unfreezing ProcessRecord{297a0f7 22003:com.facebook.katana/u0a349}, reason = oom_uncached, adj = 0, adjType = provider, adjSource = ProcessRecord{f393e96 29996:com.divum.MoneyControl/u0a468}
03-02 07:19:58.380  2763  7960 D ActivityManager: sync unfroze 22003 com.facebook.katana for 7
03-02 07:19:58.381  2763  7960 D ActivityManager: unfreezing ProcessRecord{be89e2f 22428:com.facebook.services:iab_sandboxed_process:com.facebook.oxygen.services.helium.trampoline.HeliumSandboxedService:0/u0a349i890}, reason = oom_uncached, adj = 100, adjType = service, adjSource = ProcessRecord{297a0f7 22003:com.facebook.katana/u0a349}
03-02 07:19:58.382  2763  7960 D ActivityManager: sync unfroze 22428 com.facebook.services:iab_sandboxed_process:com.facebook.oxygen.services.helium.trampoline.HeliumSandboxedService:0 for 7
03-02 07:19:58.541  2763  7960 D CompatChangeReporter: Compat change id reported: 311402873; UID 10468; state: ENABLED
03-02 07:19:58.541  2763  7960 D CompatChangeReporter: Compat change id reported: 323349338; UID 10468; state: ENABLED
03-02 07:19:58.560  2763  3682 I ActivityManager: appDiedLocked: app=ProcessRecord{925006 29582:com.motorola.freeform/u0a291} thread=android.os.BinderProxy@36a45fe fromBinderDied=true isKilledByAm=false reason=null
03-02 07:19:58.560  2763  3682 I ActivityManager: Process com.motorola.freeform (pid 29582) has died: cch+20 CEM 
03-02 07:19:58.561  2763  3682 D RestartModeController: markWaitRestartAppIsSuicided null processName=com.motorola.freeform
03-02 07:19:58.561  2763  3682 D ActivityTaskManager: handleAppDied: uid=10291,diedCount=1,lastDiedTime=647215298,forceStopUids=false
03-02 07:19:58.647  2763  3682 D CompatChangeReporter: Compat change id reported: 297989574; UID 10468; state: ENABLED
03-02 07:19:58.760  2763  3682 D CompatChangeReporter: Compat change id reported: 319212206; UID 10468; state: ENABLED
03-02 07:19:58.811  2763  7960 I ActivityManager: Flag disabled. Ignoring finishAttachApplication from uid: 10468. pid: 29996
03-02 07:19:58.894 29996 30070 V ResourcesManager: The following library key has been added:com.google.android.webview, ResourcesKey{ mHash=6ce3b4ff mResDir=null mSplitDirs=[] mOverlayDirs=[] mLibDirs=[/data/app/~~-DqOEOPj57EzrRZDJVqi0A==/com.google.android.webview-jLvOutKjEtnr5cjj5YdrAw==/base.apk,/system/framework/android.test.base.jar] mDisplayId=0 mOverrideConfig=v36 mCompatInfo={450dpi always-compat} mLoaders=[]}
03-02 07:19:59.041  2763  5082 W ActivityManager: Background start not allowed: service Intent { xflg=0x4 cmp=com.facebook.katana/com.facebook.mqtt.service.MqttServiceV2 (has extras) } to com.facebook.katana/com.facebook.mqtt.service.MqttServiceV2 from pid=22003 uid=10349 pkg=com.facebook.katana startFg?=false
03-02 07:19:59.074  2763  3990 D BackgroundInstallControlService: Package event received: 0
03-02 07:19:59.148 29996 29996 I DisplayManager: Implicitly registering for refresh rate
03-02 07:19:59.163  2763  3197 I ActivityManager: Start proc 30152:com.google.android.webview:sandboxed_process0:org.chromium.content.app.SandboxedProcessService0:0/u0i894 for  {com.divum.MoneyControl/org.chromium.content.app.SandboxedProcessService0:0}
03-02 07:19:59.163  2763  3197 I ActivityManager: ProcessObserver broadcast disabled
03-02 07:19:59.222  2763  5082 I ActivityManager: Flag disabled. Ignoring finishAttachApplication from uid: 99894. pid: 30152
03-02 07:19:59.310  2763  2763 W DevicePolicyManager: Enabled package neither permitted nor system: com.noisefit
03-02 07:19:59.310  2763  2763 W DevicePolicyManager: Enabled package neither permitted nor system: com.noisefit
03-02 07:19:59.310  2763  2763 W DevicePolicyManager: Enabled package neither permitted nor system: com.noisefit
03-02 07:19:59.310  2763  2763 W DevicePolicyManager: Enabled package neither permitted nor system: com.noisefit
03-02 07:19:59.310  2763  2763 W DevicePolicyManager: Enabled package neither permitted nor system: com.noisefit
03-02 07:19:59.311  2763  2763 W DevicePolicyManager: Enabled package neither permitted nor system: com.noisefit
03-02 07:19:59.311  2763  2763 W DevicePolicyManager: Enabled package neither permitted nor system: com.noisefit
03-02 07:19:59.311  2763  2763 W DevicePolicyManager: Enabled package neither permitted nor system: com.noisefit
03-02 07:19:59.311  2763  2763 W DevicePolicyManager: Enabled package neither permitted nor system: com.noisefit
03-02 07:19:59.311  2763  2763 W DevicePolicyManager: Enabled package neither permitted nor system: com.noisefit
03-02 07:19:59.311  2763  2763 W DevicePolicyManager: Enabled package neither permitted nor system: com.noisefit
03-02 07:19:59.311  2763  2763 W DevicePolicyManager: Enabled package neither permitted nor system: com.noisefit
03-02 07:19:59.311  2763  2763 W DevicePolicyManager: Enabled package neither permitted nor system: com.noisefit
03-02 07:19:59.311  2763  2763 W DevicePolicyManager: Enabled package neither permitted nor system: com.noisefit
03-02 07:19:59.311  2763  2763 W DevicePolicyManager: Enabled package neither permitted nor system: com.noisefit
03-02 07:19:59.311  2763  2763 W DevicePolicyManager: Enabled package neither permitted nor system: com.noisefit
03-02 07:19:59.311  2763  2763 W DevicePolicyManager: Enabled package neither permitted nor system: com.noisefit
03-02 07:19:59.311  2763  2763 W DevicePolicyManager: Enabled package neither permitted nor system: com.noisefit
03-02 07:19:59.311  2763  2763 W DevicePolicyManager: Enabled package neither permitted nor system: com.noisefit
03-02 07:19:59.315  2763  3990 D BackgroundInstallControlService: Package event received: 0
03-02 07:19:59.316  2763  2763 W NotificationHistory: Attempted to add notif for locked/gone/disabled user 0
03-02 07:19:59.420  2763  3990 D BackgroundInstallControlService: Package event received: 0
03-02 07:19:59.466  2763  5082 D ActivityManager: unfreezing ProcessRecord{ccf3e75 28807:com.google.android.adservices.api/u0a339}, reason = oom_uncached, adj = 0, adjType = exec-service, adjSource = null
03-02 07:19:59.466  2763  5082 D ActivityManager: sync unfroze 28807 com.google.android.adservices.api for 6
03-02 07:19:59.505  2763  3990 D BackgroundInstallControlService: Package event received: 0
03-02 07:19:59.661  2763  3990 D BackgroundInstallControlService: Package event received: 0
03-02 07:19:59.675  2763  4984 D CoreBackPreview: Window{d60c1f8 u0 NotificationShade}: Setting back callback OnBackInvokedCallbackInfo{mCallback=android.window.IOnBackInvokedCallback$Stub$Proxy@ed9a494, mPriority=0, mIsAnimationCallback=false, mOverrideBehavior=0}
03-02 07:19:59.732  2763  5082 I AS.FadeOutManager: unfadeOutUid() uid:10316
03-02 07:19:59.776  2763  3195 W UserManagerService: onShortcutChanged for another profile 0 from 10
03-02 07:19:59.795  2763  3681 I ActivityManager: appDiedLocked: app=ProcessRecord{20e8646 29565:com.google.android.apps.wellbeing/u0a226} thread=android.os.BinderProxy@1935f30 fromBinderDied=true isKilledByAm=false reason=null
03-02 07:19:59.795  2763  3681 I ActivityManager: Process com.google.android.apps.wellbeing (pid 29565) has died: cch+20 CEM 
03-02 07:19:59.796  2763  3681 D RestartModeController: markWaitRestartAppIsSuicided null processName=com.google.android.apps.wellbeing
03-02 07:19:59.797  2763  3681 D ActivityTaskManager: handleAppDied: uid=10226,diedCount=1,lastDiedTime=647235510,forceStopUids=false
03-02 07:19:59.853  2763  3195 W NotificationHistory: Attempted to remove conversation for locked/gone/disabled user 0
03-02 07:19:59.960  2763  3195 W UserManagerService: onShortcutChanged for another profile 0 from 10
03-02 07:20:00.070  2763  2763 W DevicePolicyManager: Enabled package neither permitted nor system: com.noisefit
03-02 07:20:00.070  2763  2763 W DevicePolicyManager: Enabled package neither permitted nor system: com.noisefit
03-02 07:20:00.070  2763  2763 W DevicePolicyManager: Enabled package neither permitted nor system: com.noisefit
03-02 07:20:00.070  2763  2763 W DevicePolicyManager: Enabled package neither permitted nor system: com.noisefit
03-02 07:20:00.070  2763  2763 W DevicePolicyManager: Enabled package neither permitted nor system: com.noisefit
03-02 07:20:00.070  2763  2763 W DevicePolicyManager: Enabled package neither permitted nor system: com.noisefit
03-02 07:20:00.070  2763  2763 W DevicePolicyManager: Enabled package neither permitted nor system: com.noisefit
03-02 07:20:00.070  2763  2763 W DevicePolicyManager: Enabled package neither permitted nor system: com.noisefit
03-02 07:20:00.070  2763  2763 W DevicePolicyManager: Enabled package neither permitted nor system: com.noisefit
03-02 07:20:00.070  2763  2763 W DevicePolicyManager: Enabled package neither permitted nor system: com.noisefit
03-02 07:20:00.070  2763  2763 W DevicePolicyManager: Enabled package neither permitted nor system: com.noisefit
03-02 07:20:00.070  2763  2763 W DevicePolicyManager: Enabled package neither permitted nor system: com.noisefit
03-02 07:20:00.070  2763  2763 W DevicePolicyManager: Enabled package neither permitted nor system: com.noisefit
03-02 07:20:00.070  2763  2763 W DevicePolicyManager: Enabled package neither permitted nor system: com.noisefit
03-02 07:20:00.070  2763  2763 W DevicePolicyManager: Enabled package neither permitted nor system: com.noisefit
03-02 07:20:00.070  2763  2763 W DevicePolicyManager: Enabled package neither permitted nor system: com.noisefit
03-02 07:20:00.070  2763  2763 W DevicePolicyManager: Enabled package neither permitted nor system: com.noisefit
03-02 07:20:00.070  2763  2763 W DevicePolicyManager: Enabled package neither permitted nor system: com.noisefit
03-02 07:20:00.071  2763  2763 W DevicePolicyManager: Enabled package neither permitted nor system: com.noisefit
03-02 07:20:00.071  2763  3990 D BackgroundInstallControlService: Package event received: 0
03-02 07:20:00.071  2763  2763 W NotificationHistory: Attempted to add notif for locked/gone/disabled user 0
03-02 07:20:00.233  2763  5081 I WindowManager: finishDrawing of orientation change: Window{d60c1f8 u0 NotificationShade} 269ms
03-02 07:20:00.312  2763  5082 D SystemServerTiming: getUserSwitchability-0
03-02 07:20:00.312  2763  5082 D SystemServerTiming: TM.isInCall
03-02 07:20:00.312  2763  5082 D SystemServerTiming: hasUserRestriction-DISALLOW_USER_SWITCH
03-02 07:20:00.312  2763  5082 D SystemServerTiming: getInt-ALLOW_USER_SWITCHING_WHEN_SYSTEM_USER_LOCKED
03-02 07:20:00.312  2763  5082 D SystemServerTiming: isUserUnlocked-USER_SYSTEM
03-02 07:20:00.336  2763  5081 D SystemServerTiming: getUserSwitchability-0
03-02 07:20:00.336  2763  5081 D SystemServerTiming: TM.isInCall
03-02 07:20:00.336  2763  5081 D SystemServerTiming: hasUserRestriction-DISALLOW_USER_SWITCH
03-02 07:20:00.336  2763  5081 D SystemServerTiming: getInt-ALLOW_USER_SWITCHING_WHEN_SYSTEM_USER_LOCKED
03-02 07:20:00.337  2763  5081 D SystemServerTiming: isUserUnlocked-USER_SYSTEM
03-02 07:20:00.397  2763  3990 D BackgroundInstallControlService: Package event received: 0
03-02 07:20:00.587  2763  5081 E AppOps  : attributionTag  not declared in manifest of com.android.systemui
03-02 07:20:00.588  2763  4984 E AppOps  : attributionTag  not declared in manifest of com.android.systemui
03-02 07:20:00.792  2763  5081 E AppOps  : attributionTag  not declared in manifest of com.android.systemui
03-02 07:20:00.793  2763  5081 E AppOps  : attributionTag  not declared in manifest of com.android.systemui
03-02 07:20:00.793  2763  5082 E AppOps  : attributionTag  not declared in manifest of com.android.systemui
03-02 07:20:00.793  2763  5082 E AppOps  : attributionTag  not declared in manifest of com.android.systemui
03-02 07:20:00.958  2763  3739 D ActivityManager: freezing 3260 com.android.settings, reason = oom_cached
03-02 07:20:00.960  2763  3739 D ActivityManager: freezing 27160 com.motorola.coresettingsext, reason = oom_cached
03-02 07:20:00.961  2763  3739 D ActivityManager: freezing 27599 com.motorola.msimsettings, reason = oom_cached
03-02 07:20:00.962  2763  3739 D ActivityManager: freezing 27573 com.motorola.coresettingsext, reason = oom_cached
03-02 07:20:00.963  2763  3739 D ActivityManager: freezing 27538 com.android.phone, reason = oom_cached
03-02 07:20:01.053  2763  5082 E AppOps  : attributionTag  not declared in manifest of com.android.systemui
03-02 07:20:01.054  2763  4984 E AppOps  : attributionTag  not declared in manifest of com.android.systemui
03-02 07:20:01.100  2763  3739 D ActivityManager: freezing 29796 com.google.android.apps.turbo, reason = oom_cached
03-02 07:20:01.248  2763  3739 D ActivityManager: freezing 29810 com.android.settings, reason = oom_cached
03-02 07:20:01.705  2763  3990 D BackgroundInstallControlService: Package event received: 0
03-02 07:20:01.715  2763  3990 D BackgroundInstallControlService: Package event received: 0
03-02 07:20:01.728  2763  3197 I ActivityManager: Start proc 30227:com.google.android.webview:webview_service/u0a252 for service {com.google.android.webview/org.chromium.android_webview.services.VariationsSeedServer}
03-02 07:20:01.730  2763  3197 I ActivityManager: ProcessObserver broadcast disabled
03-02 07:20:01.814  2763  3990 D BackgroundInstallControlService: Package event received: 0
03-02 07:20:01.833  2763  3681 I ActivityManager: Flag disabled. Ignoring finishAttachApplication from uid: 10252. pid: 30227
03-02 07:20:02.107  2763  3681 E AppOps  : attributionTag  not declared in manifest of com.android.systemui
03-02 07:20:02.107  2763  3681 E AppOps  : attributionTag  not declared in manifest of com.android.systemui
03-02 07:20:02.107  2763  5081 E AppOps  : attributionTag  not declared in manifest of com.android.systemui
03-02 07:20:02.108  2763  5081 E AppOps  : attributionTag  not declared in manifest of com.android.systemui
03-02 07:20:02.537   905   916 W Binder  : reply too large data on java level: InterfaceDescriptor = null, code = 1
03-02 07:20:03.921  2763  3739 D ActivityManager: freezing 29847 com.inmobi.weather, reason = oom_cached
03-02 07:20:05.569   905   916 W Binder  : reply too large data on java level: InterfaceDescriptor = null, code = 1
03-02 07:20:05.665  2763  3739 D ActivityManager: freezing 29734 com.google.android.cellbroadcastreceiver, reason = oom_cached
03-02 07:20:06.878  2763  3681 D CoreBackPreview: Window{d60c1f8 u0 NotificationShade}: Setting back callback null
03-02 07:20:08.593   905   917 W Binder  : reply too large data on java level: InterfaceDescriptor = null, code = 1
03-02 07:20:09.093  2763  3739 D ActivityManager: freezing 22003 com.facebook.katana, reason = oom_cached
03-02 07:20:09.098  2763  3739 D ActivityManager: freezing 22428 com.facebook.services:iab_sandboxed_process:com.facebook.oxygen.services.helium.trampoline.HeliumSandboxedService:0, reason = oom_cached
03-02 07:20:09.098  2763  3739 D ActivityManager: freezing 29996 com.divum.MoneyControl, reason = oom_cached
03-02 07:20:10.343  2763  3739 D ActivityManager: freezing 30152 com.google.android.webview:sandboxed_process0:org.chromium.content.app.SandboxedProcessService0:0, reason = oom_cached
03-02 07:20:10.344  2763  3739 D ActivityManager: freezing 28807 com.google.android.adservices.api, reason = oom_cached
03-02 07:20:11.867  2763  3739 D ActivityManager: freezing 30227 com.google.android.webview:webview_service, reason = oom_cached
03-02 07:20:14.826  2763  3739 D ActivityManager: freezing 19316 com.google.android.apps.playconsole, reason = oom_cached
03-02 07:20:17.656   905   917 W Binder  : reply too large data on java level: InterfaceDescriptor = null, code = 1
03-02 07:20:20.150  2763  3245 V DisplayPowerController[0]: Brightness [0.026506964] reason changing to: 'automatic [ dim ]', previous reason: 'automatic'.
03-02 07:20:20.151  2763  3245 I DisplayPowerController[0]: 03-02 07:20:20.150 - BrightnessEvent: brt=0.026506964 (3.0%), nits= 4.289282, lux=139.99501, reason=automatic [ dim ], strat=AutomaticBrightnessStrategy, state=ON, stateReason=KEY, policy=DIM, flags=, initBrt=0.36780992, rcmdBrt=0.36780992, preBrt=0.42216483, preLux=304.90085, hdrNits=NaN, initNits=86.16496, preNits=114.398056, rcmdNits=86.16496, sdrToHdrRatio=NaN, hdrBrightness=NaN, brt(%)=3%, brtInt=8, hbmPolicy=normal, wasShortTermModelActive=false, autoBrightness=true (default), unclampedBrt=0.36780992, hbmMax=0.86654115, hbmMode=off, thrmMax=1.0, rbcStrength=50, powerFactor=1.0, physDisp=Built-in Screen(local:4630946747577212034), logicalId=0, slowChange=false, rampSpeed=0.70472443
03-02 07:20:20.156  2763  3168 D DisplayModeDirector: Display[0] brightness 0.026506964, ambient lux 131.89604, Vote CombinedVote{ mVotes=[PhysicalVote{ RefreshRateVote{  mMinRefreshRate=90.0, mMaxRefreshRate=90.0 } }, DisableRefreshRateSwitchingVote{ mDisableRefreshRateSwitching=true }] }, insideLowZone true, insideHighZone false
03-02 07:20:20.157  2763  3168 I BrightnessSynchronizer: New Update: {[44954] 0.36780992(f), mUpdatedTypes=0, mConfirmedTypes=0, mTimeUpdated=0, mState=2}
03-02 07:20:20.170  2763  3168 I DisplayDeviceRepository: Display device changed render timings: "Built-in Screen", renderFrameRate=60.000004, presentationDeadlineNanos=11500000, appVsyncOffsetNanos=9166666, frameRateOverrides=[{uid=10224 frameRateHz=45.0}]
03-02 07:20:20.202  2763  3168 I DisplayDeviceRepository: Display device changed render timings: "Built-in Screen", renderFrameRate=90.0, presentationDeadlineNanos=11500000, appVsyncOffsetNanos=9166667, frameRateOverrides=[{uid=10224 frameRateHz=45.0}]
03-02 07:20:20.204  2763  3166 D WindowManager: DeferredDisplayUpdater: partially applying DisplayInfo(1220 x 2712) immediately
03-02 07:20:20.655  2763  3168 I BrightnessSynchronizer: New Update: {[44955] 0.36780992(f), mUpdatedTypes=0, mConfirmedTypes=0, mTimeUpdated=0, mState=2}
03-02 07:20:21.519  2763  3197 W MotoBatteryCareService: isBatteryCareAllowedSelfStart restricted by mode.
03-02 07:20:21.544  2763  3197 I ActivityManager: Start proc 30281:org.zwanoo.android.speedtest/u0a394 for broadcast {org.zwanoo.android.speedtest/com.google.firebase.iid.FirebaseInstanceIdReceiver}
03-02 07:20:21.544  2763  3197 I ActivityManager: ProcessObserver broadcast disabled
03-02 07:20:21.598  2763  3195 W ActivityManager: Rescheduling restart of crashed service com.google.android.apps.messaging/com.google.android.ims.binding.SystemBindingService in 13588615ms for mem-pressure-event
03-02 07:20:21.979  2763  3990 D BackgroundInstallControlService: Package event received: 0
03-02 07:20:22.056  2763  3990 D BackgroundInstallControlService: Package event received: 0
03-02 07:20:22.102  2763  7961 I ActivityManager: Flag disabled. Ignoring finishAttachApplication from uid: 10394. pid: 30281
03-02 07:20:22.143  2763  3990 D BackgroundInstallControlService: Package event received: 0
03-02 07:20:22.148  2763  4984 I ActivityManager: Killing 28212:com.android.chrome/u10a235 (adj 920, setSvc -10000): empty #31
03-02 07:20:22.191  2763  7961 I ActivityManager: appDiedLocked: app=ProcessRecord{c24fd15 28212:com.android.chrome/u10a235} thread=android.os.BinderProxy@f260a8b fromBinderDied=true isKilledByAm=true reason=null
03-02 07:20:22.192  2763  7961 D RestartModeController: markWaitRestartAppIsSuicided null processName=com.android.chrome
03-02 07:20:22.193  2763  7961 D ActivityTaskManager: handleAppDied: uid=1010235,diedCount=1,lastDiedTime=645989470,forceStopUids=false
03-02 07:20:22.429  2763  7961 D CompatChangeReporter: Compat change id reported: 319212206; UID 10394; state: ENABLED
03-02 07:20:23.715   905   918 W Binder  : reply too large data on java level: InterfaceDescriptor = null, code = 1
03-02 07:20:25.434  2763  3739 D ActivityManager: freezing 28259 com.android.vending:background, reason = oom_cached
03-02 07:20:27.145  2763  3245 I PowerGroup: Powering off display group due to timeout (groupId= 0, uid= 1000, millisSinceLastUserActivity=60000, lastUserActivityEvent=touch)...
03-02 07:20:27.146  2763  2763 I WindowManager: Started going to sleep... (groupId=0 why=OFF_BECAUSE_OF_TIMEOUT) notifySleepToKeyguard=true lidState=-1 pmSleepReason=timeout
03-02 07:20:27.146  2763  2763 D BiometricUtils: isEncrypted: false isLockdown: false
03-02 07:20:27.147  2763  3245 I PowerManagerService: Going to sleep due to timeout (uid 1000, screenOffTimeout=60000, activityTimeoutWM=-1, maxDimRatio=0.20000005, maxDimDur=7000)...
03-02 07:20:27.147  2763  2763 D WindowManager: applyUdfpsZeroTapConditions udfpsStateChanged=false isKeyguardAuthState=false isUdfpsActivated=true isAmbientDisplayAvailable=1 isDozeEnabled=true enable=true
03-02 07:20:27.148  2763  2763 D TouchHwAidlService: enableTapWake mode=17 displayId=-1 mGestureStowMode=true
03-02 07:20:27.151  2763  2763 D TouchHwAidlService: setGestureModeHal done mode=17 newMode=17 result=0
03-02 07:20:27.151  2763  3164 D TouchHwAidlService: Unregister stow sensor
03-02 07:20:27.157  2763  3164 D TouchHwAidlService: enableGestureStowMode stowed: false
03-02 07:20:27.159  2763  3164 D TouchHwAidlService: setStowGestureMode stowed=false ret=0
03-02 07:20:27.159  2763  3168 D PanelsService: onAwakeStateChanged.. isAwake=false
03-02 07:20:27.159  2763  3168 D TouchHwAidlService: onAwakeStateChanged.. isAwake=false
03-02 07:20:27.165  2763  3990 D BackgroundInstallControlService: Package event received: 0
03-02 07:20:27.166  2763  3990 D BackgroundInstallControlService: Package event received: 0
03-02 07:20:27.168  2763  3168 D TouchHwAidlService: Register stow sensor:true
03-02 07:20:27.172  2763  3990 D BackgroundInstallControlService: Package event received: 0
03-02 07:20:27.176  2763  3195 D addPss  : tracker=ProcessState{a722227 com.motorola.personalize/10306 pkg=com.motorola.personalize}
03-02 07:20:27.179  2763  3195 D addPss  : tracker=ProcessState{35a8fce com.google.android.webview:webview_service/10252 pkg=com.google.android.webview}
